             VMA              LMA     Size Align Out     In      Symbol
             2a8              2a8       1c     1 .interp
             2a8              2a8       1c     1         <internal>:(.interp)
             2c4              2c4       20     4 .note.ABI-tag
             2c4              2c4       20     4         /lib/x86_64-linux-gnu/Scrt1.o:(.note.ABI-tag)
             2c4              2c4       20     1                 __abi_tag
             2e4              2e4       18     4 .note.gnu.build-id
             2e4              2e4       18     4         <internal>:(.note.gnu.build-id)
             300              300       90     8 .dynsym
             300              300       90     8         <internal>:(.dynsym)
             390              390        c     2 .gnu.version
             390              390        c     2         <internal>:(.gnu.version)
             39c              39c       30     4 .gnu.version_r
             39c              39c       30     4         <internal>:(.gnu.version_r)
             3d0              3d0       1c     8 .gnu.hash
             3d0              3d0       1c     8         <internal>:(.gnu.hash)
             3ec              3ec       88     1 .dynstr
             3ec              3ec       88     1         <internal>:(.dynstr)
             478              478       c0     8 .rela.dyn
             478              478       c0     8         <internal>:(.rela.dyn)
             538              538       18     8 .rela.plt
             538              538       18     8         <internal>:(.rela.plt)
             550              550        4     4 .rodata
             550              550        4     4         <internal>:(.rodata.cst4)
             554              554       24     4 .eh_frame_hdr
             554              554       24     4         <internal>:(.eh_frame_hdr)
             578              578       70     8 .eh_frame
             578              578       2c     1         /lib/x86_64-linux-gnu/Scrt1.o:(.eh_frame+0x0)
             5a4              5a4       40     1         CMakeFiles/hdr.dir/main.c.o:(.eh_frame+0x18)
            15f0             15f0      136    16 .text
            15f0             15f0       26    16         /lib/x86_64-linux-gnu/Scrt1.o:(.text)
            15f0             15f0       26     1                 _start
            1616             1616        0     1         /lib/x86_64-linux-gnu/crti.o:(.text)
            1620             1620       b9    16         /usr/bin/../lib/gcc/x86_64-linux-gnu/13/crtbeginS.o:(.text)
            1620             1620        0     1                 deregister_tm_clones
            1650             1650        0     1                 register_tm_clones
            1690             1690        0     1                 __do_global_dtors_aux
            16d0             16d0        0     1                 frame_dummy
            16e0             16e0       46    16         CMakeFiles/hdr.dir/main.c.o:(.text)
            16e0             16e0       1f     1                 main
            1700             1700       26     1                 clamp_low
            1726             1726        0     1         /usr/bin/../lib/gcc/x86_64-linux-gnu/13/crtendS.o:(.text)
            1726             1726        0     1         /lib/x86_64-linux-gnu/crtn.o:(.text)
            1728             1728       1b     4 .init
            1728             1728       16     4         /lib/x86_64-linux-gnu/crti.o:(.init)
            1728             1728        0     1                 _init
            173e             173e        5     1         /lib/x86_64-linux-gnu/crtn.o:(.init)
            1744             1744        d     4 .fini
            1744             1744        8     4         /lib/x86_64-linux-gnu/crti.o:(.fini)
            1744             1744        0     1                 _fini
            174c             174c        5     1         /lib/x86_64-linux-gnu/crtn.o:(.fini)
            1760             1760       20    16 .plt
            1760             1760       20    16         <internal>:(.plt)
            2780             2780        8     8 .fini_array
            2780             2780        8     8         /usr/bin/../lib/gcc/x86_64-linux-gnu/13/crtbeginS.o:(.fini_array)
            2780             2780        0     1                 __do_global_dtors_aux_fini_array_entry
            2788             2788        8     8 .init_array
            2788             2788        8     8         /usr/bin/../lib/gcc/x86_64-linux-gnu/13/crtbeginS.o:(.init_array)
            2788             2788        0     1                 __frame_dummy_init_array_entry
            2790             2790      1a0     8 .dynamic
            2790             2790      1a0     8         <internal>:(.dynamic)
            2930             2930       28     8 .got
            2930             2930       28     8         <internal>:(.got)
            2958             2958      6a8     1 .relro_padding
            2958             2958        0     1         <internal>:(.relro_padding)
            3958             3958       10     8 .data
            3958             3958        4     1         /lib/x86_64-linux-gnu/Scrt1.o:(.data)
            3958             3958        0     1                 data_start
            3958             3958        0     1                 __data_start
            395c             395c        0     1         /lib/x86_64-linux-gnu/crti.o:(.data)
            395c             395c        0     1         /usr/bin/../lib/gcc/x86_64-linux-gnu/13/crtbeginS.o:(.data)
            3960             3960        8     8         /usr/bin/../lib/gcc/x86_64-linux-gnu/13/crtbeginS.o:(.data.rel.local)
            3960             3960        0     1                 __dso_handle
            3968             3968        0     1         /usr/bin/../lib/gcc/x86_64-linux-gnu/13/crtendS.o:(.data)
            3968             3968        0     1         /lib/x86_64-linux-gnu/crtn.o:(.data)
            3968             3968        0     8 .tm_clone_table
            3968             3968        0     8         /usr/bin/../lib/gcc/x86_64-linux-gnu/13/crtbeginS.o:(.tm_clone_table)
            3968             3968        0     1                 __TMC_LIST__
            3968             3968        0     8         /usr/bin/../lib/gcc/x86_64-linux-gnu/13/crtendS.o:(.tm_clone_table)
            3968             3968        0     1                 __TMC_END__
            3968             3968       20     8 .got.plt
            3968             3968       20     8         <internal>:(.got.plt)
            3988             3988        1     1 .bss
            3988             3988        0     1         /lib/x86_64-linux-gnu/Scrt1.o:(.bss)
            3988             3988        0     1         /lib/x86_64-linux-gnu/crti.o:(.bss)
            3988             3988        1     1         /usr/bin/../lib/gcc/x86_64-linux-gnu/13/crtbeginS.o:(.bss)
            3988             3988        1     1                 completed.0
            3989             3989        0     1         /usr/bin/../lib/gcc/x86_64-linux-gnu/13/crtendS.o:(.bss)
            3989             3989        0     1         /lib/x86_64-linux-gnu/crtn.o:(.bss)
               0                0       6f     1 .comment
               0                0       6f     1         <internal>:(.comment)
               0                0       5e     1 .debug_abbrev
               0                0       5e     1         CMakeFiles/hdr.dir/main.c.o:(.debug_abbrev)
               0                0       52     1 .debug_info
               0                0       52     1         CMakeFiles/hdr.dir/main.c.o:(.debug_info)
               0                0       24     1 .debug_str_offsets
               0                0       24     1         CMakeFiles/hdr.dir/main.c.o:(.debug_str_offsets)
               0                0       6b     1 .debug_str
               0                0       6b     1         <internal>:(.debug_str)
               0                0       18     1 .debug_addr
               0                0       18     1         CMakeFiles/hdr.dir/main.c.o:(.debug_addr)
               0                0       8e     1 .debug_line
               0                0       8e     1         CMakeFiles/hdr.dir/main.c.o:(.debug_line)
               0                0       59     1 .debug_line_str
               0                0       59     1         <internal>:(.debug_line_str)
               0                0      2e8     8 .symtab
               0                0      2e8     8         <internal>:(.symtab)
               0                0      187     1 .shstrtab
               0                0      187     1         <internal>:(.shstrtab)
               0                0      1c6     1 .strtab
               0                0      1c6     1         <internal>:(.strtab)
