             VMA              LMA     Size Align Out     In      Symbol
             2a8              2a8       1c     1 .interp
             2a8              2a8       1c     1         <internal>:(.interp)
             2c4              2c4       20     4 .note.ABI-tag
             2c4              2c4       20     4         /lib/x86_64-linux-gnu/Scrt1.o:(.note.ABI-tag)
             2c4              2c4       20     1                 __abi_tag
             2e4              2e4       18     4 .note.gnu.build-id
             2e4              2e4       18     4         <internal>:(.note.gnu.build-id)
             300              300       90     8 .dynsym
             300              300       90     8         <internal>:(.dynsym)
             390              390        c     2 .gnu.version
             390              390        c     2         <internal>:(.gnu.version)
             39c              39c       30     4 .gnu.version_r
             39c              39c       30     4         <internal>:(.gnu.version_r)
             3d0              3d0       1c     8 .gnu.hash
             3d0              3d0       1c     8         <internal>:(.gnu.hash)
             3ec              3ec       88     1 .dynstr
             3ec              3ec       88     1         <internal>:(.dynstr)
             478              478       c0     8 .rela.dyn
             478              478       c0     8         <internal>:(.rela.dyn)
             538              538       18     8 .rela.plt
             538              538       18     8         <internal>:(.rela.plt)
             550              550        4     4 .rodata
             550              550        4     4         <internal>:(.rodata.cst4)
             554              554       2c     4 .eh_frame_hdr
             554              554       2c     4         <internal>:(.eh_frame_hdr)
             580              580       90     8 .eh_frame
             580              580       2c     1         /lib/x86_64-linux-gnu/Scrt1.o:(.eh_frame+0x0)
             5ac              5ac       60     1         CMakeFiles/unity.dir/Unity/unity_0_c.c.o:(.eh_frame+0x18)
            1610             1610      13b    16 .text
            1610             1610       26    16         /lib/x86_64-linux-gnu/Scrt1.o:(.text)
            1610             1610       26     1                 _start
            1636             1636        0     1         /lib/x86_64-linux-gnu/crti.o:(.text)
            1640             1640       b9    16         /usr/bin/../lib/gcc/x86_64-linux-gnu/13/crtbeginS.o:(.text)
            1640             1640        0     1                 deregister_tm_clones
            1670             1670        0     1                 register_tm_clones
            16b0             16b0        0     1                 __do_global_dtors_aux
            16f0             16f0        0     1                 frame_dummy
            1700             1700       4b    16         CMakeFiles/unity.dir/Unity/unity_0_c.c.o:(.text)
            1700             1700       2c     1                 main
            1730             1730        b     1                 mod_a_value
            1740             1740        b     1                 mod_b_value
            174b             174b        0     1         /usr/bin/../lib/gcc/x86_64-linux-gnu/13/crtendS.o:(.text)
            174b             174b        0     1         /lib/x86_64-linux-gnu/crtn.o:(.text)
            174c             174c       1b     4 .init
            174c             174c       16     4         /lib/x86_64-linux-gnu/crti.o:(.init)
            174c             174c        0     1                 _init
            1762             1762        5     1         /lib/x86_64-linux-gnu/crtn.o:(.init)
            1768             1768        d     4 .fini
            1768             1768        8     4         /lib/x86_64-linux-gnu/crti.o:(.fini)
            1768             1768        0     1                 _fini
            1770             1770        5     1         /lib/x86_64-linux-gnu/crtn.o:(.fini)
            1780             1780       20    16 .plt
            1780             1780       20    16         <internal>:(.plt)
            27a0             27a0        8     8 .fini_array
            27a0             27a0        8     8         /usr/bin/../lib/gcc/x86_64-linux-gnu/13/crtbeginS.o:(.fini_array)
            27a0             27a0        0     1                 __do_global_dtors_aux_fini_array_entry
            27a8             27a8        8     8 .init_array
            27a8             27a8        8     8         /usr/bin/../lib/gcc/x86_64-linux-gnu/13/crtbeginS.o:(.init_array)
            27a8             27a8        0     1                 __frame_dummy_init_array_entry
            27b0             27b0      1a0     8 .dynamic
            27b0             27b0      1a0     8         <internal>:(.dynamic)
            2950             2950       28     8 .got
            2950             2950       28     8         <internal>:(.got)
            2978             2978      688     1 .relro_padding
            2978             2978        0     1         <internal>:(.relro_padding)
            3978             3978       10     8 .data
            3978             3978        4     1         /lib/x86_64-linux-gnu/Scrt1.o:(.data)
            3978             3978        0     1                 data_start
            3978             3978        0     1                 __data_start
            397c             397c        0     1         /lib/x86_64-linux-gnu/crti.o:(.data)
            397c             397c        0     1         /usr/bin/../lib/gcc/x86_64-linux-gnu/13/crtbeginS.o:(.data)
            3980             3980        8     8         /usr/bin/../lib/gcc/x86_64-linux-gnu/13/crtbeginS.o:(.data.rel.local)
            3980             3980        0     1                 __dso_handle
            3988             3988        0     1         /usr/bin/../lib/gcc/x86_64-linux-gnu/13/crtendS.o:(.data)
            3988             3988        0     1         /lib/x86_64-linux-gnu/crtn.o:(.data)
            3988             3988        0     8 .tm_clone_table
            3988             3988        0     8         /usr/bin/../lib/gcc/x86_64-linux-gnu/13/crtbeginS.o:(.tm_clone_table)
            3988             3988        0     1                 __TMC_LIST__
            3988             3988        0     8         /usr/bin/../lib/gcc/x86_64-linux-gnu/13/crtendS.o:(.tm_clone_table)
            3988             3988        0     1                 __TMC_END__
            3988             3988       20     8 .got.plt
            3988             3988       20     8         <internal>:(.got.plt)
            39a8             39a8        1     1 .bss
            39a8             39a8        0     1         /lib/x86_64-linux-gnu/Scrt1.o:(.bss)
            39a8             39a8        0     1         /lib/x86_64-linux-gnu/crti.o:(.bss)
            39a8             39a8        1     1         /usr/bin/../lib/gcc/x86_64-linux-gnu/13/crtbeginS.o:(.bss)
            39a8             39a8        1     1                 completed.0
            39a9             39a9        0     1         /usr/bin/../lib/gcc/x86_64-linux-gnu/13/crtendS.o:(.bss)
            39a9             39a9        0     1         /lib/x86_64-linux-gnu/crtn.o:(.bss)
               0                0       6f     1 .comment
               0                0       6f     1         <internal>:(.comment)
               0                0       3a     1 .debug_abbrev
               0                0       3a     1         CMakeFiles/unity.dir/Unity/unity_0_c.c.o:(.debug_abbrev)
               0                0       55     1 .debug_info
               0                0       55     1         CMakeFiles/unity.dir/Unity/unity_0_c.c.o:(.debug_info)
               0                0       24     1 .debug_str_offsets
               0                0       24     1         CMakeFiles/unity.dir/Unity/unity_0_c.c.o:(.debug_str_offsets)
               0                0       95     1 .debug_str
               0                0       95     1         <internal>:(.debug_str)
               0                0       20     1 .debug_addr
               0                0       20     1         CMakeFiles/unity.dir/Unity/unity_0_c.c.o:(.debug_addr)
               0                0       c3     1 .debug_line
               0                0       c3     1         CMakeFiles/unity.dir/Unity/unity_0_c.c.o:(.debug_line)
               0                0       75     1 .debug_line_str
               0                0       75     1         <internal>:(.debug_line_str)
               0                0      300     8 .symtab
               0                0      300     8         <internal>:(.symtab)
               0                0      187     1 .shstrtab
               0                0      187     1         <internal>:(.shstrtab)
               0                0      1d9     1 .strtab
               0                0      1d9     1         <internal>:(.strtab)
