
There are no discarded input sections

Memory Configuration

Name             Origin             Length             Attributes
*default*        0x00000000         0xffffffff

Linker script and memory map

LOAD CMakeFiles/pchapp.dir/main.c.obj
LOAD CMakeFiles/pchapp.dir/helper.c.obj
                [!provide]                        PROVIDE (__executable_start = SEGMENT_START ("text-segment", 0x8000))
                0x00008000                        . = SEGMENT_START ("text-segment", 0x8000)

.interp
 *(.interp)

.note.gnu.build-id
 *(.note.gnu.build-id)

.hash
 *(.hash)

.gnu.hash
 *(.gnu.hash)

.dynsym
 *(.dynsym)

.dynstr
 *(.dynstr)

.gnu.version
 *(.gnu.version)

.gnu.version_d
 *(.gnu.version_d)

.gnu.version_r
 *(.gnu.version_r)

.rel.dyn        0x00008000        0x0
 *(.rel.init)
 *(.rel.text .rel.text.* .rel.gnu.linkonce.t.*)
 *(.rel.fini)
 *(.rel.rodata .rel.rodata.* .rel.gnu.linkonce.r.*)
 *(.rel.data.rel.ro .rel.data.rel.ro.* .rel.gnu.linkonce.d.rel.ro.*)
 *(.rel.data .rel.data.* .rel.gnu.linkonce.d.*)
 *(.rel.tdata .rel.tdata.* .rel.gnu.linkonce.td.*)
 *(.rel.tbss .rel.tbss.* .rel.gnu.linkonce.tb.*)
 *(.rel.ctors)
 *(.rel.dtors)
 *(.rel.got)
 *(.rel.bss .rel.bss.* .rel.gnu.linkonce.b.*)
                [!provide]                        PROVIDE (__rel_iplt_start = .)
 *(.rel.iplt)
 .rel.iplt      0x00008000        0x0 CMakeFiles/pchapp.dir/main.c.obj
                [!provide]                        PROVIDE (__rel_iplt_end = .)

.rela.dyn       0x00008000        0x0
 *(.rela.init)
 *(.rela.text .rela.text.* .rela.gnu.linkonce.t.*)
 *(.rela.fini)
 *(.rela.rodata .rela.rodata.* .rela.gnu.linkonce.r.*)
 *(.rela.data .rela.data.* .rela.gnu.linkonce.d.*)
 *(.rela.tdata .rela.tdata.* .rela.gnu.linkonce.td.*)
 *(.rela.tbss .rela.tbss.* .rela.gnu.linkonce.tb.*)
 *(.rela.ctors)
 *(.rela.dtors)
 *(.rela.got)
 *(.rela.bss .rela.bss.* .rela.gnu.linkonce.b.*)
                [!provide]                        PROVIDE (__rela_iplt_start = .)
 *(.rela.iplt)
                [!provide]                        PROVIDE (__rela_iplt_end = .)

.rel.plt
 *(.rel.plt)

.rela.plt
 *(.rela.plt)

.init
 *(SORT_NONE(.init))

.plt
 *(.plt)

.iplt           0x00008000        0x0
 *(.iplt)
 .iplt          0x00008000        0x0 CMakeFiles/pchapp.dir/main.c.obj

.gnu.sgstubs
 *(.gnu.sgstubs*)

.text           0x00008000       0x2e
 *(.text.unlikely .text.*_unlikely .text.unlikely.*)
 *(.text.exit .text.exit.*)
 *(.text.startup .text.startup.*)
 *(.text.hot .text.hot.*)
 *(SORT_BY_NAME(.text.sorted.*))
 *(.text .stub .text.* .gnu.linkonce.t.*)
 .text          0x00008000       0x12 CMakeFiles/pchapp.dir/main.c.obj
                0x00008000                main
 .text          0x00008012       0x1c CMakeFiles/pchapp.dir/helper.c.obj
                0x00008020                helper_value
 *(.gnu.warning)
 *(.glue_7t)
 .glue_7t       0x0000802e        0x0 linker stubs
 *(.glue_7)
 .glue_7        0x0000802e        0x0 linker stubs
 *(.vfp11_veneer)
 .vfp11_veneer  0x0000802e        0x0 linker stubs
 *(.v4_bx)
 .v4_bx         0x0000802e        0x0 linker stubs

.fini
 *(SORT_NONE(.fini))
                [!provide]                        PROVIDE (__etext = .)
                [!provide]                        PROVIDE (_etext = .)
                [!provide]                        PROVIDE (etext = .)

.rodata
 *(.rodata .rodata.* .gnu.linkonce.r.*)

.rodata1
 *(.rodata1)

.ARM.extab
 *(.ARM.extab* .gnu.linkonce.armextab.*)

.ARM.exidx      0x0000802e        0x0
                [!provide]                        PROVIDE (__exidx_start = .)
 *(.ARM.exidx* .gnu.linkonce.armexidx.*)
                [!provide]                        PROVIDE (__exidx_end = .)

.eh_frame_hdr
 *(.eh_frame_hdr)
 *(.eh_frame_entry .eh_frame_entry.*)

.eh_frame
 *(.eh_frame)
 *(.eh_frame.*)

.sframe
 *(.sframe)
 *(.sframe.*)

.gcc_except_table
 *(.gcc_except_table .gcc_except_table.*)

.gnu_extab
 *(.gnu_extab*)

.exception_ranges
 *(.exception_ranges*)
                0x0000902e                        . = (ALIGN (CONSTANT (MAXPAGESIZE)) + (. & (CONSTANT (MAXPAGESIZE) - 0x1)))

.eh_frame
 *(.eh_frame)
 *(.eh_frame.*)

.sframe
 *(.sframe)
 *(.sframe.*)

.gnu_extab
 *(.gnu_extab)

.gcc_except_table
 *(.gcc_except_table .gcc_except_table.*)

.exception_ranges
 *(.exception_ranges*)

.tdata          0x0000902e        0x0
                [!provide]                        PROVIDE (__tdata_start = .)
 *(.tdata .tdata.* .gnu.linkonce.td.*)

.tbss
 *(.tbss .tbss.* .gnu.linkonce.tb.*)
 *(.tcommon)

.preinit_array  0x0000902e        0x0
                [!provide]                        PROVIDE (__preinit_array_start = .)
 *(.preinit_array)
                [!provide]                        PROVIDE (__preinit_array_end = .)

.init_array     0x0000902e        0x0
                [!provide]                        PROVIDE (__init_array_start = .)
 *(SORT_BY_INIT_PRIORITY(.init_array.*) SORT_BY_INIT_PRIORITY(.ctors.*))
 *(.init_array EXCLUDE_FILE(*crtend?.o *crtend.o *crtbegin?.o *crtbegin.o) .ctors)
                [!provide]                        PROVIDE (__init_array_end = .)

.fini_array     0x0000902e        0x0
                [!provide]                        PROVIDE (__fini_array_start = .)
 *(SORT_BY_INIT_PRIORITY(.fini_array.*) SORT_BY_INIT_PRIORITY(.dtors.*))
 *(.fini_array EXCLUDE_FILE(*crtend?.o *crtend.o *crtbegin?.o *crtbegin.o) .dtors)
                [!provide]                        PROVIDE (__fini_array_end = .)

.ctors
 *crtbegin.o(.ctors)
 *crtbegin?.o(.ctors)
 *(EXCLUDE_FILE(*crtend?.o *crtend.o) .ctors)
 *(SORT_BY_NAME(.ctors.*))
 *(.ctors)

.dtors
 *crtbegin.o(.dtors)
 *crtbegin?.o(.dtors)
 *(EXCLUDE_FILE(*crtend?.o *crtend.o) .dtors)
 *(SORT_BY_NAME(.dtors.*))
 *(.dtors)

.jcr
 *(.jcr)

.data.rel.ro
 *(.data.rel.ro.local* .gnu.linkonce.d.rel.ro.local.*)
 *(.data.rel.ro .data.rel.ro.* .gnu.linkonce.d.rel.ro.*)

.dynamic
 *(.dynamic)

.got            0x00009030        0x0
 *(.got.plt)
 *(.igot.plt)
 .igot.plt      0x00009030        0x0 CMakeFiles/pchapp.dir/main.c.obj
 *(.got)
 *(.igot)

.data           0x0000902e        0x0
                0x0000902e                        __data_start = .
 *(.data .data.* .gnu.linkonce.d.*)
 .data          0x0000902e        0x0 CMakeFiles/pchapp.dir/main.c.obj
 .data          0x0000902e        0x0 CMakeFiles/pchapp.dir/helper.c.obj

.data1
 *(.data1)
                0x0000902e                        _edata = .
                [!provide]                        PROVIDE (edata = .)

.persistent     0x00009030        0x0
                [!provide]                        PROVIDE (__persistent_start = .)
 *(.persistent .persistent.* .gnu.linkonce.p.*)
                0x00009030                        . = ALIGN (0x4)
                [!provide]                        PROVIDE (__persistent_end = .)
                0x00009030                        . = ALIGN (ALIGNOF (NEXT_SECTION))
                0x00009030                        __bss_start = .
                0x00009030                        __bss_start__ = .

.bss            0x00009030        0x0
 *(.dynbss)
 *(.bss .bss.* .gnu.linkonce.b.*)
 .bss           0x00009030        0x0 CMakeFiles/pchapp.dir/main.c.obj
 .bss           0x00009030        0x0 CMakeFiles/pchapp.dir/helper.c.obj
 *(COMMON)
                0x00009030                        . = ALIGN ((. != 0x0)?0x4:0x1)
                0x00009030                        _bss_end__ = .
                0x00009030                        __bss_end__ = .

.noinit         0x00009030        0x0
                [!provide]                        PROVIDE (__noinit_start = .)
 *(.noinit .noinit.* .gnu.linkonce.n.*)
                0x00009030                        . = ALIGN (0x4)
                [!provide]                        PROVIDE (__noinit_end = .)
                0x00009030                        . = ALIGN (0x4)
                0x00009030                        . = SEGMENT_START ("ldata-segment", .)
                0x00009030                        . = ALIGN (0x4)
                0x00009030                        __end__ = .
                0x00009030                        _end = .
                [!provide]                        PROVIDE (end = .)

.stack          0x00080000        0x0
                0x00080000                        _stack = .
 *(.stack)

.stab
 *(.stab)

.stabstr
 *(.stabstr)

.stab.excl
 *(.stab.excl)

.stab.exclstr
 *(.stab.exclstr)

.stab.index
 *(.stab.index)

.stab.indexstr
 *(.stab.indexstr)

.comment        0x00000000       0x26
 *(.comment)
 .comment       0x00000000       0x26 CMakeFiles/pchapp.dir/main.c.obj
                                 0x27 (size before relaxing)
 .comment       0x00000026       0x27 CMakeFiles/pchapp.dir/helper.c.obj

.gnu.build.attributes
 *(.gnu.build.attributes .gnu.build.attributes.*)

.debug
 *(.debug)

.line
 *(.line)

.debug_srcinfo
 *(.debug_srcinfo)

.debug_sfnames
 *(.debug_sfnames)

.debug_aranges  0x00000000       0x40
 *(.debug_aranges)
 .debug_aranges
                0x00000000       0x20 CMakeFiles/pchapp.dir/main.c.obj
 .debug_aranges
                0x00000020       0x20 CMakeFiles/pchapp.dir/helper.c.obj

.debug_pubnames
 *(.debug_pubnames)

.debug_info     0x00000000       0xaa
 *(.debug_info .gnu.linkonce.wi.*)
 .debug_info    0x00000000       0x50 CMakeFiles/pchapp.dir/main.c.obj
 .debug_info    0x00000050       0x5a CMakeFiles/pchapp.dir/helper.c.obj

.debug_abbrev   0x00000000       0xa2
 *(.debug_abbrev)
 .debug_abbrev  0x00000000       0x4f CMakeFiles/pchapp.dir/main.c.obj
 .debug_abbrev  0x0000004f       0x53 CMakeFiles/pchapp.dir/helper.c.obj

.debug_line     0x00000000       0xca
 *(.debug_line .debug_line.* .debug_line_end)
 .debug_line    0x00000000       0x60 CMakeFiles/pchapp.dir/main.c.obj
 .debug_line    0x00000060       0x6a CMakeFiles/pchapp.dir/helper.c.obj

.debug_frame    0x00000000       0x78
 *(.debug_frame)
 .debug_frame   0x00000000       0x2c CMakeFiles/pchapp.dir/main.c.obj
 .debug_frame   0x0000002c       0x4c CMakeFiles/pchapp.dir/helper.c.obj

.debug_str      0x00000000       0xcc
 *(.debug_str)
 .debug_str     0x00000000       0xcc CMakeFiles/pchapp.dir/main.c.obj
                                 0xa0 (size before relaxing)
 .debug_str     0x000000cc       0xaf CMakeFiles/pchapp.dir/helper.c.obj

.debug_loc
 *(.debug_loc)

.debug_macinfo
 *(.debug_macinfo)

.debug_weaknames
 *(.debug_weaknames)

.debug_funcnames
 *(.debug_funcnames)

.debug_typenames
 *(.debug_typenames)

.debug_varnames
 *(.debug_varnames)

.debug_pubtypes
 *(.debug_pubtypes)

.debug_ranges
 *(.debug_ranges)

.debug_addr
 *(.debug_addr)

.debug_line_str
 *(.debug_line_str)

.debug_loclists
 *(.debug_loclists)

.debug_macro
 *(.debug_macro)

.debug_names
 *(.debug_names)

.debug_rnglists
 *(.debug_rnglists)

.debug_str_offsets
 *(.debug_str_offsets)

.debug_sup
 *(.debug_sup)

.ARM.attributes
                0x00000000       0x2e
 *(.ARM.attributes)
 .ARM.attributes
                0x00000000       0x2e CMakeFiles/pchapp.dir/main.c.obj
 .ARM.attributes
                0x0000002e       0x2e CMakeFiles/pchapp.dir/helper.c.obj
 *(.gnu.attributes)

.note.gnu.arm.ident
 *(.note.gnu.arm.ident)

/DISCARD/
 *(.note.GNU-stack)
 *(.gnu_debuglink)
 *(.gnu.lto_*)
OUTPUT(pchapp elf32-littlearm)
LOAD linker stubs
