             VMA              LMA     Size Align Out     In      Symbol
             2a8              2a8       1c     1 .interp
             2a8              2a8       1c     1         <internal>:(.interp)
             2c4              2c4       20     4 .note.ABI-tag
             2c4              2c4       20     4         /lib/x86_64-linux-gnu/Scrt1.o:(.note.ABI-tag)
             2c4              2c4       20     1                 __abi_tag
             2e4              2e4       18     4 .note.gnu.build-id
             2e4              2e4       18     4         <internal>:(.note.gnu.build-id)
             300              300       90     8 .dynsym
             300              300       90     8         <internal>:(.dynsym)
             390              390        c     2 .gnu.version
             390              390        c     2         <internal>:(.gnu.version)
             39c              39c       30     4 .gnu.version_r
             39c              39c       30     4         <internal>:(.gnu.version_r)
             3d0              3d0       1c     8 .gnu.hash
             3d0              3d0       1c     8         <internal>:(.gnu.hash)
             3ec              3ec       88     1 .dynstr
             3ec              3ec       88     1         <internal>:(.dynstr)
             478              478       c0     8 .rela.dyn
             478              478       c0     8         <internal>:(.rela.dyn)
             538              538       18     8 .rela.plt
             538              538       18     8         <internal>:(.rela.plt)
             550              550       24     4 .eh_frame_hdr
             550              550       24     4         <internal>:(.eh_frame_hdr)
             578              578       70     8 .eh_frame
             578              578       2c     1         /lib/x86_64-linux-gnu/Scrt1.o:(.eh_frame+0x0)
             5a4              5a4       20     1         CMakeFiles/gcapp.dir/main.c.o:(.eh_frame+0x18)
             5c4              5c4       20     1         CMakeFiles/gcapp.dir/live.c.o:(.eh_frame+0x18)
            15f0             15f0      11b    16 .text
            15f0             15f0       26    16         /lib/x86_64-linux-gnu/Scrt1.o:(.text)
            15f0             15f0       26     1                 _start
            1620             1620       b9    16         /usr/bin/../lib/gcc/x86_64-linux-gnu/13/crtbeginS.o:(.text)
            1620             1620        0     1                 deregister_tm_clones
            1650             1650        0     1                 register_tm_clones
            1690             1690        0     1                 __do_global_dtors_aux
            16d0             16d0        0     1                 frame_dummy
            16e0             16e0       1d    16         CMakeFiles/gcapp.dir/main.c.o:(.text.main)
            16e0             16e0       1d     1                 main
            1700             1700        b    16         CMakeFiles/gcapp.dir/live.c.o:(.text.live_value)
            1700             1700        b     1                 live_value
            170c             170c       1b     4 .init
            170c             170c       16     4         /lib/x86_64-linux-gnu/crti.o:(.init)
            170c             170c        0     1                 _init
            1722             1722        5     1         /lib/x86_64-linux-gnu/crtn.o:(.init)
            1728             1728        d     4 .fini
            1728             1728        8     4         /lib/x86_64-linux-gnu/crti.o:(.fini)
            1728             1728        0     1                 _fini
            1730             1730        5     1         /lib/x86_64-linux-gnu/crtn.o:(.fini)
            1740             1740       20    16 .plt
            1740             1740       20    16         <internal>:(.plt)
            2760             2760        8     8 .fini_array
            2760             2760        8     8         /usr/bin/../lib/gcc/x86_64-linux-gnu/13/crtbeginS.o:(.fini_array)
            2760             2760        0     1                 __do_global_dtors_aux_fini_array_entry
            2768             2768        8     8 .init_array
            2768             2768        8     8         /usr/bin/../lib/gcc/x86_64-linux-gnu/13/crtbeginS.o:(.init_array)
            2768             2768        0     1                 __frame_dummy_init_array_entry
            2770             2770      1a0     8 .dynamic
            2770             2770      1a0     8         <internal>:(.dynamic)
            2910             2910       28     8 .got
            2910             2910       28     8         <internal>:(.got)
            2938             2938      6c8     1 .relro_padding
            2938             2938        0     1         <internal>:(.relro_padding)
            3938             3938        0     8 .tm_clone_table
            3938             3938        0     8         /usr/bin/../lib/gcc/x86_64-linux-gnu/13/crtbeginS.o:(.tm_clone_table)
            3938             3938        0     1                 __TMC_LIST__
            3938             3938        0     8         /usr/bin/../lib/gcc/x86_64-linux-gnu/13/crtendS.o:(.tm_clone_table)
            3938             3938        0     1                 __TMC_END__
            3938             3938        8     8 .data
            3938             3938        8     8         /usr/bin/../lib/gcc/x86_64-linux-gnu/13/crtbeginS.o:(.data.rel.local)
            3938             3938        0     1                 __dso_handle
            3940             3940       20     8 .got.plt
            3940             3940       20     8         <internal>:(.got.plt)
            3960             3960        1     1 .bss
            3960             3960        1     1         /usr/bin/../lib/gcc/x86_64-linux-gnu/13/crtbeginS.o:(.bss)
            3960             3960        1     1                 completed.0
               0                0       6f     1 .comment
               0                0       6f     1         <internal>:(.comment)
               0                0       bf     1 .debug_abbrev
               0                0       3a     1         CMakeFiles/gcapp.dir/main.c.o:(.debug_abbrev)
              3a               3a       3a     1         CMakeFiles/gcapp.dir/live.c.o:(.debug_abbrev)
              74               74       4b     1         CMakeFiles/gcapp.dir/deadcode.c.o:(.debug_abbrev)
               0                0       d4     1 .debug_info
               0                0       37     1         CMakeFiles/gcapp.dir/main.c.o:(.debug_info)
              37               37       37     1         CMakeFiles/gcapp.dir/live.c.o:(.debug_info)
              6e               6e       66     1         CMakeFiles/gcapp.dir/deadcode.c.o:(.debug_info)
               0                0       5c     1 .debug_str_offsets
               0                0       1c     1         CMakeFiles/gcapp.dir/main.c.o:(.debug_str_offsets)
              1c               1c       1c     1         CMakeFiles/gcapp.dir/live.c.o:(.debug_str_offsets)
              38               38       24     1         CMakeFiles/gcapp.dir/deadcode.c.o:(.debug_str_offsets)
               0                0       ae     1 .debug_str
               0                0       ae     1         <internal>:(.debug_str)
               0                0       38     1 .debug_addr
               0                0       10     1         CMakeFiles/gcapp.dir/main.c.o:(.debug_addr)
              10               10       10     1         CMakeFiles/gcapp.dir/live.c.o:(.debug_addr)
              20               20       18     1         CMakeFiles/gcapp.dir/deadcode.c.o:(.debug_addr)
               0                0      140     1 .debug_line
               0                0       62     1         CMakeFiles/gcapp.dir/main.c.o:(.debug_line)
              62               62       5d     1         CMakeFiles/gcapp.dir/live.c.o:(.debug_line)
              bf               bf       81     1         CMakeFiles/gcapp.dir/deadcode.c.o:(.debug_line)
               0                0       5f     1 .debug_line_str
               0                0       5f     1         <internal>:(.debug_line_str)
               0                0       17     1 .debug_rnglists
               0                0       17     1         CMakeFiles/gcapp.dir/deadcode.c.o:(.debug_rnglists)
               0                0      2d0     8 .symtab
               0                0      2d0     8         <internal>:(.symtab)
               0                0      18f     1 .shstrtab
               0                0      18f     1         <internal>:(.shstrtab)
               0                0      1b2     1 .strtab
               0                0      1b2     1         <internal>:(.strtab)
