Archive member included to satisfy reference by file (symbol)

/usr/lib/gcc/x86_64-w64-mingw32/13-win32/../../../../x86_64-w64-mingw32/lib/libkernel32.a(libkernel32s01580.o)
                              /usr/lib/gcc/x86_64-w64-mingw32/13-win32/../../../../x86_64-w64-mingw32/lib/crt2.o (__C_specific_handler)
/usr/lib/gcc/x86_64-w64-mingw32/13-win32/../../../../x86_64-w64-mingw32/lib/libkernel32.a(libkernel32s01406.o)
                              /usr/lib/gcc/x86_64-w64-mingw32/13-win32/../../../../x86_64-w64-mingw32/lib/crt2.o (__imp_Sleep)
/usr/lib/gcc/x86_64-w64-mingw32/13-win32/../../../../x86_64-w64-mingw32/lib/libkernel32.a(libkernel32s01390.o)
                              /usr/lib/gcc/x86_64-w64-mingw32/13-win32/../../../../x86_64-w64-mingw32/lib/crt2.o (__imp_SetUnhandledExceptionFilter)
/usr/lib/gcc/x86_64-w64-mingw32/13-win32/../../../../x86_64-w64-mingw32/lib/libkernel32.a(libkernel32h.o)
                              /usr/lib/gcc/x86_64-w64-mingw32/13-win32/../../../../x86_64-w64-mingw32/lib/libkernel32.a(libkernel32s01580.o) (_head_lib64_libkernel32_a)
/usr/lib/gcc/x86_64-w64-mingw32/13-win32/../../../../x86_64-w64-mingw32/lib/libkernel32.a(libkernel32t.o)
                              /usr/lib/gcc/x86_64-w64-mingw32/13-win32/../../../../x86_64-w64-mingw32/lib/libkernel32.a(libkernel32h.o) (__lib64_libkernel32_a_iname)
/usr/lib/gcc/x86_64-w64-mingw32/13-win32/../../../../x86_64-w64-mingw32/lib/libmingw32.a(lib64_libmingw32_a-gccmain.o)
                              /usr/lib/gcc/x86_64-w64-mingw32/13-win32/../../../../x86_64-w64-mingw32/lib/crt2.o (__main)
/usr/lib/gcc/x86_64-w64-mingw32/13-win32/../../../../x86_64-w64-mingw32/lib/libmingw32.a(lib64_libmingw32_a-natstart.o)
                              /usr/lib/gcc/x86_64-w64-mingw32/13-win32/../../../../x86_64-w64-mingw32/lib/crt2.o (__native_startup_lock)
/usr/lib/gcc/x86_64-w64-mingw32/13-win32/../../../../x86_64-w64-mingw32/lib/libmingw32.a(lib64_libmingw32_a-wildcard.o)
                              /usr/lib/gcc/x86_64-w64-mingw32/13-win32/../../../../x86_64-w64-mingw32/lib/crt2.o (_dowildcard)
/usr/lib/gcc/x86_64-w64-mingw32/13-win32/../../../../x86_64-w64-mingw32/lib/libmingw32.a(lib64_libmingw32_a-dllargv.o)
                              /usr/lib/gcc/x86_64-w64-mingw32/13-win32/../../../../x86_64-w64-mingw32/lib/crt2.o (_setargv)
/usr/lib/gcc/x86_64-w64-mingw32/13-win32/../../../../x86_64-w64-mingw32/lib/libmingw32.a(lib64_libmingw32_a-_newmode.o)
                              /usr/lib/gcc/x86_64-w64-mingw32/13-win32/../../../../x86_64-w64-mingw32/lib/crt2.o (_newmode)
/usr/lib/gcc/x86_64-w64-mingw32/13-win32/../../../../x86_64-w64-mingw32/lib/libmingw32.a(lib64_libmingw32_a-tlssup.o)
                              /usr/lib/gcc/x86_64-w64-mingw32/13-win32/../../../../x86_64-w64-mingw32/lib/crt2.o (__mingw_initltssuo_force)
/usr/lib/gcc/x86_64-w64-mingw32/13-win32/../../../../x86_64-w64-mingw32/lib/libmingw32.a(lib64_libmingw32_a-xncommod.o)
                              /usr/lib/gcc/x86_64-w64-mingw32/13-win32/../../../../x86_64-w64-mingw32/lib/crt2.o (_commode)
/usr/lib/gcc/x86_64-w64-mingw32/13-win32/../../../../x86_64-w64-mingw32/lib/libmingw32.a(lib64_libmingw32_a-cinitexe.o)
                              /usr/lib/gcc/x86_64-w64-mingw32/13-win32/../../../../x86_64-w64-mingw32/lib/crt2.o (__xc_z)
/usr/lib/gcc/x86_64-w64-mingw32/13-win32/../../../../x86_64-w64-mingw32/lib/libmingw32.a(lib64_libmingw32_a-merr.o)
                              /usr/lib/gcc/x86_64-w64-mingw32/13-win32/../../../../x86_64-w64-mingw32/lib/crt2.o (_matherr)
/usr/lib/gcc/x86_64-w64-mingw32/13-win32/../../../../x86_64-w64-mingw32/lib/libmingw32.a(lib64_libmingw32_a-CRT_fp10.o)
                              /usr/lib/gcc/x86_64-w64-mingw32/13-win32/../../../../x86_64-w64-mingw32/lib/crt2.o (_fpreset)
/usr/lib/gcc/x86_64-w64-mingw32/13-win32/../../../../x86_64-w64-mingw32/lib/libmingw32.a(lib64_libmingw32_a-mingw_helpers.o)
                              /usr/lib/gcc/x86_64-w64-mingw32/13-win32/../../../../x86_64-w64-mingw32/lib/crt2.o (__mingw_app_type)
/usr/lib/gcc/x86_64-w64-mingw32/13-win32/../../../../x86_64-w64-mingw32/lib/libmingw32.a(lib64_libmingw32_a-pseudo-reloc.o)
                              /usr/lib/gcc/x86_64-w64-mingw32/13-win32/../../../../x86_64-w64-mingw32/lib/crt2.o (_pei386_runtime_relocator)
/usr/lib/gcc/x86_64-w64-mingw32/13-win32/../../../../x86_64-w64-mingw32/lib/libmingw32.a(lib64_libmingw32_a-usermatherr.o)
                              /usr/lib/gcc/x86_64-w64-mingw32/13-win32/../../../../x86_64-w64-mingw32/lib/crt2.o (__mingw_setusermatherr)
/usr/lib/gcc/x86_64-w64-mingw32/13-win32/../../../../x86_64-w64-mingw32/lib/libmingw32.a(lib64_libmingw32_a-xtxtmode.o)
                              /usr/lib/gcc/x86_64-w64-mingw32/13-win32/../../../../x86_64-w64-mingw32/lib/crt2.o (_fmode)
/usr/lib/gcc/x86_64-w64-mingw32/13-win32/../../../../x86_64-w64-mingw32/lib/libmingw32.a(lib64_libmingw32_a-crt_handler.o)
[...]
Memory Configuration

Name             Origin             Length             Attributes
*default*        0x0000000000000000 0xffffffffffffffff

Linker script and memory map

                0x0000000140000000                __image_base__ = 0x140000000
                0x0000000000000000                __dll__ = 0x0
                0x0000000140000000                __ImageBase = 0x140000000
                0x0000000000001000                __section_alignment__ = 0x1000
                0x0000000000000200                __file_alignment__ = 0x200
                0x0000000000000004                __major_os_version__ = 0x4
                0x0000000000000000                __minor_os_version__ = 0x0
                0x0000000000000000                __major_image_version__ = 0x0
                0x0000000000000000                __minor_image_version__ = 0x0
                0x0000000000000005                __major_subsystem_version__ = 0x5
                0x0000000000000002                __minor_subsystem_version__ = 0x2
                0x0000000000000003                __subsystem__ = 0x3
                0x0000000000200000                __size_of_stack_reserve__ = 0x200000
                0x0000000000001000                __size_of_stack_commit__ = 0x1000
                0x0000000000100000                __size_of_heap_reserve__ = 0x100000
                0x0000000000001000                __size_of_heap_commit__ = 0x1000
                0x0000000000000000                __loader_flags__ = 0x0
                0x0000000000000160                __dll_characteristics__ = 0x160
LOAD /usr/lib/gcc/x86_64-w64-mingw32/13-win32/../../../../x86_64-w64-mingw32/lib/crt2.o
LOAD /usr/lib/gcc/x86_64-w64-mingw32/13-win32/crtbegin.o
LOAD CMakeFiles/gcapp.dir/main.c.obj
LOAD CMakeFiles/gcapp.dir/live.c.obj
LOAD CMakeFiles/gcapp.dir/deadcode.c.obj
LOAD /usr/lib/gcc/x86_64-w64-mingw32/13-win32/../../../../x86_64-w64-mingw32/lib/libkernel32.a
LOAD /usr/lib/gcc/x86_64-w64-mingw32/13-win32/../../../../x86_64-w64-mingw32/lib/libuser32.a
LOAD /usr/lib/gcc/x86_64-w64-mingw32/13-win32/../../../../x86_64-w64-mingw32/lib/libgdi32.a
LOAD /usr/lib/gcc/x86_64-w64-mingw32/13-win32/../../../../x86_64-w64-mingw32/lib/libwinspool.a
LOAD /usr/lib/gcc/x86_64-w64-mingw32/13-win32/../../../../x86_64-w64-mingw32/lib/libshell32.a
LOAD /usr/lib/gcc/x86_64-w64-mingw32/13-win32/../../../../x86_64-w64-mingw32/lib/libole32.a
LOAD /usr/lib/gcc/x86_64-w64-mingw32/13-win32/../../../../x86_64-w64-mingw32/lib/liboleaut32.a
LOAD /usr/lib/gcc/x86_64-w64-mingw32/13-win32/../../../../x86_64-w64-mingw32/lib/libuuid.a
LOAD /usr/lib/gcc/x86_64-w64-mingw32/13-win32/../../../../x86_64-w64-mingw32/lib/libcomdlg32.a
LOAD /usr/lib/gcc/x86_64-w64-mingw32/13-win32/../../../../x86_64-w64-mingw32/lib/libadvapi32.a
LOAD /usr/lib/gcc/x86_64-w64-mingw32/13-win32/../../../../x86_64-w64-mingw32/lib/libmingw32.a
LOAD /usr/lib/gcc/x86_64-w64-mingw32/13-win32/libgcc.a
LOAD /usr/lib/gcc/x86_64-w64-mingw32/13-win32/libgcc_eh.a
LOAD /usr/lib/gcc/x86_64-w64-mingw32/13-win32/../../../../x86_64-w64-mingw32/lib/libmoldname.a
LOAD /usr/lib/gcc/x86_64-w64-mingw32/13-win32/../../../../x86_64-w64-mingw32/lib/libmingwex.a
LOAD /usr/lib/gcc/x86_64-w64-mingw32/13-win32/../../../../x86_64-w64-mingw32/lib/libmsvcrt.a
LOAD /usr/lib/gcc/x86_64-w64-mingw32/13-win32/../../../../x86_64-w64-mingw32/lib/libkernel32.a
LOAD /usr/lib/gcc/x86_64-w64-mingw32/13-win32/../../../../x86_64-w64-mingw32/lib/libadvapi32.a
LOAD /usr/lib/gcc/x86_64-w64-mingw32/13-win32/../../../../x86_64-w64-mingw32/lib/libshell32.a
LOAD /usr/lib/gcc/x86_64-w64-mingw32/13-win32/../../../../x86_64-w64-mingw32/lib/libuser32.a
LOAD /usr/lib/gcc/x86_64-w64-mingw32/13-win32/../../../../x86_64-w64-mingw32/lib/libkernel32.a
LOAD /usr/lib/gcc/x86_64-w64-mingw32/13-win32/../../../../x86_64-w64-mingw32/lib/libmingw32.a
LOAD /usr/lib/gcc/x86_64-w64-mingw32/13-win32/libgcc.a
LOAD /usr/lib/gcc/x86_64-w64-mingw32/13-win32/libgcc_eh.a
LOAD /usr/lib/gcc/x86_64-w64-mingw32/13-win32/../../../../x86_64-w64-mingw32/lib/libmoldname.a
LOAD /usr/lib/gcc/x86_64-w64-mingw32/13-win32/../../../../x86_64-w64-mingw32/lib/libmingwex.a
LOAD /usr/lib/gcc/x86_64-w64-mingw32/13-win32/../../../../x86_64-w64-mingw32/lib/libmsvcrt.a
LOAD /usr/lib/gcc/x86_64-w64-mingw32/13-win32/../../../../x86_64-w64-mingw32/lib/libkernel32.a
LOAD /usr/lib/gcc/x86_64-w64-mingw32/13-win32/crtend.o
                0x0000000000000480                . = SIZEOF_HEADERS
                0x0000000000001000                . = ALIGN (__section_alignment__)

.text           0x0000000140001000     0x1800
 *(SORT_NONE(.init))
 *(.text)
 .text          0x0000000140001000      0x460 /usr/lib/gcc/x86_64-w64-mingw32/13-win32/../../../../x86_64-w64-mingw32/lib/crt2.o
                0x00000001400013e0                WinMainCRTStartup
                0x0000000140001410                mainCRTStartup
                0x0000000140001440                atexit
 .text          0x0000000140001460       0x20 /usr/lib/gcc/x86_64-w64-mingw32/13-win32/crtbegin.o
                0x0000000140001460                __gcc_register_frame
                0x0000000140001470                __gcc_deregister_frame
 .text          0x0000000140001480        0x8 /usr/lib/gcc/x86_64-w64-mingw32/13-win32/../../../../x86_64-w64-mingw32/lib/libkernel32.a(libkernel32s01580.o)
                0x0000000140001480                __C_specific_handler
 *fill*         0x0000000140001488        0x8 
 .text          0x0000000140001490       0xf0 /usr/lib/gcc/x86_64-w64-mingw32/13-win32/../../../../x86_64-w64-mingw32/lib/libmingw32.a(lib64_libmingw32_a-gccmain.o)
                0x0000000140001490                __do_global_dtors
                0x00000001400014e0                __do_global_ctors
                0x0000000140001560                __main
 .text          0x0000000140001580       0x10 /usr/lib/gcc/x86_64-w64-mingw32/13-win32/../../../../x86_64-w64-mingw32/lib/libmingw32.a(lib64_libmingw32_a-dllargv.o)
                0x0000000140001580                _setargv
 .text          0x0000000140001590       0xd0 /usr/lib/gcc/x86_64-w64-mingw32/13-win32/../../../../x86_64-w64-mingw32/lib/libmingw32.a(lib64_libmingw32_a-tlssup.o)
                0x00000001400015c0                __dyn_tls_init
                0x0000000140001650                __tlregdtor
 .text          0x0000000140001660      0x100 /usr/lib/gcc/x86_64-w64-mingw32/13-win32/../../../../x86_64-w64-mingw32/lib/libmingw32.a(lib64_libmingw32_a-merr.o)
                0x0000000140001660                _matherr
 .text          0x0000000140001760       0x10 /usr/lib/gcc/x86_64-w64-mingw32/13-win32/../../../../x86_64-w64-mingw32/lib/libmingw32.a(lib64_libmingw32_a-CRT_fp10.o)
                0x0000000140001760                _fpreset
                0x0000000140001760                fpreset
 .text          0x0000000140001770      0x540 /usr/lib/gcc/x86_64-w64-mingw32/13-win32/../../../../x86_64-w64-mingw32/lib/libmingw32.a(lib64_libmingw32_a-pseudo-reloc.o)
                0x0000000140001950                _pei386_runtime_relocator
 .text          0x0000000140001cb0       0x50 /usr/lib/gcc/x86_64-w64-mingw32/13-win32/../../../../x86_64-w64-mingw32/lib/libmingw32.a(lib64_libmingw32_a-usermatherr.o)
                0x0000000140001cb0                __mingw_raise_matherr
                0x0000000140001cf0                __mingw_setusermatherr
 .text          0x0000000140001d00      0x1c0 /usr/lib/gcc/x86_64-w64-mingw32/13-win32/../../../../x86_64-w64-mingw32/lib/libmingw32.a(lib64_libmingw32_a-crt_handler.o)
                0x0000000140001d00                _gnu_exception_handler
 .text          0x0000000140001ec0      0x2a0 /usr/lib/gcc/x86_64-w64-mingw32/13-win32/../../../../x86_64-w64-mingw32/lib/libmingw32.a(lib64_libmingw32_a-tlsthrd.o)
                0x0000000140001f40                ___w64_mingwthr_add_key_dtor
                0x0000000140001fc0                ___w64_mingwthr_remove_key_dtor
                0x0000000140002060                __mingw_TLScallback
 .text          0x0000000140002160      0x400 /usr/lib/gcc/x86_64-w64-mingw32/13-win32/../../../../x86_64-w64-mingw32/lib/libmingw32.a(lib64_libmingw32_a-pesect.o)
                0x0000000140002160                _ValidateImageBase
                0x0000000140002190                _FindPESection
                0x00000001400021e0                _FindPESectionByName
                0x0000000140002290                __mingw_GetSectionForAddress
                0x0000000140002310                __mingw_GetSectionCount
                0x0000000140002350                _FindPESectionExec
                0x00000001400023d0                _GetPEImageBase
                0x0000000140002410                _IsNonwritableInCurrentImage
                0x00000001400024a0                __mingw_enum_import_library_names
 .text          0x0000000140002560       0x40 /usr/lib/gcc/x86_64-w64-mingw32/13-win32/libgcc.a(_chkstk_ms.o)
                0x0000000140002560                ___chkstk_ms
 .text          0x00000001400025a0       0x10 /usr/lib/gcc/x86_64-w64-mingw32/13-win32/../../../../x86_64-w64-mingw32/lib/libmsvcrt.a(lib64_libmsvcrt_extra_a-__p__fmode.o)
                0x00000001400025a0                __p__fmode
 .text          0x00000001400025b0       0x10 /usr/lib/gcc/x86_64-w64-mingw32/13-win32/../../../../x86_64-w64-mingw32/lib/libmsvcrt.a(lib64_libmsvcrt_extra_a-__p__commode.o)
                0x00000001400025b0                __p__commode
 .text          0x00000001400025c0       0x20 /usr/lib/gcc/x86_64-w64-mingw32/13-win32/../../../../x86_64-w64-mingw32/lib/libmsvcrt.a(lib64_libmsvcrt_extra_a-invalid_parameter_handler.o)
                0x00000001400025c0                _get_invalid_parameter_handler
                0x00000001400025d0                _set_invalid_parameter_handler
 .text          0x00000001400025e0       0x30 /usr/lib/gcc/x86_64-w64-mingw32/13-win32/../../../../x86_64-w64-mingw32/lib/libmsvcrt.a(lib64_libmsvcrt_common_a-acrt_iob_func.o)
                0x00000001400025e0                __acrt_iob_func
 .text          0x0000000140002610        0x8 /usr/lib/gcc/x86_64-w64-mingw32/13-win32/../../../../x86_64-w64-mingw32/lib/libmsvcrt.a(libmsvcrt_defs00081.o)
                0x0000000140002610                __getmainargs
 .text          0x0000000140002618        0x8 /usr/lib/gcc/x86_64-w64-mingw32/13-win32/../../../../x86_64-w64-mingw32/lib/libmsvcrt.a(libmsvcrt_defs00083.o)
                0x0000000140002618                __iob_func
 .text          0x0000000140002620        0x8 /usr/lib/gcc/x86_64-w64-mingw32/13-win32/../../../../x86_64-w64-mingw32/lib/libmsvcrt.a(libmsvcrt_defs00096.o)
                0x0000000140002620                __set_app_type
 .text          0x0000000140002628        0x8 /usr/lib/gcc/x86_64-w64-mingw32/13-win32/../../../../x86_64-w64-mingw32/lib/libmsvcrt.a(libmsvcrt_defs00098.o)
                0x0000000140002628                __setusermatherr
 .text          0x0000000140002630        0x8 /usr/lib/gcc/x86_64-w64-mingw32/13-win32/../../../../x86_64-w64-mingw32/lib/libmsvcrt.a(libmsvcrt_defs00119.o)
                0x0000000140002630                _amsg_exit
 .text          0x0000000140002638        0x8 /usr/lib/gcc/x86_64-w64-mingw32/13-win32/../../../../x86_64-w64-mingw32/lib/libmsvcrt.a(libmsvcrt_defs00137.o)
                0x0000000140002638                _cexit
 .text          0x0000000140002640        0x8 /usr/lib/gcc/x86_64-w64-mingw32/13-win32/../../../../x86_64-w64-mingw32/lib/libmsvcrt.a(libmsvcrt_defs00291.o)
                0x0000000140002640                _initterm
 .text          0x0000000140002648        0x8 /usr/lib/gcc/x86_64-w64-mingw32/13-win32/../../../../x86_64-w64-mingw32/lib/libmsvcrt.a(libmsvcrt_defs00559.o)
                0x0000000140002648                _onexit
 .text          0x0000000140002650        0x8 /usr/lib/gcc/x86_64-w64-mingw32/13-win32/../../../../x86_64-w64-mingw32/lib/libmsvcrt.a(libmsvcrt_defs00904.o)
                0x0000000140002650                abort
 .text          0x0000000140002658        0x8 /usr/lib/gcc/x86_64-w64-mingw32/13-win32/../../../../x86_64-w64-mingw32/lib/libmsvcrt.a(libmsvcrt_defs00921.o)
                0x0000000140002658                calloc
 .text          0x0000000140002660        0x8 /usr/lib/gcc/x86_64-w64-mingw32/13-win32/../../../../x86_64-w64-mingw32/lib/libmsvcrt.a(libmsvcrt_defs00934.o)
                0x0000000140002660                exit
 .text          0x0000000140002668        0x8 /usr/lib/gcc/x86_64-w64-mingw32/13-win32/../../../../x86_64-w64-mingw32/lib/libmsvcrt.a(libmsvcrt_defs00953.o)
                0x0000000140002668                fprintf
 .text          0x0000000140002670        0x8 /usr/lib/gcc/x86_64-w64-mingw32/13-win32/../../../../x86_64-w64-mingw32/lib/libmsvcrt.a(libmsvcrt_defs00960.o)
                0x0000000140002670                free
 .text          0x0000000140002678        0x8 /usr/lib/gcc/x86_64-w64-mingw32/13-win32/../../../../x86_64-w64-mingw32/lib/libmsvcrt.a(libmsvcrt_defs00971.o)
                0x0000000140002678                fwrite
 .text          0x0000000140002680        0x8 /usr/lib/gcc/x86_64-w64-mingw32/13-win32/../../../../x86_64-w64-mingw32/lib/libmsvcrt.a(libmsvcrt_defs01038.o)
                0x0000000140002680                malloc
 .text          0x0000000140002688        0x8 /usr/lib/gcc/x86_64-w64-mingw32/13-win32/../../../../x86_64-w64-mingw32/lib/libmsvcrt.a(libmsvcrt_defs01046.o)
                0x0000000140002688                memcpy
 .text          0x0000000140002690        0x8 /usr/lib/gcc/x86_64-w64-mingw32/13-win32/../../../../x86_64-w64-mingw32/lib/libmsvcrt.a(libmsvcrt_defs01076.o)
                0x0000000140002690                signal
 .text          0x0000000140002698        0x8 /usr/lib/gcc/x86_64-w64-mingw32/13-win32/../../../../x86_64-w64-mingw32/lib/libmsvcrt.a(libmsvcrt_defs01097.o)
                0x0000000140002698                strlen
 .text          0x00000001400026a0        0x8 /usr/lib/gcc/x86_64-w64-mingw32/13-win32/../../../../x86_64-w64-mingw32/lib/libmsvcrt.a(libmsvcrt_defs01100.o)
                0x00000001400026a0                strncmp
 .text          0x00000001400026a8        0x8 /usr/lib/gcc/x86_64-w64-mingw32/13-win32/../../../../x86_64-w64-mingw32/lib/libmsvcrt.a(libmsvcrt_defs01130.o)
                0x00000001400026a8                vfprintf
 *(SORT_BY_NAME(.text$*))
 .text$dead_one
                0x00000001400026b0       0x10 CMakeFiles/gcapp.dir/deadcode.c.obj
                0x00000001400026b0                dead_one
 .text$dead_two
                0x00000001400026c0       0x10 CMakeFiles/gcapp.dir/deadcode.c.obj
                0x00000001400026c0                dead_two
 .text$live_value
                0x00000001400026d0       0x10 CMakeFiles/gcapp.dir/live.c.obj
                0x00000001400026d0                live_value
 .text$main     0x00000001400026e0       0x20 CMakeFiles/gcapp.dir/main.c.obj
                0x00000001400026e0                main
 *(.text.*)
 .text.startup  0x0000000140002700       0x10 /usr/lib/gcc/x86_64-w64-mingw32/13-win32/crtend.o
 *(.gnu.linkonce.t.*)
 *(.glue_7t)
 *(.glue_7)
                0x0000000140002710                . = ALIGN (0x8)
                0x0000000140002710                ___CTOR_LIST__ = .
                0x0000000140002710                __CTOR_LIST__ = .
                0x0000000140002710        0x4 LONG 0xffffffffffffffff
                0x0000000140002714        0x4 LONG 0xffffffffffffffff
 *(.ctors)
 *(.ctor)
 *(SORT_BY_NAME(.ctors.*))
 .ctors.65535   0x0000000140002718        0x8 /usr/lib/gcc/x86_64-w64-mingw32/13-win32/crtend.o
                0x0000000140002720        0x4 LONG 0x0
                0x0000000140002724        0x4 LONG 0x0
                0x0000000140002728                ___DTOR_LIST__ = .
                0x0000000140002728                __DTOR_LIST__ = .
                0x0000000140002728        0x4 LONG 0xffffffffffffffff
                0x000000014000272c        0x4 LONG 0xffffffffffffffff
 *(.dtors)
 *(.dtor)
 *(SORT_BY_NAME(.dtors.*))
                0x0000000140002730        0x4 LONG 0x0
                0x0000000140002734        0x4 LONG 0x0
 *(SORT_NONE(.fini))
 *(.gcc_exc)
                [!provide]                        PROVIDE (etext = .)
 *(.gcc_except_table)

.data           0x0000000140003000      0x200
                0x0000000140003000                __data_start__ = .
 *(.data)
 .data          0x0000000140003000       0x10 /usr/lib/gcc/x86_64-w64-mingw32/13-win32/../../../../x86_64-w64-mingw32/lib/libmingw32.a(lib64_libmingw32_a-gccmain.o)
 .data          0x0000000140003010       0x10 /usr/lib/gcc/x86_64-w64-mingw32/13-win32/../../../../x86_64-w64-mingw32/lib/libmingw32.a(lib64_libmingw32_a-tlsmcrt.o)
                0x0000000140003010                _CRT_MT
 .data          0x0000000140003020       0x10 /usr/lib/gcc/x86_64-w64-mingw32/13-win32/../../../../x86_64-w64-mingw32/lib/libmingwex.a(lib64_libmingwex_a-mingw_matherr.o)
                0x0000000140003020                _MINGW_INSTALL_DEBUG_MATHERR
 *(.data2)
 *(SORT_BY_NAME(.data$*))
 *(.jcr)
                0x0000000140003030                __data_end__ = .
 *(.data_cygwin_nocopy)

.rdata          0x0000000140004000      0x600
 *(.rdata)
 .rdata         0x0000000140004000       0x60 /usr/lib/gcc/x86_64-w64-mingw32/13-win32/../../../../x86_64-w64-mingw32/lib/libmingw32.a(lib64_libmingw32_a-tlssup.o)
                0x0000000140004000                __dyn_tls_init_callback
                0x0000000140004020                _tls_used
 .rdata         0x0000000140004060      0x140 /usr/lib/gcc/x86_64-w64-mingw32/13-win32/../../../../x86_64-w64-mingw32/lib/libmingw32.a(lib64_libmingw32_a-merr.o)
 .rdata         0x00000001400041a0      0x160 /usr/lib/gcc/x86_64-w64-mingw32/13-win32/../../../../x86_64-w64-mingw32/lib/libmingw32.a(lib64_libmingw32_a-pseudo-reloc.o)
 .rdata         0x0000000140004300       0x30 /usr/lib/gcc/x86_64-w64-mingw32/13-win32/../../../../x86_64-w64-mingw32/lib/libmingw32.a(lib64_libmingw32_a-crt_handler.o)
 *(SORT_BY_NAME(.rdata$*))
 .rdata$.refptr._CRT_MT
                0x0000000140004330       0x10 /usr/lib/gcc/x86_64-w64-mingw32/13-win32/../../../../x86_64-w64-mingw32/lib/libmingw32.a(lib64_libmingw32_a-tlssup.o)
                0x0000000140004330                .refptr._CRT_MT
 .rdata$.refptr._MINGW_INSTALL_DEBUG_MATHERR
                0x0000000140004340       0x10 /usr/lib/gcc/x86_64-w64-mingw32/13-win32/../../../../x86_64-w64-mingw32/lib/crt2.o
                0x0000000140004340                .refptr._MINGW_INSTALL_DEBUG_MATHERR
 .rdata$.refptr.__CTOR_LIST__
                0x0000000140004350       0x10 /usr/lib/gcc/x86_64-w64-mingw32/13-win32/../../../../x86_64-w64-mingw32/lib/libmingw32.a(lib64_libmingw32_a-gccmain.o)
                0x0000000140004350                .refptr.__CTOR_LIST__
 .rdata$.refptr.__RUNTIME_PSEUDO_RELOC_LIST_END__
                0x0000000140004360       0x10 /usr/lib/gcc/x86_64-w64-mingw32/13-win32/../../../../x86_64-w64-mingw32/lib/libmingw32.a(lib64_libmingw32_a-pseudo-reloc.o)
                0x0000000140004360                .refptr.__RUNTIME_PSEUDO_RELOC_LIST_END__
 .rdata$.refptr.__RUNTIME_PSEUDO_RELOC_LIST__
                0x0000000140004370       0x10 /usr/lib/gcc/x86_64-w64-mingw32/13-win32/../../../../x86_64-w64-mingw32/lib/libmingw32.a(lib64_libmingw32_a-pseudo-reloc.o)
                0x0000000140004370                .refptr.__RUNTIME_PSEUDO_RELOC_LIST__
 .rdata$.refptr.__dyn_tls_init_callback
                0x0000000140004380       0x10 /usr/lib/gcc/x86_64-w64-mingw32/13-win32/../../../../x86_64-w64-mingw32/lib/crt2.o
                0x0000000140004380                .refptr.__dyn_tls_init_callback
 .rdata$.refptr.__image_base__
                0x0000000140004390       0x10 /usr/lib/gcc/x86_64-w64-mingw32/13-win32/../../../../x86_64-w64-mingw32/lib/crt2.o
                0x0000000140004390                .refptr.__image_base__
 .rdata$.refptr.__imp___initenv
                0x00000001400043a0       0x10 /usr/lib/gcc/x86_64-w64-mingw32/13-win32/../../../../x86_64-w64-mingw32/lib/crt2.o
                0x00000001400043a0                .refptr.__imp___initenv
 .rdata$.refptr.__imp__commode
                0x00000001400043b0       0x10 /usr/lib/gcc/x86_64-w64-mingw32/13-win32/../../../../x86_64-w64-mingw32/lib/libmsvcrt.a(lib64_libmsvcrt_extra_a-__p__commode.o)
                0x00000001400043b0                .refptr.__imp__commode
 .rdata$.refptr.__imp__fmode
                0x00000001400043c0       0x10 /usr/lib/gcc/x86_64-w64-mingw32/13-win32/../../../../x86_64-w64-mingw32/lib/libmsvcrt.a(lib64_libmsvcrt_extra_a-__p__fmode.o)
                0x00000001400043c0                .refptr.__imp__fmode
 .rdata$.refptr.__mingw_app_type
                0x00000001400043d0       0x10 /usr/lib/gcc/x86_64-w64-mingw32/13-win32/../../../../x86_64-w64-mingw32/lib/crt2.o
                0x00000001400043d0                .refptr.__mingw_app_type
 .rdata$.refptr.__mingw_initltsdrot_force
                0x00000001400043e0       0x10 /usr/lib/gcc/x86_64-w64-mingw32/13-win32/../../../../x86_64-w64-mingw32/lib/crt2.o
                0x00000001400043e0                .refptr.__mingw_initltsdrot_force
 .rdata$.refptr.__mingw_initltsdyn_force
                0x00000001400043f0       0x10 /usr/lib/gcc/x86_64-w64-mingw32/13-win32/../../../../x86_64-w64-mingw32/lib/crt2.o
                0x00000001400043f0                .refptr.__mingw_initltsdyn_force
 .rdata$.refptr.__mingw_initltssuo_force
                0x0000000140004400       0x10 /usr/lib/gcc/x86_64-w64-mingw32/13-win32/../../../../x86_64-w64-mingw32/lib/crt2.o
                0x0000000140004400                .refptr.__mingw_initltssuo_force
 .rdata$.refptr.__mingw_oldexcpt_handler
                0x0000000140004410       0x10 /usr/lib/gcc/x86_64-w64-mingw32/13-win32/../../../../x86_64-w64-mingw32/lib/crt2.o
                0x0000000140004410                .refptr.__mingw_oldexcpt_handler
 .rdata$.refptr.__native_startup_lock
                0x0000000140004420       0x10 /usr/lib/gcc/x86_64-w64-mingw32/13-win32/../../../../x86_64-w64-mingw32/lib/crt2.o
                0x0000000140004420                .refptr.__native_startup_lock
 .rdata$.refptr.__native_startup_state
                0x0000000140004430       0x10 /usr/lib/gcc/x86_64-w64-mingw32/13-win32/../../../../x86_64-w64-mingw32/lib/crt2.o
                0x0000000140004430                .refptr.__native_startup_state
 .rdata$.refptr.__xc_a
                0x0000000140004440       0x10 /usr/lib/gcc/x86_64-w64-mingw32/13-win32/../../../../x86_64-w64-mingw32/lib/crt2.o
                0x0000000140004440                .refptr.__xc_a
 .rdata$.refptr.__xc_z
                0x0000000140004450       0x10 /usr/lib/gcc/x86_64-w64-mingw32/13-win32/../../../../x86_64-w64-mingw32/lib/crt2.o
                0x0000000140004450                .refptr.__xc_z
 .rdata$.refptr.__xi_a
                0x0000000140004460       0x10 /usr/lib/gcc/x86_64-w64-mingw32/13-win32/../../../../x86_64-w64-mingw32/lib/crt2.o
                0x0000000140004460                .refptr.__xi_a
 .rdata$.refptr.__xi_z
                0x0000000140004470       0x10 /usr/lib/gcc/x86_64-w64-mingw32/13-win32/../../../../x86_64-w64-mingw32/lib/crt2.o
                0x0000000140004470                .refptr.__xi_z
 .rdata$.refptr._commode
                0x0000000140004480       0x10 /usr/lib/gcc/x86_64-w64-mingw32/13-win32/../../../../x86_64-w64-mingw32/lib/crt2.o
                0x0000000140004480                .refptr._commode
 .rdata$.refptr._dowildcard
                0x0000000140004490       0x10 /usr/lib/gcc/x86_64-w64-mingw32/13-win32/../../../../x86_64-w64-mingw32/lib/crt2.o
                0x0000000140004490                .refptr._dowildcard
 .rdata$.refptr._fmode
                0x00000001400044a0       0x10 /usr/lib/gcc/x86_64-w64-mingw32/13-win32/../../../../x86_64-w64-mingw32/lib/crt2.o
                0x00000001400044a0                .refptr._fmode
 .rdata$.refptr._gnu_exception_handler
                0x00000001400044b0       0x10 /usr/lib/gcc/x86_64-w64-mingw32/13-win32/../../../../x86_64-w64-mingw32/lib/crt2.o
                0x00000001400044b0                .refptr._gnu_exception_handler
 .rdata$.refptr._matherr
                0x00000001400044c0       0x10 /usr/lib/gcc/x86_64-w64-mingw32/13-win32/../../../../x86_64-w64-mingw32/lib/crt2.o
                0x00000001400044c0                .refptr._matherr
 .rdata$.refptr._newmode
                0x00000001400044d0       0x10 /usr/lib/gcc/x86_64-w64-mingw32/13-win32/../../../../x86_64-w64-mingw32/lib/crt2.o
                0x00000001400044d0                .refptr._newmode
                0x00000001400044e0                . = ALIGN (0x4)
                0x00000001400044e0                __rt_psrelocs_start = .
 *(.rdata_runtime_pseudo_reloc)
                0x00000001400044e0                __rt_psrelocs_end = .
                0x0000000000000000                __rt_psrelocs_size = (__rt_psrelocs_end - __rt_psrelocs_start)
                0x00000001400044e0                ___RUNTIME_PSEUDO_RELOC_LIST_END__ = .
                0x00000001400044e0                __RUNTIME_PSEUDO_RELOC_LIST_END__ = .
                0x00000001400044e0                ___RUNTIME_PSEUDO_RELOC_LIST__ = (. - __rt_psrelocs_size)
                0x00000001400044e0                __RUNTIME_PSEUDO_RELOC_LIST__ = (. - __rt_psrelocs_size)

.eh_frame
 *(.eh_frame*)

.pdata          0x0000000140005000      0x400
 *(.pdata*)
 .pdata         0x0000000140005000       0x54 /usr/lib/gcc/x86_64-w64-mingw32/13-win32/../../../../x86_64-w64-mingw32/lib/crt2.o
 .pdata         0x0000000140005054       0x18 /usr/lib/gcc/x86_64-w64-mingw32/13-win32/crtbegin.o
 .pdata$main    0x000000014000506c        0xc CMakeFiles/gcapp.dir/main.c.obj
 .pdata$live_value
                0x0000000140005078        0xc CMakeFiles/gcapp.dir/live.c.obj
 .pdata$dead_one
                0x0000000140005084        0xc CMakeFiles/gcapp.dir/deadcode.c.obj
 .pdata$dead_two
                0x0000000140005090        0xc CMakeFiles/gcapp.dir/deadcode.c.obj
 .pdata         0x000000014000509c       0x24 /usr/lib/gcc/x86_64-w64-mingw32/13-win32/../../../../x86_64-w64-mingw32/lib/libmingw32.a(lib64_libmingw32_a-gccmain.o)
 .pdata         0x00000001400050c0        0xc /usr/lib/gcc/x86_64-w64-mingw32/13-win32/../../../../x86_64-w64-mingw32/lib/libmingw32.a(lib64_libmingw32_a-dllargv.o)
 .pdata         0x00000001400050cc       0x24 /usr/lib/gcc/x86_64-w64-mingw32/13-win32/../../../../x86_64-w64-mingw32/lib/libmingw32.a(lib64_libmingw32_a-tlssup.o)
 .pdata         0x00000001400050f0        0xc /usr/lib/gcc/x86_64-w64-mingw32/13-win32/../../../../x86_64-w64-mingw32/lib/libmingw32.a(lib64_libmingw32_a-merr.o)
 .pdata         0x00000001400050fc        0xc /usr/lib/gcc/x86_64-w64-mingw32/13-win32/../../../../x86_64-w64-mingw32/lib/libmingw32.a(lib64_libmingw32_a-CRT_fp10.o)
 .pdata         0x0000000140005108       0x24 /usr/lib/gcc/x86_64-w64-mingw32/13-win32/../../../../x86_64-w64-mingw32/lib/libmingw32.a(lib64_libmingw32_a-pseudo-reloc.o)
 .pdata         0x000000014000512c       0x18 /usr/lib/gcc/x86_64-w64-mingw32/13-win32/../../../../x86_64-w64-mingw32/lib/libmingw32.a(lib64_libmingw32_a-usermatherr.o)
 .pdata         0x0000000140005144        0xc /usr/lib/gcc/x86_64-w64-mingw32/13-win32/../../../../x86_64-w64-mingw32/lib/libmingw32.a(lib64_libmingw32_a-crt_handler.o)
 .pdata         0x0000000140005150       0x30 /usr/lib/gcc/x86_64-w64-mingw32/13-win32/../../../../x86_64-w64-mingw32/lib/libmingw32.a(lib64_libmingw32_a-tlsthrd.o)
 .pdata         0x0000000140005180       0x6c /usr/lib/gcc/x86_64-w64-mingw32/13-win32/../../../../x86_64-w64-mingw32/lib/libmingw32.a(lib64_libmingw32_a-pesect.o)
 .pdata         0x00000001400051ec        0xc /usr/lib/gcc/x86_64-w64-mingw32/13-win32/../../../../x86_64-w64-mingw32/lib/libmsvcrt.a(lib64_libmsvcrt_extra_a-__p__fmode.o)
 .pdata         0x00000001400051f8        0xc /usr/lib/gcc/x86_64-w64-mingw32/13-win32/../../../../x86_64-w64-mingw32/lib/libmsvcrt.a(lib64_libmsvcrt_extra_a-__p__commode.o)
 .pdata         0x0000000140005204       0x18 /usr/lib/gcc/x86_64-w64-mingw32/13-win32/../../../../x86_64-w64-mingw32/lib/libmsvcrt.a(lib64_libmsvcrt_extra_a-invalid_parameter_handler.o)
 .pdata         0x000000014000521c        0xc /usr/lib/gcc/x86_64-w64-mingw32/13-win32/../../../../x86_64-w64-mingw32/lib/libmsvcrt.a(lib64_libmsvcrt_common_a-acrt_iob_func.o)
 .pdata.startup
                0x0000000140005228        0xc /usr/lib/gcc/x86_64-w64-mingw32/13-win32/crtend.o

.xdata          0x0000000140006000      0x200
 *(.xdata*)
 .xdata         0x0000000140006000       0x84 /usr/lib/gcc/x86_64-w64-mingw32/13-win32/../../../../x86_64-w64-mingw32/lib/crt2.o
 .xdata         0x0000000140006084        0x8 /usr/lib/gcc/x86_64-w64-mingw32/13-win32/crtbegin.o
 .xdata$main    0x000000014000608c        0xc CMakeFiles/gcapp.dir/main.c.obj
 .xdata$live_value
                0x0000000140006098        0x8 CMakeFiles/gcapp.dir/live.c.obj
 .xdata$dead_one
                0x00000001400060a0        0x8 CMakeFiles/gcapp.dir/deadcode.c.obj
 .xdata$dead_two
                0x00000001400060a8        0x8 CMakeFiles/gcapp.dir/deadcode.c.obj
 .xdata         0x00000001400060b0       0x20 /usr/lib/gcc/x86_64-w64-mingw32/13-win32/../../../../x86_64-w64-mingw32/lib/libmingw32.a(lib64_libmingw32_a-gccmain.o)
 .xdata         0x00000001400060d0        0x4 /usr/lib/gcc/x86_64-w64-mingw32/13-win32/../../../../x86_64-w64-mingw32/lib/libmingw32.a(lib64_libmingw32_a-dllargv.o)
 .xdata         0x00000001400060d4       0x20 /usr/lib/gcc/x86_64-w64-mingw32/13-win32/../../../../x86_64-w64-mingw32/lib/libmingw32.a(lib64_libmingw32_a-tlssup.o)
 .xdata         0x00000001400060f4       0x1c /usr/lib/gcc/x86_64-w64-mingw32/13-win32/../../../../x86_64-w64-mingw32/lib/libmingw32.a(lib64_libmingw32_a-merr.o)
 .xdata         0x0000000140006110        0x4 /usr/lib/gcc/x86_64-w64-mingw32/13-win32/../../../../x86_64-w64-mingw32/lib/libmingw32.a(lib64_libmingw32_a-CRT_fp10.o)
 .xdata         0x0000000140006114       0x38 /usr/lib/gcc/x86_64-w64-mingw32/13-win32/../../../../x86_64-w64-mingw32/lib/libmingw32.a(lib64_libmingw32_a-pseudo-reloc.o)
 .xdata         0x000000014000614c       0x10 /usr/lib/gcc/x86_64-w64-mingw32/13-win32/../../../../x86_64-w64-mingw32/lib/libmingw32.a(lib64_libmingw32_a-usermatherr.o)
 .xdata         0x000000014000615c        0xc /usr/lib/gcc/x86_64-w64-mingw32/13-win32/../../../../x86_64-w64-mingw32/lib/libmingw32.a(lib64_libmingw32_a-crt_handler.o)
 .xdata         0x0000000140006168       0x40 /usr/lib/gcc/x86_64-w64-mingw32/13-win32/../../../../x86_64-w64-mingw32/lib/libmingw32.a(lib64_libmingw32_a-tlsthrd.o)
 .xdata         0x00000001400061a8       0x30 /usr/lib/gcc/x86_64-w64-mingw32/13-win32/../../../../x86_64-w64-mingw32/lib/libmingw32.a(lib64_libmingw32_a-pesect.o)
 .xdata         0x00000001400061d8        0x4 /usr/lib/gcc/x86_64-w64-mingw32/13-win32/../../../../x86_64-w64-mingw32/lib/libmsvcrt.a(lib64_libmsvcrt_extra_a-__p__fmode.o)
 .xdata         0x00000001400061dc        0x4 /usr/lib/gcc/x86_64-w64-mingw32/13-win32/../../../../x86_64-w64-mingw32/lib/libmsvcrt.a(lib64_libmsvcrt_extra_a-__p__commode.o)
 .xdata         0x00000001400061e0        0x8 /usr/lib/gcc/x86_64-w64-mingw32/13-win32/../../../../x86_64-w64-mingw32/lib/libmsvcrt.a(lib64_libmsvcrt_extra_a-invalid_parameter_handler.o)
 .xdata         0x00000001400061e8        0xc /usr/lib/gcc/x86_64-w64-mingw32/13-win32/../../../../x86_64-w64-mingw32/lib/libmsvcrt.a(lib64_libmsvcrt_common_a-acrt_iob_func.o)
 .xdata.startup
                0x00000001400061f4        0x4 /usr/lib/gcc/x86_64-w64-mingw32/13-win32/crtend.o

.bss            0x0000000140007000      0x150
                0x0000000140007000                __bss_start__ = .
 *(.bss)
 .bss           0x0000000140007000       0x30 /usr/lib/gcc/x86_64-w64-mingw32/13-win32/../../../../x86_64-w64-mingw32/lib/crt2.o
                0x0000000140007000                __mingw_module_is_dll
 .bss           0x0000000140007030       0x10 /usr/lib/gcc/x86_64-w64-mingw32/13-win32/../../../../x86_64-w64-mingw32/lib/libmingw32.a(lib64_libmingw32_a-gccmain.o)
 .bss           0x0000000140007040       0x10 /usr/lib/gcc/x86_64-w64-mingw32/13-win32/../../../../x86_64-w64-mingw32/lib/libmingw32.a(lib64_libmingw32_a-natstart.o)
                0x0000000140007040                __native_startup_lock
                0x0000000140007048                __native_startup_state
 .bss           0x0000000140007050       0x10 /usr/lib/gcc/x86_64-w64-mingw32/13-win32/../../../../x86_64-w64-mingw32/lib/libmingw32.a(lib64_libmingw32_a-wildcard.o)
                0x0000000140007050                _dowildcard
 .bss           0x0000000140007060       0x10 /usr/lib/gcc/x86_64-w64-mingw32/13-win32/../../../../x86_64-w64-mingw32/lib/libmingw32.a(lib64_libmingw32_a-_newmode.o)
                0x0000000140007060                _newmode
 .bss           0x0000000140007070       0x10 /usr/lib/gcc/x86_64-w64-mingw32/13-win32/../../../../x86_64-w64-mingw32/lib/libmingw32.a(lib64_libmingw32_a-tlssup.o)
                0x0000000140007070                __mingw_initltssuo_force
                0x0000000140007074                __mingw_initltsdyn_force
                0x0000000140007078                __mingw_initltsdrot_force
                0x000000014000707c                _tls_index
 .bss           0x0000000140007080       0x10 /usr/lib/gcc/x86_64-w64-mingw32/13-win32/../../../../x86_64-w64-mingw32/lib/libmingw32.a(lib64_libmingw32_a-xncommod.o)
                0x0000000140007080                _commode
 .bss           0x0000000140007090       0x10 /usr/lib/gcc/x86_64-w64-mingw32/13-win32/../../../../x86_64-w64-mingw32/lib/libmingw32.a(lib64_libmingw32_a-mingw_helpers.o)
                0x0000000140007090                __mingw_app_type
 .bss           0x00000001400070a0       0x10 /usr/lib/gcc/x86_64-w64-mingw32/13-win32/../../../../x86_64-w64-mingw32/lib/libmingw32.a(lib64_libmingw32_a-pseudo-reloc.o)
 .bss           0x00000001400070b0       0x10 /usr/lib/gcc/x86_64-w64-mingw32/13-win32/../../../../x86_64-w64-mingw32/lib/libmingw32.a(lib64_libmingw32_a-usermatherr.o)
 .bss           0x00000001400070c0       0x10 /usr/lib/gcc/x86_64-w64-mingw32/13-win32/../../../../x86_64-w64-mingw32/lib/libmingw32.a(lib64_libmingw32_a-xtxtmode.o)
                0x00000001400070c0                _fmode
 .bss           0x00000001400070d0       0x10 /usr/lib/gcc/x86_64-w64-mingw32/13-win32/../../../../x86_64-w64-mingw32/lib/libmingw32.a(lib64_libmingw32_a-crt_handler.o)
                0x00000001400070d0                __mingw_oldexcpt_handler
 .bss           0x00000001400070e0       0x60 /usr/lib/gcc/x86_64-w64-mingw32/13-win32/../../../../x86_64-w64-mingw32/lib/libmingw32.a(lib64_libmingw32_a-tlsthrd.o)
 .bss           0x0000000140007140       0x10 /usr/lib/gcc/x86_64-w64-mingw32/13-win32/../../../../x86_64-w64-mingw32/lib/libmsvcrt.a(lib64_libmsvcrt_extra_a-invalid_parameter_handler.o)
 *(COMMON)
                0x0000000140007150                __bss_end__ = .

.edata
 *(.edata)

/DISCARD/
 *(.debug$S)
 *(.debug$T)
 *(.debug$F)
 *(.drectve)
 *(.note.GNU-stack)
 *(.gnu.lto_*)

.idata          0x0000000140008000      0x600
 SORT_BY_NAME(*)(.idata$2)
 .idata$2       0x0000000140008000       0x14 /usr/lib/gcc/x86_64-w64-mingw32/13-win32/../../../../x86_64-w64-mingw32/lib/libkernel32.a(libkernel32h.o)
                0x0000000140008000                _head_lib64_libkernel32_a
 .idata$2       0x0000000140008014       0x14 /usr/lib/gcc/x86_64-w64-mingw32/13-win32/../../../../x86_64-w64-mingw32/lib/libmsvcrt.a(libmsvcrt_defh.o)
                0x0000000140008014                _head_lib64_libmsvcrt_def_a
 SORT_BY_NAME(*)(.idata$3)
                0x0000000140008028        0x4 LONG 0x0
                0x000000014000802c        0x4 LONG 0x0
                0x0000000140008030        0x4 LONG 0x0
                0x0000000140008034        0x4 LONG 0x0
                0x0000000140008038        0x4 LONG 0x0
                0x0000000140008040                . = ALIGN (0x8)
 *fill*         0x000000014000803c        0x4 
 SORT_BY_NAME(*)(.idata$4)
 .idata$4       0x0000000140008040        0x0 /usr/lib/gcc/x86_64-w64-mingw32/13-win32/../../../../x86_64-w64-mingw32/lib/libkernel32.a(libkernel32h.o)
 .idata$4       0x0000000140008040        0x8 /usr/lib/gcc/x86_64-w64-mingw32/13-win32/../../../../x86_64-w64-mingw32/lib/libkernel32.a(libkernel32s00280.o)
 .idata$4       0x0000000140008048        0x8 /usr/lib/gcc/x86_64-w64-mingw32/13-win32/../../../../x86_64-w64-mingw32/lib/libkernel32.a(libkernel32s00316.o)
 .idata$4       0x0000000140008050        0x8 /usr/lib/gcc/x86_64-w64-mingw32/13-win32/../../../../x86_64-w64-mingw32/lib/libkernel32.a(libkernel32s00627.o)
 .idata$4       0x0000000140008058        0x8 /usr/lib/gcc/x86_64-w64-mingw32/13-win32/../../../../x86_64-w64-mingw32/lib/libkernel32.a(libkernel32s00889.o)
 .idata$4       0x0000000140008060        0x8 /usr/lib/gcc/x86_64-w64-mingw32/13-win32/../../../../x86_64-w64-mingw32/lib/libkernel32.a(libkernel32s00981.o)
 .idata$4       0x0000000140008068        0x8 /usr/lib/gcc/x86_64-w64-mingw32/13-win32/../../../../x86_64-w64-mingw32/lib/libkernel32.a(libkernel32s01390.o)
 .idata$4       0x0000000140008070        0x8 /usr/lib/gcc/x86_64-w64-mingw32/13-win32/../../../../x86_64-w64-mingw32/lib/libkernel32.a(libkernel32s01406.o)
 .idata$4       0x0000000140008078        0x8 /usr/lib/gcc/x86_64-w64-mingw32/13-win32/../../../../x86_64-w64-mingw32/lib/libkernel32.a(libkernel32s01441.o)
 .idata$4       0x0000000140008080        0x8 /usr/lib/gcc/x86_64-w64-mingw32/13-win32/../../../../x86_64-w64-mingw32/lib/libkernel32.a(libkernel32s01488.o)
 .idata$4       0x0000000140008088        0x8 /usr/lib/gcc/x86_64-w64-mingw32/13-win32/../../../../x86_64-w64-mingw32/lib/libkernel32.a(libkernel32s01490.o)
 .idata$4       0x0000000140008090        0x8 /usr/lib/gcc/x86_64-w64-mingw32/13-win32/../../../../x86_64-w64-mingw32/lib/libkernel32.a(libkernel32s01580.o)
 .idata$4       0x0000000140008098        0x8 /usr/lib/gcc/x86_64-w64-mingw32/13-win32/../../../../x86_64-w64-mingw32/lib/libkernel32.a(libkernel32t.o)
 .idata$4       0x00000001400080a0        0x0 /usr/lib/gcc/x86_64-w64-mingw32/13-win32/../../../../x86_64-w64-mingw32/lib/libmsvcrt.a(libmsvcrt_defh.o)
 .idata$4       0x00000001400080a0        0x8 /usr/lib/gcc/x86_64-w64-mingw32/13-win32/../../../../x86_64-w64-mingw32/lib/libmsvcrt.a(libmsvcrt_defs00081.o)
 .idata$4       0x00000001400080a8        0x8 /usr/lib/gcc/x86_64-w64-mingw32/13-win32/../../../../x86_64-w64-mingw32/lib/libmsvcrt.a(libmsvcrt_defs00082.o)
 .idata$4       0x00000001400080b0        0x8 /usr/lib/gcc/x86_64-w64-mingw32/13-win32/../../../../x86_64-w64-mingw32/lib/libmsvcrt.a(libmsvcrt_defs00083.o)
 .idata$4       0x00000001400080b8        0x8 /usr/lib/gcc/x86_64-w64-mingw32/13-win32/../../../../x86_64-w64-mingw32/lib/libmsvcrt.a(libmsvcrt_defs00096.o)
 .idata$4       0x00000001400080c0        0x8 /usr/lib/gcc/x86_64-w64-mingw32/13-win32/../../../../x86_64-w64-mingw32/lib/libmsvcrt.a(libmsvcrt_defs00098.o)
 .idata$4       0x00000001400080c8        0x8 /usr/lib/gcc/x86_64-w64-mingw32/13-win32/../../../../x86_64-w64-mingw32/lib/libmsvcrt.a(libmsvcrt_defs00119.o)
 .idata$4       0x00000001400080d0        0x8 /usr/lib/gcc/x86_64-w64-mingw32/13-win32/../../../../x86_64-w64-mingw32/lib/libmsvcrt.a(libmsvcrt_defs00137.o)
 .idata$4       0x00000001400080d8        0x8 /usr/lib/gcc/x86_64-w64-mingw32/13-win32/../../../../x86_64-w64-mingw32/lib/libmsvcrt.a(libmsvcrt_defs00149.o)
 .idata$4       0x00000001400080e0        0x8 /usr/lib/gcc/x86_64-w64-mingw32/13-win32/../../../../x86_64-w64-mingw32/lib/libmsvcrt.a(libmsvcrt_defs00225.o)
 .idata$4       0x00000001400080e8        0x8 /usr/lib/gcc/x86_64-w64-mingw32/13-win32/../../../../x86_64-w64-mingw32/lib/libmsvcrt.a(libmsvcrt_defs00291.o)
 .idata$4       0x00000001400080f0        0x8 /usr/lib/gcc/x86_64-w64-mingw32/13-win32/../../../../x86_64-w64-mingw32/lib/libmsvcrt.a(libmsvcrt_defs00559.o)
 .idata$4       0x00000001400080f8        0x8 /usr/lib/gcc/x86_64-w64-mingw32/13-win32/../../../../x86_64-w64-mingw32/lib/libmsvcrt.a(libmsvcrt_defs00904.o)
 .idata$4       0x0000000140008100        0x8 /usr/lib/gcc/x86_64-w64-mingw32/13-win32/../../../../x86_64-w64-mingw32/lib/libmsvcrt.a(libmsvcrt_defs00921.o)
 .idata$4       0x0000000140008108        0x8 /usr/lib/gcc/x86_64-w64-mingw32/13-win32/../../../../x86_64-w64-mingw32/lib/libmsvcrt.a(libmsvcrt_defs00934.o)
 .idata$4       0x0000000140008110        0x8 /usr/lib/gcc/x86_64-w64-mingw32/13-win32/../../../../x86_64-w64-mingw32/lib/libmsvcrt.a(libmsvcrt_defs00953.o)
 .idata$4       0x0000000140008118        0x8 /usr/lib/gcc/x86_64-w64-mingw32/13-win32/../../../../x86_64-w64-mingw32/lib/libmsvcrt.a(libmsvcrt_defs00960.o)
 .idata$4       0x0000000140008120        0x8 /usr/lib/gcc/x86_64-w64-mingw32/13-win32/../../../../x86_64-w64-mingw32/lib/libmsvcrt.a(libmsvcrt_defs00971.o)
 .idata$4       0x0000000140008128        0x8 /usr/lib/gcc/x86_64-w64-mingw32/13-win32/../../../../x86_64-w64-mingw32/lib/libmsvcrt.a(libmsvcrt_defs01038.o)
 .idata$4       0x0000000140008130        0x8 /usr/lib/gcc/x86_64-w64-mingw32/13-win32/../../../../x86_64-w64-mingw32/lib/libmsvcrt.a(libmsvcrt_defs01046.o)
 .idata$4       0x0000000140008138        0x8 /usr/lib/gcc/x86_64-w64-mingw32/13-win32/../../../../x86_64-w64-mingw32/lib/libmsvcrt.a(libmsvcrt_defs01076.o)
 .idata$4       0x0000000140008140        0x8 /usr/lib/gcc/x86_64-w64-mingw32/13-win32/../../../../x86_64-w64-mingw32/lib/libmsvcrt.a(libmsvcrt_defs01097.o)
 .idata$4       0x0000000140008148        0x8 /usr/lib/gcc/x86_64-w64-mingw32/13-win32/../../../../x86_64-w64-mingw32/lib/libmsvcrt.a(libmsvcrt_defs01100.o)
 .idata$4       0x0000000140008150        0x8 /usr/lib/gcc/x86_64-w64-mingw32/13-win32/../../../../x86_64-w64-mingw32/lib/libmsvcrt.a(libmsvcrt_defs01130.o)
 .idata$4       0x0000000140008158        0x8 /usr/lib/gcc/x86_64-w64-mingw32/13-win32/../../../../x86_64-w64-mingw32/lib/libmsvcrt.a(libmsvcrt_deft.o)
                0x0000000140008160                __IAT_start__ = .
 SORT_BY_NAME(*)(.idata$5)
 .idata$5       0x0000000140008160        0x0 /usr/lib/gcc/x86_64-w64-mingw32/13-win32/../../../../x86_64-w64-mingw32/lib/libkernel32.a(libkernel32h.o)
 .idata$5       0x0000000140008160        0x8 /usr/lib/gcc/x86_64-w64-mingw32/13-win32/../../../../x86_64-w64-mingw32/lib/libkernel32.a(libkernel32s00280.o)
                0x0000000140008160                __imp_DeleteCriticalSection
 .idata$5       0x0000000140008168        0x8 /usr/lib/gcc/x86_64-w64-mingw32/13-win32/../../../../x86_64-w64-mingw32/lib/libkernel32.a(libkernel32s00316.o)
                0x0000000140008168                __imp_EnterCriticalSection
 .idata$5       0x0000000140008170        0x8 /usr/lib/gcc/x86_64-w64-mingw32/13-win32/../../../../x86_64-w64-mingw32/lib/libkernel32.a(libkernel32s00627.o)
                0x0000000140008170                __imp_GetLastError
 .idata$5       0x0000000140008178        0x8 /usr/lib/gcc/x86_64-w64-mingw32/13-win32/../../../../x86_64-w64-mingw32/lib/libkernel32.a(libkernel32s00889.o)
                0x0000000140008178                __imp_InitializeCriticalSection
 .idata$5       0x0000000140008180        0x8 /usr/lib/gcc/x86_64-w64-mingw32/13-win32/../../../../x86_64-w64-mingw32/lib/libkernel32.a(libkernel32s00981.o)
                0x0000000140008180                __imp_LeaveCriticalSection
 .idata$5       0x0000000140008188        0x8 /usr/lib/gcc/x86_64-w64-mingw32/13-win32/../../../../x86_64-w64-mingw32/lib/libkernel32.a(libkernel32s01390.o)
                0x0000000140008188                __imp_SetUnhandledExceptionFilter
 .idata$5       0x0000000140008190        0x8 /usr/lib/gcc/x86_64-w64-mingw32/13-win32/../../../../x86_64-w64-mingw32/lib/libkernel32.a(libkernel32s01406.o)
                0x0000000140008190                __imp_Sleep
 .idata$5       0x0000000140008198        0x8 /usr/lib/gcc/x86_64-w64-mingw32/13-win32/../../../../x86_64-w64-mingw32/lib/libkernel32.a(libkernel32s01441.o)
                0x0000000140008198                __imp_TlsGetValue
 .idata$5       0x00000001400081a0        0x8 /usr/lib/gcc/x86_64-w64-mingw32/13-win32/../../../../x86_64-w64-mingw32/lib/libkernel32.a(libkernel32s01488.o)
                0x00000001400081a0                __imp_VirtualProtect
 .idata$5       0x00000001400081a8        0x8 /usr/lib/gcc/x86_64-w64-mingw32/13-win32/../../../../x86_64-w64-mingw32/lib/libkernel32.a(libkernel32s01490.o)
                0x00000001400081a8                __imp_VirtualQuery
 .idata$5       0x00000001400081b0        0x8 /usr/lib/gcc/x86_64-w64-mingw32/13-win32/../../../../x86_64-w64-mingw32/lib/libkernel32.a(libkernel32s01580.o)
                0x00000001400081b0                __imp___C_specific_handler
 .idata$5       0x00000001400081b8        0x8 /usr/lib/gcc/x86_64-w64-mingw32/13-win32/../../../../x86_64-w64-mingw32/lib/libkernel32.a(libkernel32t.o)
 .idata$5       0x00000001400081c0        0x0 /usr/lib/gcc/x86_64-w64-mingw32/13-win32/../../../../x86_64-w64-mingw32/lib/libmsvcrt.a(libmsvcrt_defh.o)
 .idata$5       0x00000001400081c0        0x8 /usr/lib/gcc/x86_64-w64-mingw32/13-win32/../../../../x86_64-w64-mingw32/lib/libmsvcrt.a(libmsvcrt_defs00081.o)
                0x00000001400081c0                __imp___getmainargs
 .idata$5       0x00000001400081c8        0x8 /usr/lib/gcc/x86_64-w64-mingw32/13-win32/../../../../x86_64-w64-mingw32/lib/libmsvcrt.a(libmsvcrt_defs00082.o)
                0x00000001400081c8                __imp___initenv
 .idata$5       0x00000001400081d0        0x8 /usr/lib/gcc/x86_64-w64-mingw32/13-win32/../../../../x86_64-w64-mingw32/lib/libmsvcrt.a(libmsvcrt_defs00083.o)
                0x00000001400081d0                __imp___iob_func
 .idata$5       0x00000001400081d8        0x8 /usr/lib/gcc/x86_64-w64-mingw32/13-win32/../../../../x86_64-w64-mingw32/lib/libmsvcrt.a(libmsvcrt_defs00096.o)
                0x00000001400081d8                __imp___set_app_type
 .idata$5       0x00000001400081e0        0x8 /usr/lib/gcc/x86_64-w64-mingw32/13-win32/../../../../x86_64-w64-mingw32/lib/libmsvcrt.a(libmsvcrt_defs00098.o)
                0x00000001400081e0                __imp___setusermatherr
 .idata$5       0x00000001400081e8        0x8 /usr/lib/gcc/x86_64-w64-mingw32/13-win32/../../../../x86_64-w64-mingw32/lib/libmsvcrt.a(libmsvcrt_defs00119.o)
                0x00000001400081e8                __imp__amsg_exit
 .idata$5       0x00000001400081f0        0x8 /usr/lib/gcc/x86_64-w64-mingw32/13-win32/../../../../x86_64-w64-mingw32/lib/libmsvcrt.a(libmsvcrt_defs00137.o)
                0x00000001400081f0                __imp__cexit
 .idata$5       0x00000001400081f8        0x8 /usr/lib/gcc/x86_64-w64-mingw32/13-win32/../../../../x86_64-w64-mingw32/lib/libmsvcrt.a(libmsvcrt_defs00149.o)
                0x00000001400081f8                __imp__commode
 .idata$5       0x0000000140008200        0x8 /usr/lib/gcc/x86_64-w64-mingw32/13-win32/../../../../x86_64-w64-mingw32/lib/libmsvcrt.a(libmsvcrt_defs00225.o)
                0x0000000140008200                __imp__fmode
 .idata$5       0x0000000140008208        0x8 /usr/lib/gcc/x86_64-w64-mingw32/13-win32/../../../../x86_64-w64-mingw32/lib/libmsvcrt.a(libmsvcrt_defs00291.o)
                0x0000000140008208                __imp__initterm
 .idata$5       0x0000000140008210        0x8 /usr/lib/gcc/x86_64-w64-mingw32/13-win32/../../../../x86_64-w64-mingw32/lib/libmsvcrt.a(libmsvcrt_defs00559.o)
                0x0000000140008210                __imp__onexit
 .idata$5       0x0000000140008218        0x8 /usr/lib/gcc/x86_64-w64-mingw32/13-win32/../../../../x86_64-w64-mingw32/lib/libmsvcrt.a(libmsvcrt_defs00904.o)
                0x0000000140008218                __imp_abort
 .idata$5       0x0000000140008220        0x8 /usr/lib/gcc/x86_64-w64-mingw32/13-win32/../../../../x86_64-w64-mingw32/lib/libmsvcrt.a(libmsvcrt_defs00921.o)
                0x0000000140008220                __imp_calloc
 .idata$5       0x0000000140008228        0x8 /usr/lib/gcc/x86_64-w64-mingw32/13-win32/../../../../x86_64-w64-mingw32/lib/libmsvcrt.a(libmsvcrt_defs00934.o)
                0x0000000140008228                __imp_exit
 .idata$5       0x0000000140008230        0x8 /usr/lib/gcc/x86_64-w64-mingw32/13-win32/../../../../x86_64-w64-mingw32/lib/libmsvcrt.a(libmsvcrt_defs00953.o)
                0x0000000140008230                __imp_fprintf
 .idata$5       0x0000000140008238        0x8 /usr/lib/gcc/x86_64-w64-mingw32/13-win32/../../../../x86_64-w64-mingw32/lib/libmsvcrt.a(libmsvcrt_defs00960.o)
                0x0000000140008238                __imp_free
 .idata$5       0x0000000140008240        0x8 /usr/lib/gcc/x86_64-w64-mingw32/13-win32/../../../../x86_64-w64-mingw32/lib/libmsvcrt.a(libmsvcrt_defs00971.o)
                0x0000000140008240                __imp_fwrite
 .idata$5       0x0000000140008248        0x8 /usr/lib/gcc/x86_64-w64-mingw32/13-win32/../../../../x86_64-w64-mingw32/lib/libmsvcrt.a(libmsvcrt_defs01038.o)
                0x0000000140008248                __imp_malloc
 .idata$5       0x0000000140008250        0x8 /usr/lib/gcc/x86_64-w64-mingw32/13-win32/../../../../x86_64-w64-mingw32/lib/libmsvcrt.a(libmsvcrt_defs01046.o)
                0x0000000140008250                __imp_memcpy
 .idata$5       0x0000000140008258        0x8 /usr/lib/gcc/x86_64-w64-mingw32/13-win32/../../../../x86_64-w64-mingw32/lib/libmsvcrt.a(libmsvcrt_defs01076.o)
                0x0000000140008258                __imp_signal
 .idata$5       0x0000000140008260        0x8 /usr/lib/gcc/x86_64-w64-mingw32/13-win32/../../../../x86_64-w64-mingw32/lib/libmsvcrt.a(libmsvcrt_defs01097.o)
                0x0000000140008260                __imp_strlen
 .idata$5       0x0000000140008268        0x8 /usr/lib/gcc/x86_64-w64-mingw32/13-win32/../../../../x86_64-w64-mingw32/lib/libmsvcrt.a(libmsvcrt_defs01100.o)
                0x0000000140008268                __imp_strncmp
 .idata$5       0x0000000140008270        0x8 /usr/lib/gcc/x86_64-w64-mingw32/13-win32/../../../../x86_64-w64-mingw32/lib/libmsvcrt.a(libmsvcrt_defs01130.o)
                0x0000000140008270                __imp_vfprintf
 .idata$5       0x0000000140008278        0x8 /usr/lib/gcc/x86_64-w64-mingw32/13-win32/../../../../x86_64-w64-mingw32/lib/libmsvcrt.a(libmsvcrt_deft.o)
                0x0000000140008280                __IAT_end__ = .
 SORT_BY_NAME(*)(.idata$6)
 .idata$6       0x0000000140008280       0x18 /usr/lib/gcc/x86_64-w64-mingw32/13-win32/../../../../x86_64-w64-mingw32/lib/libkernel32.a(libkernel32s00280.o)
 .idata$6       0x0000000140008298       0x18 /usr/lib/gcc/x86_64-w64-mingw32/13-win32/../../../../x86_64-w64-mingw32/lib/libkernel32.a(libkernel32s00316.o)
 .idata$6       0x00000001400082b0       0x10 /usr/lib/gcc/x86_64-w64-mingw32/13-win32/../../../../x86_64-w64-mingw32/lib/libkernel32.a(libkernel32s00627.o)
 .idata$6       0x00000001400082c0       0x1c /usr/lib/gcc/x86_64-w64-mingw32/13-win32/../../../../x86_64-w64-mingw32/lib/libkernel32.a(libkernel32s00889.o)
 .idata$6       0x00000001400082dc       0x18 /usr/lib/gcc/x86_64-w64-mingw32/13-win32/../../../../x86_64-w64-mingw32/lib/libkernel32.a(libkernel32s00981.o)
 .idata$6       0x00000001400082f4       0x1e /usr/lib/gcc/x86_64-w64-mingw32/13-win32/../../../../x86_64-w64-mingw32/lib/libkernel32.a(libkernel32s01390.o)
 .idata$6       0x0000000140008312        0x8 /usr/lib/gcc/x86_64-w64-mingw32/13-win32/../../../../x86_64-w64-mingw32/lib/libkernel32.a(libkernel32s01406.o)
 .idata$6       0x000000014000831a        0xe /usr/lib/gcc/x86_64-w64-mingw32/13-win32/../../../../x86_64-w64-mingw32/lib/libkernel32.a(libkernel32s01441.o)
 .idata$6       0x0000000140008328       0x12 /usr/lib/gcc/x86_64-w64-mingw32/13-win32/../../../../x86_64-w64-mingw32/lib/libkernel32.a(libkernel32s01488.o)
 .idata$6       0x000000014000833a       0x10 /usr/lib/gcc/x86_64-w64-mingw32/13-win32/../../../../x86_64-w64-mingw32/lib/libkernel32.a(libkernel32s01490.o)
 .idata$6       0x000000014000834a       0x18 /usr/lib/gcc/x86_64-w64-mingw32/13-win32/../../../../x86_64-w64-mingw32/lib/libkernel32.a(libkernel32s01580.o)
 .idata$6       0x0000000140008362       0x10 /usr/lib/gcc/x86_64-w64-mingw32/13-win32/../../../../x86_64-w64-mingw32/lib/libmsvcrt.a(libmsvcrt_defs00081.o)
 .idata$6       0x0000000140008372        0xc /usr/lib/gcc/x86_64-w64-mingw32/13-win32/../../../../x86_64-w64-mingw32/lib/libmsvcrt.a(libmsvcrt_defs00082.o)
 .idata$6       0x000000014000837e        0xe /usr/lib/gcc/x86_64-w64-mingw32/13-win32/../../../../x86_64-w64-mingw32/lib/libmsvcrt.a(libmsvcrt_defs00083.o)
 .idata$6       0x000000014000838c       0x12 /usr/lib/gcc/x86_64-w64-mingw32/13-win32/../../../../x86_64-w64-mingw32/lib/libmsvcrt.a(libmsvcrt_defs00096.o)
 .idata$6       0x000000014000839e       0x14 /usr/lib/gcc/x86_64-w64-mingw32/13-win32/../../../../x86_64-w64-mingw32/lib/libmsvcrt.a(libmsvcrt_defs00098.o)
 .idata$6       0x00000001400083b2        0xe /usr/lib/gcc/x86_64-w64-mingw32/13-win32/../../../../x86_64-w64-mingw32/lib/libmsvcrt.a(libmsvcrt_defs00119.o)
 .idata$6       0x00000001400083c0        0xa /usr/lib/gcc/x86_64-w64-mingw32/13-win32/../../../../x86_64-w64-mingw32/lib/libmsvcrt.a(libmsvcrt_defs00137.o)
 .idata$6       0x00000001400083ca        0xc /usr/lib/gcc/x86_64-w64-mingw32/13-win32/../../../../x86_64-w64-mingw32/lib/libmsvcrt.a(libmsvcrt_defs00149.o)
 .idata$6       0x00000001400083d6        0xa /usr/lib/gcc/x86_64-w64-mingw32/13-win32/../../../../x86_64-w64-mingw32/lib/libmsvcrt.a(libmsvcrt_defs00225.o)
 .idata$6       0x00000001400083e0        0xc /usr/lib/gcc/x86_64-w64-mingw32/13-win32/../../../../x86_64-w64-mingw32/lib/libmsvcrt.a(libmsvcrt_defs00291.o)
 .idata$6       0x00000001400083ec        0xa /usr/lib/gcc/x86_64-w64-mingw32/13-win32/../../../../x86_64-w64-mingw32/lib/libmsvcrt.a(libmsvcrt_defs00559.o)
 .idata$6       0x00000001400083f6        0x8 /usr/lib/gcc/x86_64-w64-mingw32/13-win32/../../../../x86_64-w64-mingw32/lib/libmsvcrt.a(libmsvcrt_defs00904.o)
 .idata$6       0x00000001400083fe        0xa /usr/lib/gcc/x86_64-w64-mingw32/13-win32/../../../../x86_64-w64-mingw32/lib/libmsvcrt.a(libmsvcrt_defs00921.o)
 .idata$6       0x0000000140008408        0x8 /usr/lib/gcc/x86_64-w64-mingw32/13-win32/../../../../x86_64-w64-mingw32/lib/libmsvcrt.a(libmsvcrt_defs00934.o)
 .idata$6       0x0000000140008410        0xa /usr/lib/gcc/x86_64-w64-mingw32/13-win32/../../../../x86_64-w64-mingw32/lib/libmsvcrt.a(libmsvcrt_defs00953.o)
 .idata$6       0x000000014000841a        0x8 /usr/lib/gcc/x86_64-w64-mingw32/13-win32/../../../../x86_64-w64-mingw32/lib/libmsvcrt.a(libmsvcrt_defs00960.o)
 .idata$6       0x0000000140008422        0xa /usr/lib/gcc/x86_64-w64-mingw32/13-win32/../../../../x86_64-w64-mingw32/lib/libmsvcrt.a(libmsvcrt_defs00971.o)
 .idata$6       0x000000014000842c        0xa /usr/lib/gcc/x86_64-w64-mingw32/13-win32/../../../../x86_64-w64-mingw32/lib/libmsvcrt.a(libmsvcrt_defs01038.o)
 .idata$6       0x0000000140008436        0xa /usr/lib/gcc/x86_64-w64-mingw32/13-win32/../../../../x86_64-w64-mingw32/lib/libmsvcrt.a(libmsvcrt_defs01046.o)
 .idata$6       0x0000000140008440        0xa /usr/lib/gcc/x86_64-w64-mingw32/13-win32/../../../../x86_64-w64-mingw32/lib/libmsvcrt.a(libmsvcrt_defs01076.o)
 .idata$6       0x000000014000844a        0xa /usr/lib/gcc/x86_64-w64-mingw32/13-win32/../../../../x86_64-w64-mingw32/lib/libmsvcrt.a(libmsvcrt_defs01097.o)
 .idata$6       0x0000000140008454        0xa /usr/lib/gcc/x86_64-w64-mingw32/13-win32/../../../../x86_64-w64-mingw32/lib/libmsvcrt.a(libmsvcrt_defs01100.o)
 .idata$6       0x000000014000845e        0xc /usr/lib/gcc/x86_64-w64-mingw32/13-win32/../../../../x86_64-w64-mingw32/lib/libmsvcrt.a(libmsvcrt_defs01130.o)
 SORT_BY_NAME(*)(.idata$7)
 *fill*         0x000000014000846a        0x2 
 .idata$7       0x000000014000846c        0x4 /usr/lib/gcc/x86_64-w64-mingw32/13-win32/../../../../x86_64-w64-mingw32/lib/libkernel32.a(libkernel32s00280.o)
 .idata$7       0x0000000140008470        0x4 /usr/lib/gcc/x86_64-w64-mingw32/13-win32/../../../../x86_64-w64-mingw32/lib/libkernel32.a(libkernel32s00316.o)
 .idata$7       0x0000000140008474        0x4 /usr/lib/gcc/x86_64-w64-mingw32/13-win32/../../../../x86_64-w64-mingw32/lib/libkernel32.a(libkernel32s00627.o)
 .idata$7       0x0000000140008478        0x4 /usr/lib/gcc/x86_64-w64-mingw32/13-win32/../../../../x86_64-w64-mingw32/lib/libkernel32.a(libkernel32s00889.o)
 .idata$7       0x000000014000847c        0x4 /usr/lib/gcc/x86_64-w64-mingw32/13-win32/../../../../x86_64-w64-mingw32/lib/libkernel32.a(libkernel32s00981.o)
 .idata$7       0x0000000140008480        0x4 /usr/lib/gcc/x86_64-w64-mingw32/13-win32/../../../../x86_64-w64-mingw32/lib/libkernel32.a(libkernel32s01390.o)
 .idata$7       0x0000000140008484        0x4 /usr/lib/gcc/x86_64-w64-mingw32/13-win32/../../../../x86_64-w64-mingw32/lib/libkernel32.a(libkernel32s01406.o)
 .idata$7       0x0000000140008488        0x4 /usr/lib/gcc/x86_64-w64-mingw32/13-win32/../../../../x86_64-w64-mingw32/lib/libkernel32.a(libkernel32s01441.o)
 .idata$7       0x000000014000848c        0x4 /usr/lib/gcc/x86_64-w64-mingw32/13-win32/../../../../x86_64-w64-mingw32/lib/libkernel32.a(libkernel32s01488.o)
 .idata$7       0x0000000140008490        0x4 /usr/lib/gcc/x86_64-w64-mingw32/13-win32/../../../../x86_64-w64-mingw32/lib/libkernel32.a(libkernel32s01490.o)
 .idata$7       0x0000000140008494        0x4 /usr/lib/gcc/x86_64-w64-mingw32/13-win32/../../../../x86_64-w64-mingw32/lib/libkernel32.a(libkernel32s01580.o)
 .idata$7       0x0000000140008498       0x10 /usr/lib/gcc/x86_64-w64-mingw32/13-win32/../../../../x86_64-w64-mingw32/lib/libkernel32.a(libkernel32t.o)
                0x0000000140008498                __lib64_libkernel32_a_iname
 .idata$7       0x00000001400084a8        0x4 /usr/lib/gcc/x86_64-w64-mingw32/13-win32/../../../../x86_64-w64-mingw32/lib/libmsvcrt.a(libmsvcrt_defs00081.o)
 .idata$7       0x00000001400084ac        0x4 /usr/lib/gcc/x86_64-w64-mingw32/13-win32/../../../../x86_64-w64-mingw32/lib/libmsvcrt.a(libmsvcrt_defs00082.o)
 .idata$7       0x00000001400084b0        0x4 /usr/lib/gcc/x86_64-w64-mingw32/13-win32/../../../../x86_64-w64-mingw32/lib/libmsvcrt.a(libmsvcrt_defs00083.o)
 .idata$7       0x00000001400084b4        0x4 /usr/lib/gcc/x86_64-w64-mingw32/13-win32/../../../../x86_64-w64-mingw32/lib/libmsvcrt.a(libmsvcrt_defs00096.o)
 .idata$7       0x00000001400084b8        0x4 /usr/lib/gcc/x86_64-w64-mingw32/13-win32/../../../../x86_64-w64-mingw32/lib/libmsvcrt.a(libmsvcrt_defs00098.o)
 .idata$7       0x00000001400084bc        0x4 /usr/lib/gcc/x86_64-w64-mingw32/13-win32/../../../../x86_64-w64-mingw32/lib/libmsvcrt.a(libmsvcrt_defs00119.o)
 .idata$7       0x00000001400084c0        0x4 /usr/lib/gcc/x86_64-w64-mingw32/13-win32/../../../../x86_64-w64-mingw32/lib/libmsvcrt.a(libmsvcrt_defs00137.o)
 .idata$7       0x00000001400084c4        0x4 /usr/lib/gcc/x86_64-w64-mingw32/13-win32/../../../../x86_64-w64-mingw32/lib/libmsvcrt.a(libmsvcrt_defs00149.o)
 .idata$7       0x00000001400084c8        0x4 /usr/lib/gcc/x86_64-w64-mingw32/13-win32/../../../../x86_64-w64-mingw32/lib/libmsvcrt.a(libmsvcrt_defs00225.o)
 .idata$7       0x00000001400084cc        0x4 /usr/lib/gcc/x86_64-w64-mingw32/13-win32/../../../../x86_64-w64-mingw32/lib/libmsvcrt.a(libmsvcrt_defs00291.o)
 .idata$7       0x00000001400084d0        0x4 /usr/lib/gcc/x86_64-w64-mingw32/13-win32/../../../../x86_64-w64-mingw32/lib/libmsvcrt.a(libmsvcrt_defs00559.o)
 .idata$7       0x00000001400084d4        0x4 /usr/lib/gcc/x86_64-w64-mingw32/13-win32/../../../../x86_64-w64-mingw32/lib/libmsvcrt.a(libmsvcrt_defs00904.o)
 .idata$7       0x00000001400084d8        0x4 /usr/lib/gcc/x86_64-w64-mingw32/13-win32/../../../../x86_64-w64-mingw32/lib/libmsvcrt.a(libmsvcrt_defs00921.o)
 .idata$7       0x00000001400084dc        0x4 /usr/lib/gcc/x86_64-w64-mingw32/13-win32/../../../../x86_64-w64-mingw32/lib/libmsvcrt.a(libmsvcrt_defs00934.o)
 .idata$7       0x00000001400084e0        0x4 /usr/lib/gcc/x86_64-w64-mingw32/13-win32/../../../../x86_64-w64-mingw32/lib/libmsvcrt.a(libmsvcrt_defs00953.o)
 .idata$7       0x00000001400084e4        0x4 /usr/lib/gcc/x86_64-w64-mingw32/13-win32/../../../../x86_64-w64-mingw32/lib/libmsvcrt.a(libmsvcrt_defs00960.o)
 .idata$7       0x00000001400084e8        0x4 /usr/lib/gcc/x86_64-w64-mingw32/13-win32/../../../../x86_64-w64-mingw32/lib/libmsvcrt.a(libmsvcrt_defs00971.o)
 .idata$7       0x00000001400084ec        0x4 /usr/lib/gcc/x86_64-w64-mingw32/13-win32/../../../../x86_64-w64-mingw32/lib/libmsvcrt.a(libmsvcrt_defs01038.o)
 .idata$7       0x00000001400084f0        0x4 /usr/lib/gcc/x86_64-w64-mingw32/13-win32/../../../../x86_64-w64-mingw32/lib/libmsvcrt.a(libmsvcrt_defs01046.o)
 .idata$7       0x00000001400084f4        0x4 /usr/lib/gcc/x86_64-w64-mingw32/13-win32/../../../../x86_64-w64-mingw32/lib/libmsvcrt.a(libmsvcrt_defs01076.o)
 .idata$7       0x00000001400084f8        0x4 /usr/lib/gcc/x86_64-w64-mingw32/13-win32/../../../../x86_64-w64-mingw32/lib/libmsvcrt.a(libmsvcrt_defs01097.o)
 .idata$7       0x00000001400084fc        0x4 /usr/lib/gcc/x86_64-w64-mingw32/13-win32/../../../../x86_64-w64-mingw32/lib/libmsvcrt.a(libmsvcrt_defs01100.o)
 .idata$7       0x0000000140008500        0x4 /usr/lib/gcc/x86_64-w64-mingw32/13-win32/../../../../x86_64-w64-mingw32/lib/libmsvcrt.a(libmsvcrt_defs01130.o)
 .idata$7       0x0000000140008504        0xc /usr/lib/gcc/x86_64-w64-mingw32/13-win32/../../../../x86_64-w64-mingw32/lib/libmsvcrt.a(libmsvcrt_deft.o)
                0x0000000140008504                __lib64_libmsvcrt_def_a_iname

.CRT            0x0000000140009000      0x200
                0x0000000140009000                ___crt_xc_start__ = .
 *(SORT_BY_NAME(.CRT$XC*))
 .CRT$XCA       0x0000000140009000        0x8 /usr/lib/gcc/x86_64-w64-mingw32/13-win32/../../../../x86_64-w64-mingw32/lib/libmingw32.a(lib64_libmingw32_a-cinitexe.o)
                0x0000000140009000                __xc_a
 .CRT$XCAA      0x0000000140009008        0x8 /usr/lib/gcc/x86_64-w64-mingw32/13-win32/../../../../x86_64-w64-mingw32/lib/crt2.o
                0x0000000140009008                __mingw_pcppinit
 .CRT$XCZ       0x0000000140009010        0x8 /usr/lib/gcc/x86_64-w64-mingw32/13-win32/../../../../x86_64-w64-mingw32/lib/libmingw32.a(lib64_libmingw32_a-cinitexe.o)
                0x0000000140009010                __xc_z
                0x0000000140009018                ___crt_xc_end__ = .
                0x0000000140009018                ___crt_xi_start__ = .
 *(SORT_BY_NAME(.CRT$XI*))
 .CRT$XIA       0x0000000140009018        0x8 /usr/lib/gcc/x86_64-w64-mingw32/13-win32/../../../../x86_64-w64-mingw32/lib/libmingw32.a(lib64_libmingw32_a-cinitexe.o)
                0x0000000140009018                __xi_a
 .CRT$XIAA      0x0000000140009020        0x8 /usr/lib/gcc/x86_64-w64-mingw32/13-win32/../../../../x86_64-w64-mingw32/lib/crt2.o
                0x0000000140009020                __mingw_pcinit
 .CRT$XIZ       0x0000000140009028        0x8 /usr/lib/gcc/x86_64-w64-mingw32/13-win32/../../../../x86_64-w64-mingw32/lib/libmingw32.a(lib64_libmingw32_a-cinitexe.o)
                0x0000000140009028                __xi_z
                0x0000000140009030                ___crt_xi_end__ = .
                0x0000000140009030                ___crt_xl_start__ = .
 *(SORT_BY_NAME(.CRT$XL*))
 .CRT$XLA       0x0000000140009030        0x8 /usr/lib/gcc/x86_64-w64-mingw32/13-win32/../../../../x86_64-w64-mingw32/lib/libmingw32.a(lib64_libmingw32_a-tlssup.o)
                0x0000000140009030                __xl_a
 .CRT$XLC       0x0000000140009038        0x8 /usr/lib/gcc/x86_64-w64-mingw32/13-win32/../../../../x86_64-w64-mingw32/lib/libmingw32.a(lib64_libmingw32_a-tlssup.o)
                0x0000000140009038                __xl_c
 .CRT$XLD       0x0000000140009040        0x8 /usr/lib/gcc/x86_64-w64-mingw32/13-win32/../../../../x86_64-w64-mingw32/lib/libmingw32.a(lib64_libmingw32_a-tlssup.o)
                0x0000000140009040                __xl_d
 .CRT$XLZ       0x0000000140009048        0x8 /usr/lib/gcc/x86_64-w64-mingw32/13-win32/../../../../x86_64-w64-mingw32/lib/libmingw32.a(lib64_libmingw32_a-tlssup.o)
                0x0000000140009048                __xl_z
                0x0000000140009050                ___crt_xp_start__ = .
 *(SORT_BY_NAME(.CRT$XP*))
                0x0000000140009050                ___crt_xp_end__ = .
                0x0000000140009050                ___crt_xt_start__ = .
 *(SORT_BY_NAME(.CRT$XT*))
                0x0000000140009050                ___crt_xt_end__ = .
 .CRT$XDA       0x0000000140009050        0x8 /usr/lib/gcc/x86_64-w64-mingw32/13-win32/../../../../x86_64-w64-mingw32/lib/libmingw32.a(lib64_libmingw32_a-tlssup.o)
 .CRT$XDZ       0x0000000140009058        0x8 /usr/lib/gcc/x86_64-w64-mingw32/13-win32/../../../../x86_64-w64-mingw32/lib/libmingw32.a(lib64_libmingw32_a-tlssup.o)

.tls            0x000000014000a000      0x200
                0x000000014000a000                ___tls_start__ = .
 *(.tls$AAA)
 *(.tls)
 .tls           0x000000014000a000        0x8 /usr/lib/gcc/x86_64-w64-mingw32/13-win32/../../../../x86_64-w64-mingw32/lib/libmingw32.a(lib64_libmingw32_a-tlssup.o)
                0x000000014000a000                _tls_start
 *(.tls$)
 *(SORT_BY_NAME(.tls$*))
 .tls$ZZZ       0x000000014000a008        0x8 /usr/lib/gcc/x86_64-w64-mingw32/13-win32/../../../../x86_64-w64-mingw32/lib/libmingw32.a(lib64_libmingw32_a-tlssup.o)
                0x000000014000a008                _tls_end
 *(.tls$ZZZ)
                0x000000014000a010                ___tls_end__ = .

.endjunk        0x000000014000b000        0x0
                [!provide]                        PROVIDE (end = .)
                [!provide]                        PROVIDE (_end = .)
                0x000000014000b000                __end__ = .

.rsrc
 *(.rsrc)
 *(.rsrc$*)

.reloc          0x000000014000b000      0x200
 *(.reloc)
 .reloc         0x000000014000b000       0x70 dll stuff

.stab
 *(.stab)

.stabstr
 *(.stabstr)

.debug_aranges  0x000000014000c000      0x600
 *(.debug_aranges)
 .debug_aranges
                0x000000014000c000       0x30 /usr/lib/gcc/x86_64-w64-mingw32/13-win32/../../../../x86_64-w64-mingw32/lib/crt2.o
 .debug_aranges
                0x000000014000c030       0x30 CMakeFiles/gcapp.dir/main.c.obj
 .debug_aranges
                0x000000014000c060       0x30 CMakeFiles/gcapp.dir/live.c.obj
 .debug_aranges
                0x000000014000c090       0x40 CMakeFiles/gcapp.dir/deadcode.c.obj
 .debug_aranges
                0x000000014000c0d0       0x30 /usr/lib/gcc/x86_64-w64-mingw32/13-win32/../../../../x86_64-w64-mingw32/lib/libmingw32.a(lib64_libmingw32_a-gccmain.o)
 .debug_aranges
                0x000000014000c100       0x20 /usr/lib/gcc/x86_64-w64-mingw32/13-win32/../../../../x86_64-w64-mingw32/lib/libmingw32.a(lib64_libmingw32_a-natstart.o)
 .debug_aranges
                0x000000014000c120       0x20 /usr/lib/gcc/x86_64-w64-mingw32/13-win32/../../../../x86_64-w64-mingw32/lib/libmingw32.a(lib64_libmingw32_a-wildcard.o)
 .debug_aranges
                0x000000014000c140       0x30 /usr/lib/gcc/x86_64-w64-mingw32/13-win32/../../../../x86_64-w64-mingw32/lib/libmingw32.a(lib64_libmingw32_a-dllargv.o)
 .debug_aranges
                0x000000014000c170       0x20 /usr/lib/gcc/x86_64-w64-mingw32/13-win32/../../../../x86_64-w64-mingw32/lib/libmingw32.a(lib64_libmingw32_a-_newmode.o)
 .debug_aranges
                0x000000014000c190       0x30 /usr/lib/gcc/x86_64-w64-mingw32/13-win32/../../../../x86_64-w64-mingw32/lib/libmingw32.a(lib64_libmingw32_a-tlssup.o)
 .debug_aranges
                0x000000014000c1c0       0x20 /usr/lib/gcc/x86_64-w64-mingw32/13-win32/../../../../x86_64-w64-mingw32/lib/libmingw32.a(lib64_libmingw32_a-xncommod.o)
 .debug_aranges
                0x000000014000c1e0       0x20 /usr/lib/gcc/x86_64-w64-mingw32/13-win32/../../../../x86_64-w64-mingw32/lib/libmingw32.a(lib64_libmingw32_a-cinitexe.o)
 .debug_aranges
                0x000000014000c200       0x30 /usr/lib/gcc/x86_64-w64-mingw32/13-win32/../../../../x86_64-w64-mingw32/lib/libmingw32.a(lib64_libmingw32_a-merr.o)
 .debug_aranges
                0x000000014000c230       0x30 /usr/lib/gcc/x86_64-w64-mingw32/13-win32/../../../../x86_64-w64-mingw32/lib/libmingw32.a(lib64_libmingw32_a-CRT_fp10.o)
 .debug_aranges
                0x000000014000c260       0x20 /usr/lib/gcc/x86_64-w64-mingw32/13-win32/../../../../x86_64-w64-mingw32/lib/libmingw32.a(lib64_libmingw32_a-mingw_helpers.o)
 .debug_aranges
                0x000000014000c280       0x30 /usr/lib/gcc/x86_64-w64-mingw32/13-win32/../../../../x86_64-w64-mingw32/lib/libmingw32.a(lib64_libmingw32_a-pseudo-reloc.o)
 .debug_aranges
                0x000000014000c2b0       0x30 /usr/lib/gcc/x86_64-w64-mingw32/13-win32/../../../../x86_64-w64-mingw32/lib/libmingw32.a(lib64_libmingw32_a-usermatherr.o)
 .debug_aranges
                0x000000014000c2e0       0x20 /usr/lib/gcc/x86_64-w64-mingw32/13-win32/../../../../x86_64-w64-mingw32/lib/libmingw32.a(lib64_libmingw32_a-xtxtmode.o)
 .debug_aranges
                0x000000014000c300       0x30 /usr/lib/gcc/x86_64-w64-mingw32/13-win32/../../../../x86_64-w64-mingw32/lib/libmingw32.a(lib64_libmingw32_a-crt_handler.o)
 .debug_aranges
                0x000000014000c330       0x30 /usr/lib/gcc/x86_64-w64-mingw32/13-win32/../../../../x86_64-w64-mingw32/lib/libmingw32.a(lib64_libmingw32_a-tlsthrd.o)
 .debug_aranges
                0x000000014000c360       0x20 /usr/lib/gcc/x86_64-w64-mingw32/13-win32/../../../../x86_64-w64-mingw32/lib/libmingw32.a(lib64_libmingw32_a-tlsmcrt.o)
 .debug_aranges
                0x000000014000c380       0x20 /usr/lib/gcc/x86_64-w64-mingw32/13-win32/../../../../x86_64-w64-mingw32/lib/libmingw32.a(lib64_libmingw32_a-pseudo-reloc-list.o)
 .debug_aranges
                0x000000014000c3a0       0x30 /usr/lib/gcc/x86_64-w64-mingw32/13-win32/../../../../x86_64-w64-mingw32/lib/libmingw32.a(lib64_libmingw32_a-pesect.o)
 .debug_aranges
                0x000000014000c3d0       0x20 /usr/lib/gcc/x86_64-w64-mingw32/13-win32/../../../../x86_64-w64-mingw32/lib/libmingwex.a(lib64_libmingwex_a-mingw_matherr.o)
 .debug_aranges
                0x000000014000c3f0       0x30 /usr/lib/gcc/x86_64-w64-mingw32/13-win32/../../../../x86_64-w64-mingw32/lib/libmsvcrt.a(lib64_libmsvcrt_extra_a-__p__fmode.o)
 .debug_aranges
                0x000000014000c420       0x30 /usr/lib/gcc/x86_64-w64-mingw32/13-win32/../../../../x86_64-w64-mingw32/lib/libmsvcrt.a(lib64_libmsvcrt_extra_a-__p__commode.o)
 .debug_aranges
                0x000000014000c450       0x30 /usr/lib/gcc/x86_64-w64-mingw32/13-win32/../../../../x86_64-w64-mingw32/lib/libmsvcrt.a(lib64_libmsvcrt_extra_a-invalid_parameter_handler.o)
 .debug_aranges
                0x000000014000c480       0x30 /usr/lib/gcc/x86_64-w64-mingw32/13-win32/../../../../x86_64-w64-mingw32/lib/libmsvcrt.a(lib64_libmsvcrt_common_a-acrt_iob_func.o)

.zdebug_aranges
 *(.zdebug_aranges)

.debug_pubnames
 *(.debug_pubnames)

.zdebug_pubnames
 *(.zdebug_pubnames)

.debug_info     0x000000014000d000     0xaa00
 *(.debug_info .gnu.linkonce.wi.*)
 .debug_info    0x000000014000d000     0x2715 /usr/lib/gcc/x86_64-w64-mingw32/13-win32/../../../../x86_64-w64-mingw32/lib/crt2.o
 .debug_info    0x000000014000f715       0xb5 CMakeFiles/gcapp.dir/main.c.obj
 .debug_info    0x000000014000f7ca       0xa8 CMakeFiles/gcapp.dir/live.c.obj
 .debug_info    0x000000014000f872       0xe5 CMakeFiles/gcapp.dir/deadcode.c.obj
 .debug_info    0x000000014000f957      0x6dc /usr/lib/gcc/x86_64-w64-mingw32/13-win32/../../../../x86_64-w64-mingw32/lib/libmingw32.a(lib64_libmingw32_a-gccmain.o)
 .debug_info    0x0000000140010033      0x67d /usr/lib/gcc/x86_64-w64-mingw32/13-win32/../../../../x86_64-w64-mingw32/lib/libmingw32.a(lib64_libmingw32_a-natstart.o)
 .debug_info    0x00000001400106b0      0x108 /usr/lib/gcc/x86_64-w64-mingw32/13-win32/../../../../x86_64-w64-mingw32/lib/libmingw32.a(lib64_libmingw32_a-wildcard.o)
 .debug_info    0x00000001400107b8      0x1fc /usr/lib/gcc/x86_64-w64-mingw32/13-win32/../../../../x86_64-w64-mingw32/lib/libmingw32.a(lib64_libmingw32_a-dllargv.o)
 .debug_info    0x00000001400109b4      0x105 /usr/lib/gcc/x86_64-w64-mingw32/13-win32/../../../../x86_64-w64-mingw32/lib/libmingw32.a(lib64_libmingw32_a-_newmode.o)
 .debug_info    0x0000000140010ab9      0x842 /usr/lib/gcc/x86_64-w64-mingw32/13-win32/../../../../x86_64-w64-mingw32/lib/libmingw32.a(lib64_libmingw32_a-tlssup.o)
 .debug_info    0x00000001400112fb      0x105 /usr/lib/gcc/x86_64-w64-mingw32/13-win32/../../../../x86_64-w64-mingw32/lib/libmingw32.a(lib64_libmingw32_a-xncommod.o)
 .debug_info    0x0000000140011400      0x1f6 /usr/lib/gcc/x86_64-w64-mingw32/13-win32/../../../../x86_64-w64-mingw32/lib/libmingw32.a(lib64_libmingw32_a-cinitexe.o)
 .debug_info    0x00000001400115f6      0x3b4 /usr/lib/gcc/x86_64-w64-mingw32/13-win32/../../../../x86_64-w64-mingw32/lib/libmingw32.a(lib64_libmingw32_a-merr.o)
 .debug_info    0x00000001400119aa      0x112 /usr/lib/gcc/x86_64-w64-mingw32/13-win32/../../../../x86_64-w64-mingw32/lib/libmingw32.a(lib64_libmingw32_a-CRT_fp10.o)
 .debug_info    0x0000000140011abc      0x10d /usr/lib/gcc/x86_64-w64-mingw32/13-win32/../../../../x86_64-w64-mingw32/lib/libmingw32.a(lib64_libmingw32_a-mingw_helpers.o)
 .debug_info    0x0000000140011bc9     0x17c8 /usr/lib/gcc/x86_64-w64-mingw32/13-win32/../../../../x86_64-w64-mingw32/lib/libmingw32.a(lib64_libmingw32_a-pseudo-reloc.o)
 .debug_info    0x0000000140013391      0x370 /usr/lib/gcc/x86_64-w64-mingw32/13-win32/../../../../x86_64-w64-mingw32/lib/libmingw32.a(lib64_libmingw32_a-usermatherr.o)
 .debug_info    0x0000000140013701      0x103 /usr/lib/gcc/x86_64-w64-mingw32/13-win32/../../../../x86_64-w64-mingw32/lib/libmingw32.a(lib64_libmingw32_a-xtxtmode.o)
 .debug_info    0x0000000140013804     0x105c /usr/lib/gcc/x86_64-w64-mingw32/13-win32/../../../../x86_64-w64-mingw32/lib/libmingw32.a(lib64_libmingw32_a-crt_handler.o)
 .debug_info    0x0000000140014860      0xb4e /usr/lib/gcc/x86_64-w64-mingw32/13-win32/../../../../x86_64-w64-mingw32/lib/libmingw32.a(lib64_libmingw32_a-tlsthrd.o)
 .debug_info    0x00000001400153ae      0x104 /usr/lib/gcc/x86_64-w64-mingw32/13-win32/../../../../x86_64-w64-mingw32/lib/libmingw32.a(lib64_libmingw32_a-tlsmcrt.o)
 .debug_info    0x00000001400154b2      0x14b /usr/lib/gcc/x86_64-w64-mingw32/13-win32/../../../../x86_64-w64-mingw32/lib/libmingw32.a(lib64_libmingw32_a-pseudo-reloc-list.o)
 .debug_info    0x00000001400155fd     0x1550 /usr/lib/gcc/x86_64-w64-mingw32/13-win32/../../../../x86_64-w64-mingw32/lib/libmingw32.a(lib64_libmingw32_a-pesect.o)
 .debug_info    0x0000000140016b4d      0x119 /usr/lib/gcc/x86_64-w64-mingw32/13-win32/../../../../x86_64-w64-mingw32/lib/libmingwex.a(lib64_libmingwex_a-mingw_matherr.o)
 .debug_info    0x0000000140016c66      0x16e /usr/lib/gcc/x86_64-w64-mingw32/13-win32/../../../../x86_64-w64-mingw32/lib/libmsvcrt.a(lib64_libmsvcrt_extra_a-__p__fmode.o)
 .debug_info    0x0000000140016dd4      0x174 /usr/lib/gcc/x86_64-w64-mingw32/13-win32/../../../../x86_64-w64-mingw32/lib/libmsvcrt.a(lib64_libmsvcrt_extra_a-__p__commode.o)
 .debug_info    0x0000000140016f48      0x7a5 /usr/lib/gcc/x86_64-w64-mingw32/13-win32/../../../../x86_64-w64-mingw32/lib/libmsvcrt.a(lib64_libmsvcrt_extra_a-invalid_parameter_handler.o)
 .debug_info    0x00000001400176ed      0x2d9 /usr/lib/gcc/x86_64-w64-mingw32/13-win32/../../../../x86_64-w64-mingw32/lib/libmsvcrt.a(lib64_libmsvcrt_common_a-acrt_iob_func.o)

.zdebug_info
 *(.zdebug_info .zdebug.gnu.linkonce.wi.*)

.debug_abbrev   0x0000000140018000     0x1e00
 *(.debug_abbrev)
 .debug_abbrev  0x0000000140018000      0x582 /usr/lib/gcc/x86_64-w64-mingw32/13-win32/../../../../x86_64-w64-mingw32/lib/crt2.o
 .debug_abbrev  0x0000000140018582       0x4f CMakeFiles/gcapp.dir/main.c.obj
 .debug_abbrev  0x00000001400185d1       0x3a CMakeFiles/gcapp.dir/live.c.obj
 .debug_abbrev  0x000000014001860b       0x6a CMakeFiles/gcapp.dir/deadcode.c.obj
 .debug_abbrev  0x0000000140018675      0x13f /usr/lib/gcc/x86_64-w64-mingw32/13-win32/../../../../x86_64-w64-mingw32/lib/libmingw32.a(lib64_libmingw32_a-gccmain.o)
 .debug_abbrev  0x00000001400187b4       0xb6 /usr/lib/gcc/x86_64-w64-mingw32/13-win32/../../../../x86_64-w64-mingw32/lib/libmingw32.a(lib64_libmingw32_a-natstart.o)
 .debug_abbrev  0x000000014001886a       0x2e /usr/lib/gcc/x86_64-w64-mingw32/13-win32/../../../../x86_64-w64-mingw32/lib/libmingw32.a(lib64_libmingw32_a-wildcard.o)
 .debug_abbrev  0x0000000140018898       0x3a /usr/lib/gcc/x86_64-w64-mingw32/13-win32/../../../../x86_64-w64-mingw32/lib/libmingw32.a(lib64_libmingw32_a-dllargv.o)
 .debug_abbrev  0x00000001400188d2       0x2e /usr/lib/gcc/x86_64-w64-mingw32/13-win32/../../../../x86_64-w64-mingw32/lib/libmingw32.a(lib64_libmingw32_a-_newmode.o)
 .debug_abbrev  0x0000000140018900      0x1e7 /usr/lib/gcc/x86_64-w64-mingw32/13-win32/../../../../x86_64-w64-mingw32/lib/libmingw32.a(lib64_libmingw32_a-tlssup.o)
 .debug_abbrev  0x0000000140018ae7       0x2e /usr/lib/gcc/x86_64-w64-mingw32/13-win32/../../../../x86_64-w64-mingw32/lib/libmingw32.a(lib64_libmingw32_a-xncommod.o)
 .debug_abbrev  0x0000000140018b15       0x61 /usr/lib/gcc/x86_64-w64-mingw32/13-win32/../../../../x86_64-w64-mingw32/lib/libmingw32.a(lib64_libmingw32_a-cinitexe.o)
 .debug_abbrev  0x0000000140018b76      0x105 /usr/lib/gcc/x86_64-w64-mingw32/13-win32/../../../../x86_64-w64-mingw32/lib/libmingw32.a(lib64_libmingw32_a-merr.o)
 .debug_abbrev  0x0000000140018c7b       0x2d /usr/lib/gcc/x86_64-w64-mingw32/13-win32/../../../../x86_64-w64-mingw32/lib/libmingw32.a(lib64_libmingw32_a-CRT_fp10.o)
 .debug_abbrev  0x0000000140018ca8       0x2e /usr/lib/gcc/x86_64-w64-mingw32/13-win32/../../../../x86_64-w64-mingw32/lib/libmingw32.a(lib64_libmingw32_a-mingw_helpers.o)
 .debug_abbrev  0x0000000140018cd6      0x3d8 /usr/lib/gcc/x86_64-w64-mingw32/13-win32/../../../../x86_64-w64-mingw32/lib/libmingw32.a(lib64_libmingw32_a-pseudo-reloc.o)
 .debug_abbrev  0x00000001400190ae      0x112 /usr/lib/gcc/x86_64-w64-mingw32/13-win32/../../../../x86_64-w64-mingw32/lib/libmingw32.a(lib64_libmingw32_a-usermatherr.o)
 .debug_abbrev  0x00000001400191c0       0x2e /usr/lib/gcc/x86_64-w64-mingw32/13-win32/../../../../x86_64-w64-mingw32/lib/libmingw32.a(lib64_libmingw32_a-xtxtmode.o)
 .debug_abbrev  0x00000001400191ee      0x27e /usr/lib/gcc/x86_64-w64-mingw32/13-win32/../../../../x86_64-w64-mingw32/lib/libmingw32.a(lib64_libmingw32_a-crt_handler.o)
 .debug_abbrev  0x000000014001946c      0x261 /usr/lib/gcc/x86_64-w64-mingw32/13-win32/../../../../x86_64-w64-mingw32/lib/libmingw32.a(lib64_libmingw32_a-tlsthrd.o)
 .debug_abbrev  0x00000001400196cd       0x2e /usr/lib/gcc/x86_64-w64-mingw32/13-win32/../../../../x86_64-w64-mingw32/lib/libmingw32.a(lib64_libmingw32_a-tlsmcrt.o)
 .debug_abbrev  0x00000001400196fb       0x30 /usr/lib/gcc/x86_64-w64-mingw32/13-win32/../../../../x86_64-w64-mingw32/lib/libmingw32.a(lib64_libmingw32_a-pseudo-reloc-list.o)
 .debug_abbrev  0x000000014001972b      0x28a /usr/lib/gcc/x86_64-w64-mingw32/13-win32/../../../../x86_64-w64-mingw32/lib/libmingw32.a(lib64_libmingw32_a-pesect.o)
 .debug_abbrev  0x00000001400199b5       0x2e /usr/lib/gcc/x86_64-w64-mingw32/13-win32/../../../../x86_64-w64-mingw32/lib/libmingwex.a(lib64_libmingwex_a-mingw_matherr.o)
 .debug_abbrev  0x00000001400199e3       0x73 /usr/lib/gcc/x86_64-w64-mingw32/13-win32/../../../../x86_64-w64-mingw32/lib/libmsvcrt.a(lib64_libmsvcrt_extra_a-__p__fmode.o)
 .debug_abbrev  0x0000000140019a56       0x73 /usr/lib/gcc/x86_64-w64-mingw32/13-win32/../../../../x86_64-w64-mingw32/lib/libmsvcrt.a(lib64_libmsvcrt_extra_a-__p__commode.o)
 .debug_abbrev  0x0000000140019ac9      0x165 /usr/lib/gcc/x86_64-w64-mingw32/13-win32/../../../../x86_64-w64-mingw32/lib/libmsvcrt.a(lib64_libmsvcrt_extra_a-invalid_parameter_handler.o)
 .debug_abbrev  0x0000000140019c2e       0xce /usr/lib/gcc/x86_64-w64-mingw32/13-win32/../../../../x86_64-w64-mingw32/lib/libmsvcrt.a(lib64_libmsvcrt_common_a-acrt_iob_func.o)

.zdebug_abbrev
 *(.zdebug_abbrev)

.debug_line     0x000000014001a000     0x1e00
 *(.debug_line)
 .debug_line    0x000000014001a000      0x43d /usr/lib/gcc/x86_64-w64-mingw32/13-win32/../../../../x86_64-w64-mingw32/lib/crt2.o
 .debug_line    0x000000014001a43d       0x60 CMakeFiles/gcapp.dir/main.c.obj
 .debug_line    0x000000014001a49d       0x53 CMakeFiles/gcapp.dir/live.c.obj
 .debug_line    0x000000014001a4f0       0x6c CMakeFiles/gcapp.dir/deadcode.c.obj
 .debug_line    0x000000014001a55c      0x128 /usr/lib/gcc/x86_64-w64-mingw32/13-win32/../../../../x86_64-w64-mingw32/lib/libmingw32.a(lib64_libmingw32_a-gccmain.o)
 .debug_line    0x000000014001a684       0x56 /usr/lib/gcc/x86_64-w64-mingw32/13-win32/../../../../x86_64-w64-mingw32/lib/libmingw32.a(lib64_libmingw32_a-natstart.o)
 .debug_line    0x000000014001a6da       0x3a /usr/lib/gcc/x86_64-w64-mingw32/13-win32/../../../../x86_64-w64-mingw32/lib/libmingw32.a(lib64_libmingw32_a-wildcard.o)
 .debug_line    0x000000014001a714       0x56 /usr/lib/gcc/x86_64-w64-mingw32/13-win32/../../../../x86_64-w64-mingw32/lib/libmingw32.a(lib64_libmingw32_a-dllargv.o)
 .debug_line    0x000000014001a76a       0x3a /usr/lib/gcc/x86_64-w64-mingw32/13-win32/../../../../x86_64-w64-mingw32/lib/libmingw32.a(lib64_libmingw32_a-_newmode.o)
 .debug_line    0x000000014001a7a4      0x114 /usr/lib/gcc/x86_64-w64-mingw32/13-win32/../../../../x86_64-w64-mingw32/lib/libmingw32.a(lib64_libmingw32_a-tlssup.o)
 .debug_line    0x000000014001a8b8       0x3a /usr/lib/gcc/x86_64-w64-mingw32/13-win32/../../../../x86_64-w64-mingw32/lib/libmingw32.a(lib64_libmingw32_a-xncommod.o)
 .debug_line    0x000000014001a8f2       0x3a /usr/lib/gcc/x86_64-w64-mingw32/13-win32/../../../../x86_64-w64-mingw32/lib/libmingw32.a(lib64_libmingw32_a-cinitexe.o)
 .debug_line    0x000000014001a92c       0xbe /usr/lib/gcc/x86_64-w64-mingw32/13-win32/../../../../x86_64-w64-mingw32/lib/libmingw32.a(lib64_libmingw32_a-merr.o)
 .debug_line    0x000000014001a9ea       0x58 /usr/lib/gcc/x86_64-w64-mingw32/13-win32/../../../../x86_64-w64-mingw32/lib/libmingw32.a(lib64_libmingw32_a-CRT_fp10.o)
 .debug_line    0x000000014001aa42       0x3a /usr/lib/gcc/x86_64-w64-mingw32/13-win32/../../../../x86_64-w64-mingw32/lib/libmingw32.a(lib64_libmingw32_a-mingw_helpers.o)
 .debug_line    0x000000014001aa7c      0x580 /usr/lib/gcc/x86_64-w64-mingw32/13-win32/../../../../x86_64-w64-mingw32/lib/libmingw32.a(lib64_libmingw32_a-pseudo-reloc.o)
 .debug_line    0x000000014001affc       0xae /usr/lib/gcc/x86_64-w64-mingw32/13-win32/../../../../x86_64-w64-mingw32/lib/libmingw32.a(lib64_libmingw32_a-usermatherr.o)
 .debug_line    0x000000014001b0aa       0x3a /usr/lib/gcc/x86_64-w64-mingw32/13-win32/../../../../x86_64-w64-mingw32/lib/libmingw32.a(lib64_libmingw32_a-xtxtmode.o)
 .debug_line    0x000000014001b0e4      0x18e /usr/lib/gcc/x86_64-w64-mingw32/13-win32/../../../../x86_64-w64-mingw32/lib/libmingw32.a(lib64_libmingw32_a-crt_handler.o)
 .debug_line    0x000000014001b272      0x278 /usr/lib/gcc/x86_64-w64-mingw32/13-win32/../../../../x86_64-w64-mingw32/lib/libmingw32.a(lib64_libmingw32_a-tlsthrd.o)
 .debug_line    0x000000014001b4ea       0x3a /usr/lib/gcc/x86_64-w64-mingw32/13-win32/../../../../x86_64-w64-mingw32/lib/libmingw32.a(lib64_libmingw32_a-tlsmcrt.o)
 .debug_line    0x000000014001b524       0x3a /usr/lib/gcc/x86_64-w64-mingw32/13-win32/../../../../x86_64-w64-mingw32/lib/libmingw32.a(lib64_libmingw32_a-pseudo-reloc-list.o)
 .debug_line    0x000000014001b55e      0x557 /usr/lib/gcc/x86_64-w64-mingw32/13-win32/../../../../x86_64-w64-mingw32/lib/libmingw32.a(lib64_libmingw32_a-pesect.o)
 .debug_line    0x000000014001bab5       0x3a /usr/lib/gcc/x86_64-w64-mingw32/13-win32/../../../../x86_64-w64-mingw32/lib/libmingwex.a(lib64_libmingwex_a-mingw_matherr.o)
 .debug_line    0x000000014001baef       0x5e /usr/lib/gcc/x86_64-w64-mingw32/13-win32/../../../../x86_64-w64-mingw32/lib/libmsvcrt.a(lib64_libmsvcrt_extra_a-__p__fmode.o)
 .debug_line    0x000000014001bb4d       0x5e /usr/lib/gcc/x86_64-w64-mingw32/13-win32/../../../../x86_64-w64-mingw32/lib/libmsvcrt.a(lib64_libmsvcrt_extra_a-__p__commode.o)
 .debug_line    0x000000014001bbab       0xa3 /usr/lib/gcc/x86_64-w64-mingw32/13-win32/../../../../x86_64-w64-mingw32/lib/libmsvcrt.a(lib64_libmsvcrt_extra_a-invalid_parameter_handler.o)
 .debug_line    0x000000014001bc4e       0x77 /usr/lib/gcc/x86_64-w64-mingw32/13-win32/../../../../x86_64-w64-mingw32/lib/libmsvcrt.a(lib64_libmsvcrt_common_a-acrt_iob_func.o)

.zdebug_line
 *(.zdebug_line)

.debug_frame    0x000000014001c000      0xa00
 *(.debug_frame*)
 .debug_frame   0x000000014001c000      0x170 /usr/lib/gcc/x86_64-w64-mingw32/13-win32/../../../../x86_64-w64-mingw32/lib/crt2.o
 .debug_frame   0x000000014001c170       0x40 CMakeFiles/gcapp.dir/main.c.obj
 .debug_frame   0x000000014001c1b0       0x40 CMakeFiles/gcapp.dir/live.c.obj
 .debug_frame   0x000000014001c1f0       0x68 CMakeFiles/gcapp.dir/deadcode.c.obj
 .debug_frame   0x000000014001c258       0x98 /usr/lib/gcc/x86_64-w64-mingw32/13-win32/../../../../x86_64-w64-mingw32/lib/libmingw32.a(lib64_libmingw32_a-gccmain.o)
 .debug_frame   0x000000014001c2f0       0x30 /usr/lib/gcc/x86_64-w64-mingw32/13-win32/../../../../x86_64-w64-mingw32/lib/libmingw32.a(lib64_libmingw32_a-dllargv.o)
 .debug_frame   0x000000014001c320       0xb0 /usr/lib/gcc/x86_64-w64-mingw32/13-win32/../../../../x86_64-w64-mingw32/lib/libmingw32.a(lib64_libmingw32_a-tlssup.o)
 .debug_frame   0x000000014001c3d0       0x60 /usr/lib/gcc/x86_64-w64-mingw32/13-win32/../../../../x86_64-w64-mingw32/lib/libmingw32.a(lib64_libmingw32_a-merr.o)
 .debug_frame   0x000000014001c430       0x30 /usr/lib/gcc/x86_64-w64-mingw32/13-win32/../../../../x86_64-w64-mingw32/lib/libmingw32.a(lib64_libmingw32_a-CRT_fp10.o)
 .debug_frame   0x000000014001c460       0xf0 /usr/lib/gcc/x86_64-w64-mingw32/13-win32/../../../../x86_64-w64-mingw32/lib/libmingw32.a(lib64_libmingw32_a-pseudo-reloc.o)
 .debug_frame   0x000000014001c550       0x58 /usr/lib/gcc/x86_64-w64-mingw32/13-win32/../../../../x86_64-w64-mingw32/lib/libmingw32.a(lib64_libmingw32_a-usermatherr.o)
 .debug_frame   0x000000014001c5a8       0x58 /usr/lib/gcc/x86_64-w64-mingw32/13-win32/../../../../x86_64-w64-mingw32/lib/libmingw32.a(lib64_libmingw32_a-crt_handler.o)
 .debug_frame   0x000000014001c600      0x138 /usr/lib/gcc/x86_64-w64-mingw32/13-win32/../../../../x86_64-w64-mingw32/lib/libmingw32.a(lib64_libmingw32_a-tlsthrd.o)
 .debug_frame   0x000000014001c738      0x128 /usr/lib/gcc/x86_64-w64-mingw32/13-win32/../../../../x86_64-w64-mingw32/lib/libmingw32.a(lib64_libmingw32_a-pesect.o)
 .debug_frame   0x000000014001c860       0x30 /usr/lib/gcc/x86_64-w64-mingw32/13-win32/../../../../x86_64-w64-mingw32/lib/libmsvcrt.a(lib64_libmsvcrt_extra_a-__p__fmode.o)
 .debug_frame   0x000000014001c890       0x30 /usr/lib/gcc/x86_64-w64-mingw32/13-win32/../../../../x86_64-w64-mingw32/lib/libmsvcrt.a(lib64_libmsvcrt_extra_a-__p__commode.o)
 .debug_frame   0x000000014001c8c0       0x48 /usr/lib/gcc/x86_64-w64-mingw32/13-win32/../../../../x86_64-w64-mingw32/lib/libmsvcrt.a(lib64_libmsvcrt_extra_a-invalid_parameter_handler.o)
 .debug_frame   0x000000014001c908       0x48 /usr/lib/gcc/x86_64-w64-mingw32/13-win32/../../../../x86_64-w64-mingw32/lib/libmsvcrt.a(lib64_libmsvcrt_common_a-acrt_iob_func.o)

.zdebug_frame
 *(.zdebug_frame*)

.debug_str      0x000000014001d000      0x400
 *(.debug_str)
 .debug_str     0x000000014001d000      0x21f /usr/lib/gcc/x86_64-w64-mingw32/13-win32/../../../../x86_64-w64-mingw32/lib/crt2.o
 .debug_str     0x000000014001d21f        0x0 CMakeFiles/gcapp.dir/main.c.obj
 .debug_str     0x000000014001d21f        0x0 CMakeFiles/gcapp.dir/live.c.obj
 .debug_str     0x000000014001d21f        0x0 CMakeFiles/gcapp.dir/deadcode.c.obj
 .debug_str     0x000000014001d21f        0x0 /usr/lib/gcc/x86_64-w64-mingw32/13-win32/../../../../x86_64-w64-mingw32/lib/libmingw32.a(lib64_libmingw32_a-gccmain.o)
 .debug_str     0x000000014001d21f       0x18 /usr/lib/gcc/x86_64-w64-mingw32/13-win32/../../../../x86_64-w64-mingw32/lib/libmingw32.a(lib64_libmingw32_a-natstart.o)
 .debug_str     0x000000014001d237        0x0 /usr/lib/gcc/x86_64-w64-mingw32/13-win32/../../../../x86_64-w64-mingw32/lib/libmingw32.a(lib64_libmingw32_a-wildcard.o)
 .debug_str     0x000000014001d237        0x0 /usr/lib/gcc/x86_64-w64-mingw32/13-win32/../../../../x86_64-w64-mingw32/lib/libmingw32.a(lib64_libmingw32_a-dllargv.o)
 .debug_str     0x000000014001d237        0x0 /usr/lib/gcc/x86_64-w64-mingw32/13-win32/../../../../x86_64-w64-mingw32/lib/libmingw32.a(lib64_libmingw32_a-_newmode.o)
 .debug_str     0x000000014001d237       0x1f /usr/lib/gcc/x86_64-w64-mingw32/13-win32/../../../../x86_64-w64-mingw32/lib/libmingw32.a(lib64_libmingw32_a-tlssup.o)
 .debug_str     0x000000014001d256        0x0 /usr/lib/gcc/x86_64-w64-mingw32/13-win32/../../../../x86_64-w64-mingw32/lib/libmingw32.a(lib64_libmingw32_a-xncommod.o)
 .debug_str     0x000000014001d256        0x0 /usr/lib/gcc/x86_64-w64-mingw32/13-win32/../../../../x86_64-w64-mingw32/lib/libmingw32.a(lib64_libmingw32_a-cinitexe.o)
 .debug_str     0x000000014001d256        0x0 /usr/lib/gcc/x86_64-w64-mingw32/13-win32/../../../../x86_64-w64-mingw32/lib/libmingw32.a(lib64_libmingw32_a-merr.o)
 .debug_str     0x000000014001d256        0x0 /usr/lib/gcc/x86_64-w64-mingw32/13-win32/../../../../x86_64-w64-mingw32/lib/libmingw32.a(lib64_libmingw32_a-CRT_fp10.o)
 .debug_str     0x000000014001d256        0x0 /usr/lib/gcc/x86_64-w64-mingw32/13-win32/../../../../x86_64-w64-mingw32/lib/libmingw32.a(lib64_libmingw32_a-mingw_helpers.o)
 .debug_str     0x000000014001d256        0x9 /usr/lib/gcc/x86_64-w64-mingw32/13-win32/../../../../x86_64-w64-mingw32/lib/libmingw32.a(lib64_libmingw32_a-pseudo-reloc.o)
 .debug_str     0x000000014001d25f        0x0 /usr/lib/gcc/x86_64-w64-mingw32/13-win32/../../../../x86_64-w64-mingw32/lib/libmingw32.a(lib64_libmingw32_a-usermatherr.o)
 .debug_str     0x000000014001d25f        0x0 /usr/lib/gcc/x86_64-w64-mingw32/13-win32/../../../../x86_64-w64-mingw32/lib/libmingw32.a(lib64_libmingw32_a-xtxtmode.o)
 .debug_str     0x000000014001d25f       0x10 /usr/lib/gcc/x86_64-w64-mingw32/13-win32/../../../../x86_64-w64-mingw32/lib/libmingw32.a(lib64_libmingw32_a-crt_handler.o)
 .debug_str     0x000000014001d26f        0x0 /usr/lib/gcc/x86_64-w64-mingw32/13-win32/../../../../x86_64-w64-mingw32/lib/libmingw32.a(lib64_libmingw32_a-tlsthrd.o)
 .debug_str     0x000000014001d26f        0x0 /usr/lib/gcc/x86_64-w64-mingw32/13-win32/../../../../x86_64-w64-mingw32/lib/libmingw32.a(lib64_libmingw32_a-tlsmcrt.o)
 .debug_str     0x000000014001d26f        0x0 /usr/lib/gcc/x86_64-w64-mingw32/13-win32/../../../../x86_64-w64-mingw32/lib/libmingw32.a(lib64_libmingw32_a-pseudo-reloc-list.o)
 .debug_str     0x000000014001d26f       0x54 /usr/lib/gcc/x86_64-w64-mingw32/13-win32/../../../../x86_64-w64-mingw32/lib/libmingw32.a(lib64_libmingw32_a-pesect.o)
 .debug_str     0x000000014001d2c3        0x0 /usr/lib/gcc/x86_64-w64-mingw32/13-win32/../../../../x86_64-w64-mingw32/lib/libmingwex.a(lib64_libmingwex_a-mingw_matherr.o)
 .debug_str     0x000000014001d2c3        0x0 /usr/lib/gcc/x86_64-w64-mingw32/13-win32/../../../../x86_64-w64-mingw32/lib/libmsvcrt.a(lib64_libmsvcrt_extra_a-__p__fmode.o)
 .debug_str     0x000000014001d2c3        0x0 /usr/lib/gcc/x86_64-w64-mingw32/13-win32/../../../../x86_64-w64-mingw32/lib/libmsvcrt.a(lib64_libmsvcrt_extra_a-__p__commode.o)
 .debug_str     0x000000014001d2c3        0x0 /usr/lib/gcc/x86_64-w64-mingw32/13-win32/../../../../x86_64-w64-mingw32/lib/libmsvcrt.a(lib64_libmsvcrt_extra_a-invalid_parameter_handler.o)
 .debug_str     0x000000014001d2c3        0x0 /usr/lib/gcc/x86_64-w64-mingw32/13-win32/../../../../x86_64-w64-mingw32/lib/libmsvcrt.a(lib64_libmsvcrt_common_a-acrt_iob_func.o)

.zdebug_str
 *(.zdebug_str)

.debug_loc
 *(.debug_loc)

.zdebug_loc
 *(.zdebug_loc)

.debug_macinfo
 *(.debug_macinfo)

.zdebug_macinfo
 *(.zdebug_macinfo)

.debug_weaknames
 *(.debug_weaknames)

.zdebug_weaknames
 *(.zdebug_weaknames)

.debug_funcnames
 *(.debug_funcnames)

.zdebug_funcnames
 *(.zdebug_funcnames)

.debug_typenames
 *(.debug_typenames)

.zdebug_typenames
 *(.zdebug_typenames)

.debug_varnames
 *(.debug_varnames)

.zdebug_varnames
 *(.zdebug_varnames)

.debug_pubtypes
 *(.debug_pubtypes)

.zdebug_pubtypes
 *(.zdebug_pubtypes)

.debug_ranges
 *(.debug_ranges)

.zdebug_ranges
 *(.zdebug_ranges)

.debug_types
 *(.debug_types .gnu.linkonce.wt.*)

.zdebug_types
 *(.zdebug_types .gnu.linkonce.wt.*)

.debug_addr
 *(.debug_addr)

.zdebug_addr
 *(.zdebug_addr)

.debug_line_str
                0x000000014001e000     0x1600
 *(.debug_line_str)
 .debug_line_str
                0x000000014001e000      0x1d5 /usr/lib/gcc/x86_64-w64-mingw32/13-win32/../../../../x86_64-w64-mingw32/lib/crt2.o
 .debug_line_str
                0x000000014001e1d5       0x64 CMakeFiles/gcapp.dir/main.c.obj
 .debug_line_str
                0x000000014001e239       0x5d CMakeFiles/gcapp.dir/live.c.obj
 .debug_line_str
                0x000000014001e296       0x69 CMakeFiles/gcapp.dir/deadcode.c.obj
 .debug_line_str
                0x000000014001e2ff       0xe5 /usr/lib/gcc/x86_64-w64-mingw32/13-win32/../../../../x86_64-w64-mingw32/lib/libmingw32.a(lib64_libmingw32_a-gccmain.o)
 .debug_line_str
                0x000000014001e3e4      0x118 /usr/lib/gcc/x86_64-w64-mingw32/13-win32/../../../../x86_64-w64-mingw32/lib/libmingw32.a(lib64_libmingw32_a-natstart.o)
 .debug_line_str
                0x000000014001e4fc       0x97 /usr/lib/gcc/x86_64-w64-mingw32/13-win32/../../../../x86_64-w64-mingw32/lib/libmingw32.a(lib64_libmingw32_a-wildcard.o)
 .debug_line_str
                0x000000014001e593       0x94 /usr/lib/gcc/x86_64-w64-mingw32/13-win32/../../../../x86_64-w64-mingw32/lib/libmingw32.a(lib64_libmingw32_a-dllargv.o)
 .debug_line_str
                0x000000014001e627       0x97 /usr/lib/gcc/x86_64-w64-mingw32/13-win32/../../../../x86_64-w64-mingw32/lib/libmingw32.a(lib64_libmingw32_a-_newmode.o)
 .debug_line_str
                0x000000014001e6be       0xeb /usr/lib/gcc/x86_64-w64-mingw32/13-win32/../../../../x86_64-w64-mingw32/lib/libmingw32.a(lib64_libmingw32_a-tlssup.o)
 .debug_line_str
                0x000000014001e7a9       0x97 /usr/lib/gcc/x86_64-w64-mingw32/13-win32/../../../../x86_64-w64-mingw32/lib/libmingw32.a(lib64_libmingw32_a-xncommod.o)
 .debug_line_str