             VMA              LMA     Size Align Out     In      Symbol
             2a8              2a8       1c     1 .interp
             2a8              2a8       1c     1         <internal>:(.interp)
             2c4              2c4       20     4 .note.ABI-tag
             2c4              2c4       20     4         /lib/x86_64-linux-gnu/Scrt1.o:(.note.ABI-tag)
             2c4              2c4       20     1                 __abi_tag
             2e4              2e4       18     4 .note.gnu.build-id
             2e4              2e4       18     4         <internal>:(.note.gnu.build-id)
             300              300       90     8 .dynsym
             300              300       90     8         <internal>:(.dynsym)
             390              390        c     2 .gnu.version
             390              390        c     2         <internal>:(.gnu.version)
             39c              39c       30     4 .gnu.version_r
             39c              39c       30     4         <internal>:(.gnu.version_r)
             3d0              3d0       1c     8 .gnu.hash
             3d0              3d0       1c     8         <internal>:(.gnu.hash)
             3ec              3ec       bd     1 .dynstr
             3ec              3ec       bd     1         <internal>:(.dynstr)
             4b0              4b0       c0     8 .rela.dyn
             4b0              4b0       c0     8         <internal>:(.rela.dyn)
             570              570       18     8 .rela.plt
             570              570       18     8         <internal>:(.rela.plt)
             588              588        4     4 .rodata
             588              588        4     4         <internal>:(.rodata.cst4)
             58c              58c       24     4 .eh_frame_hdr
             58c              58c       24     4         <internal>:(.eh_frame_hdr)
             5b0              5b0       70     8 .eh_frame
             5b0              5b0       2c     1         /lib/x86_64-linux-gnu/Scrt1.o:(.eh_frame+0x0)
             5dc              5dc       20     1         CMakeFiles/conanapp.dir/main.c.o:(.eh_frame+0x18)
             5fc              5fc       20     1         /__fixture_pkg__/conan/p/b/tinyc672ca60bc75dc/p/lib/libtinycbor.a(tinycbor.c.o):(.eh_frame+0x18)
            1620             1620      11c    16 .text
            1620             1620       26    16         /lib/x86_64-linux-gnu/Scrt1.o:(.text)
            1620             1620       26     1                 _start
            1646             1646        0     1         /lib/x86_64-linux-gnu/crti.o:(.text)
            1650             1650       b9    16         /usr/bin/../lib/gcc/x86_64-linux-gnu/13/crtbeginS.o:(.text)
            1650             1650        0     1                 deregister_tm_clones
            1680             1680        0     1                 register_tm_clones
            16c0             16c0        0     1                 __do_global_dtors_aux
            1700             1700        0     1                 frame_dummy
            1710             1710       1d    16         CMakeFiles/conanapp.dir/main.c.o:(.text)
            1710             1710       1d     1                 main
            172d             172d        f     1         /__fixture_pkg__/conan/p/b/tinyc672ca60bc75dc/p/lib/libtinycbor.a(tinycbor.c.o):(.text)
            172d             172d        f     1                 tinycbor_tag
            173c             173c        0     1         /usr/bin/../lib/gcc/x86_64-linux-gnu/13/crtendS.o:(.text)
            173c             173c        0     1         /lib/x86_64-linux-gnu/crtn.o:(.text)
            173c             173c       1b     4 .init
            173c             173c       16     4         /lib/x86_64-linux-gnu/crti.o:(.init)
            173c             173c        0     1                 _init
            1752             1752        5     1         /lib/x86_64-linux-gnu/crtn.o:(.init)
            1758             1758        d     4 .fini
            1758             1758        8     4         /lib/x86_64-linux-gnu/crti.o:(.fini)
            1758             1758        0     1                 _fini
            1760             1760        5     1         /lib/x86_64-linux-gnu/crtn.o:(.fini)
            1770             1770       20    16 .plt
            1770             1770       20    16         <internal>:(.plt)
            2790             2790        8     8 .fini_array
            2790             2790        8     8         /usr/bin/../lib/gcc/x86_64-linux-gnu/13/crtbeginS.o:(.fini_array)
            2790             2790        0     1                 __do_global_dtors_aux_fini_array_entry
            2798             2798        8     8 .init_array
            2798             2798        8     8         /usr/bin/../lib/gcc/x86_64-linux-gnu/13/crtbeginS.o:(.init_array)
            2798             2798        0     1                 __frame_dummy_init_array_entry
            27a0             27a0      1b0     8 .dynamic
            27a0             27a0      1b0     8         <internal>:(.dynamic)
            2950             2950       28     8 .got
            2950             2950       28     8         <internal>:(.got)
            2978             2978      688     1 .relro_padding
            2978             2978        0     1         <internal>:(.relro_padding)
            3978             3978       10     8 .data
            3978             3978        4     1         /lib/x86_64-linux-gnu/Scrt1.o:(.data)
            3978             3978        0     1                 data_start
            3978             3978        0     1                 __data_start
            397c             397c        0     1         /lib/x86_64-linux-gnu/crti.o:(.data)
            397c             397c        0     1         /usr/bin/../lib/gcc/x86_64-linux-gnu/13/crtbeginS.o:(.data)
            3980             3980        8     8         /usr/bin/../lib/gcc/x86_64-linux-gnu/13/crtbeginS.o:(.data.rel.local)
            3980             3980        0     1                 __dso_handle
            3988             3988        0     1         /__fixture_pkg__/conan/p/b/tinyc672ca60bc75dc/p/lib/libtinycbor.a(tinycbor.c.o):(.data)
            3988             3988        0     1         /usr/bin/../lib/gcc/x86_64-linux-gnu/13/crtendS.o:(.data)
            3988             3988        0     1         /lib/x86_64-linux-gnu/crtn.o:(.data)
            3988             3988        0     8 .tm_clone_table
            3988             3988        0     8         /usr/bin/../lib/gcc/x86_64-linux-gnu/13/crtbeginS.o:(.tm_clone_table)
            3988             3988        0     1                 __TMC_LIST__
            3988             3988        0     8         /usr/bin/../lib/gcc/x86_64-linux-gnu/13/crtendS.o:(.tm_clone_table)
            3988             3988        0     1                 __TMC_END__
            3988             3988       20     8 .got.plt
            3988             3988       20     8         <internal>:(.got.plt)
            39a8             39a8        1     1 .bss
            39a8             39a8        0     1         /lib/x86_64-linux-gnu/Scrt1.o:(.bss)
            39a8             39a8        0     1         /lib/x86_64-linux-gnu/crti.o:(.bss)
            39a8             39a8        1     1         /usr/bin/../lib/gcc/x86_64-linux-gnu/13/crtbeginS.o:(.bss)
            39a8             39a8        1     1                 completed.0
            39a9             39a9        0     1         /__fixture_pkg__/conan/p/b/tinyc672ca60bc75dc/p/lib/libtinycbor.a(tinycbor.c.o):(.bss)
            39a9             39a9        0     1         /usr/bin/../lib/gcc/x86_64-linux-gnu/13/crtendS.o:(.bss)
            39a9             39a9        0     1         /lib/x86_64-linux-gnu/crtn.o:(.bss)
               0                0       6f     1 .comment
               0                0       6f     1         <internal>:(.comment)
               0                0       74     1 .debug_abbrev
               0                0       3a     1         CMakeFiles/conanapp.dir/main.c.o:(.debug_abbrev)
              3a               3a       3a     1         /__fixture_pkg__/conan/p/b/tinyc672ca60bc75dc/p/lib/libtinycbor.a(tinycbor.c.o):(.debug_abbrev)
               0                0       8b     1 .debug_info
               0                0       37     1         CMakeFiles/conanapp.dir/main.c.o:(.debug_info)
              37               37       54     1         /__fixture_pkg__/conan/p/b/tinyc672ca60bc75dc/p/lib/libtinycbor.a(tinycbor.c.o):(.debug_info)
               0                0       1c     1 .debug_str_offsets
               0                0       1c     1         CMakeFiles/conanapp.dir/main.c.o:(.debug_str_offsets)
               0                0       fb     1 .debug_str
               0                0       fb     1         <internal>:(.debug_str)
               0                0       10     1 .debug_addr
               0                0       10     1         CMakeFiles/conanapp.dir/main.c.o:(.debug_addr)
               0                0       b5     1 .debug_line
               0                0       62     1         CMakeFiles/conanapp.dir/main.c.o:(.debug_line)
              62               62       53     1         /__fixture_pkg__/conan/p/b/tinyc672ca60bc75dc/p/lib/libtinycbor.a(tinycbor.c.o):(.debug_line)
               0                0       dd     1 .debug_line_str
               0                0       dd     1         <internal>:(.debug_line_str)
               0                0       30     1 .debug_aranges
               0                0       30     1         /__fixture_pkg__/conan/p/b/tinyc672ca60bc75dc/p/lib/libtinycbor.a(tinycbor.c.o):(.debug_aranges)
               0                0      300     8 .symtab
               0                0      300     8         <internal>:(.symtab)
               0                0      196     1 .shstrtab
               0                0      196     1         <internal>:(.shstrtab)
               0                0      1d4     1 .strtab
               0                0      1d4     1         <internal>:(.strtab)
