 pchapp

 Timestamp is 6aa1ad6a (Wed Sep  9 21:03:06 2026)

 Preferred load address is 0000000140000000

 Start         Length     Name                   Class
 0001:00000000 000054c0H .text$mn                CODE
 0001:000054c0 00001040H .text$mn$00             CODE
 0001:00006500 000010baH .text$x                 CODE
 0002:00000000 00000110H .CRT$XCA                DATA
 0002:00000110 00000110H .CRT$XCAA               DATA
 0002:00000220 00000110H .CRT$XCZ                DATA
 0002:00000330 00000110H .CRT$XIA                DATA
 0002:00000440 00000110H .CRT$XIAA               DATA
 0002:00000550 00000110H .CRT$XIAC               DATA
 0002:00000660 00000110H .CRT$XIZ                DATA
 0002:00000770 00000110H .CRT$XPA                DATA
 0002:00000880 00000110H .CRT$XPZ                DATA
 0002:00000990 00000110H .CRT$XTA                DATA
 0002:00000aa0 00000110H .CRT$XTZ                DATA
 0002:00000bb0 00000d50H .rdata                  DATA
 0002:00001900 00000200H .rdata$CastGuardVftablesA DATA
 0002:00001b00 0000019cH .rdata$CastGuardVftablesC DATA
 0002:00001c9c 0000015cH .rdata$zzzdbg           DATA
 0002:00001df8 00000110H .rtc$IAA                DATA
 0002:00001f08 00000120H .rtc$IMZ                DATA
 0002:00002028 00000110H .rtc$IZZ                DATA
 0002:00002138 00000110H .rtc$TAA                DATA
 0002:00002248 00000120H .rtc$TMZ                DATA
 0002:00002368 00000110H .rtc$TZZ                DATA
 0002:00002478 000006e2H .xdata                  DATA
 0002:00002b5a 00000000H .edata                  DATA
 0003:00000000 00000170H .data                   DATA
 0003:00000170 00000791H .bss                    DATA
 0004:00000000 00000618H .pdata                  DATA
 0005:00000000 00000390H .idata$5                DATA
 0005:00000390 0000003cH .idata$2                DATA
 0005:000003cc 00000014H .idata$3                DATA
 0005:000003e0 00000390H .idata$4                DATA
 0005:00000770 0000072dH .idata$6                DATA
 0006:00000000 00000175H .00cfg                  DATA
 0007:00000000 00000170H .rsrc$01                DATA
 0007:00000170 000002e9H .rsrc$02                DATA

  Address         Publics by Value              Rva+Base               Lib:Object

 0000:00000000       __AbsoluteZero             0000000000000000     <absolute>
 0000:00000000       ___safe_se_handler_count   0000000000000000     <absolute>
 0000:00000000       ___safe_se_handler_table   0000000000000000     <absolute>
 0000:00000000       __arm64x_extra_rfe_table   0000000000000000     <absolute>
 0000:00000000       __arm64x_extra_rfe_table_size 0000000000000000     <absolute>
 0000:00000000       __arm64x_native_entrypoint 0000000000000000     <absolute>
 0000:00000000       __arm64x_redirection_metadata 0000000000000000     <absolute>
 0000:00000000       __arm64x_redirection_metadata_count 0000000000000000     <absolute>
 0000:00000000       __dynamic_value_reloc_table 0000000000000000     <absolute>
 0000:00000000       __enclave_config           0000000000000000     <absolute>
 0000:00000000       __guard_check_icall_a64n_fptr 0000000000000000     <absolute>
 0000:00000000       __guard_eh_cont_count      0000000000000000     <absolute>
 0000:00000000       __guard_eh_cont_table      0000000000000000     <absolute>
 0000:00000000       __guard_fids_count         0000000000000000     <absolute>
 0000:00000000       __guard_fids_table         0000000000000000     <absolute>
 0000:00000000       __guard_iat_count          0000000000000000     <absolute>
 0000:00000000       __guard_iat_table          0000000000000000     <absolute>
 0000:00000000       __guard_longjmp_count      0000000000000000     <absolute>
 0000:00000000       __guard_longjmp_table      0000000000000000     <absolute>
 0000:00000000       __hybrid_auxiliary_iat     0000000000000000     <absolute>
 0000:00000000       __hybrid_auxiliary_iat_copy 0000000000000000     <absolute>
 0000:00000000       __hybrid_code_map          0000000000000000     <absolute>
 0000:00000000       __hybrid_code_map_count    0000000000000000     <absolute>
 0000:00000000       __volatile_metadata        0000000000000000     <absolute>
 0000:00000000       __x64_code_ranges_to_entry_points 0000000000000000     <absolute>
 0000:00000000       __x64_code_ranges_to_entry_points_count 0000000000000000     <absolute>
 0000:00000100       __guard_flags              0000000000000100     <absolute>
 0000:00000000       __ImageBase                0000000140000000     <linker-defined>
 0001:00000490       main                       0000000140001490 f   main.c.obj
 0001:000004c0       helper_value               00000001400014c0 f   helper.c.obj
 0001:000004e0       _CRT_RTC_INIT              00000001400014e0 f   MSVCRTD:init.obj
 0001:000004f0       _CRT_RTC_INITW             00000001400014f0 f   MSVCRTD:init.obj
 0001:00000500       _RTC_InitBase              0000000140001500 f   MSVCRTD:init.obj
 0001:00000550       _RTC_Shutdown              0000000140001550 f   MSVCRTD:init.obj
 0001:000008d0       ?configure_argv@__scrt_narrow_argv_policy@@SAHXZ 00000001400018d0 f i MSVCRTD:exe_main.obj
 0001:000008f0       ?initialize_environment@__scrt_narrow_environment_policy@@SAHXZ 00000001400018f0 f i MSVCRTD:exe_main.obj
 0001:00000960       ?set_app_type@__scrt_main_policy@@SAXXZ 0000000140001960 f i MSVCRTD:exe_main.obj
 0001:00000980       ?set_commode@__scrt_file_policy@@SAXXZ 0000000140001980 f i MSVCRTD:exe_main.obj
 0001:000009b0       ?set_fmode@__scrt_file_policy@@SAXXZ 00000001400019b0 f i MSVCRTD:exe_main.obj
 0001:000009d0       mainCRTStartup             00000001400019d0 f   MSVCRTD:exe_main.obj
 0001:000009f0       ?_RTC_GetErrorFunc@@YAP6AHHPEBDH00ZZPEBX@Z 00000001400019f0 f   MSVCRTD:userapi.obj
 0001:00000a00       ?_RTC_GetErrorFuncW@@YAP6AHHPEB_WH00ZZPEBX@Z 0000000140001a00 f   MSVCRTD:userapi.obj
 0001:00000a10       _RTC_GetErrDesc            0000000140001a10 f   MSVCRTD:userapi.obj
 0001:00000a30       _RTC_NumErrors             0000000140001a30 f   MSVCRTD:userapi.obj
 0001:00000a40       _RTC_SetErrorFunc          0000000140001a40 f   MSVCRTD:userapi.obj
 0001:00000a60       _RTC_SetErrorFuncW         0000000140001a60 f   MSVCRTD:userapi.obj
 0001:00000a80       _RTC_SetErrorType          0000000140001a80 f   MSVCRTD:userapi.obj
 0001:00000c60       NtCurrentTeb               0000000140001c60 f i MSVCRTD:utility.obj
 0001:00000c70       __scrt_acquire_startup_lock 0000000140001c70 f   MSVCRTD:utility.obj
 0001:00000cf0       __scrt_dllmain_after_initialize_c 0000000140001cf0 f   MSVCRTD:utility.obj
 0001:00000d30       __scrt_dllmain_before_initialize_c 0000000140001d30 f   MSVCRTD:utility.obj
 0001:00000d60       __scrt_dllmain_crt_thread_attach 0000000140001d60 f   MSVCRTD:utility.obj
 0001:00000da0       __scrt_dllmain_crt_thread_detach 0000000140001da0 f   MSVCRTD:utility.obj
 0001:00000dc0       __scrt_dllmain_exception_filter 0000000140001dc0 f   MSVCRTD:utility.obj
 0001:00000e40       __scrt_dllmain_uninitialize_c 0000000140001e40 f   MSVCRTD:utility.obj
 0001:00000e80       __scrt_dllmain_uninitialize_critical 0000000140001e80 f   MSVCRTD:utility.obj
 0001:00000ea0       __scrt_initialize_crt      0000000140001ea0 f   MSVCRTD:utility.obj
 0001:00000f00       __scrt_initialize_onexit_tables 0000000140001f00 f   MSVCRTD:utility.obj
 0001:00001050       __scrt_is_nonwritable_in_current_image 0000000140002050 f   MSVCRTD:utility.obj
 0001:00001100       __scrt_release_startup_lock 0000000140002100 f   MSVCRTD:utility.obj
 0001:00001140       __scrt_uninitialize_crt    0000000140002140 f   MSVCRTD:utility.obj
 0001:00001190       _onexit                    0000000140002190 f   MSVCRTD:utility.obj
 0001:00001230       at_quick_exit              0000000140002230 f   MSVCRTD:utility.obj
 0001:00001290       atexit                     0000000140002290 f   MSVCRTD:utility.obj
 0001:000013c0       __security_init_cookie     00000001400023c0 f   MSVCRTD:gs_support.obj
 0001:00001460       _matherr                   0000000140002460 f   MSVCRTD:matherr.obj
 0001:00001470       _get_startup_argv_mode     0000000140002470 f   MSVCRTD:argv_mode.obj
 0001:00001480       _get_startup_commit_mode   0000000140002480 f   MSVCRTD:commit_mode.obj
 0001:00001490       _get_startup_file_mode     0000000140002490 f   MSVCRTD:file_mode.obj
 0001:000014a0       _get_startup_new_mode      00000001400024a0 f   MSVCRTD:new_mode.obj
 0001:000014b0       _get_startup_thread_locale_mode 00000001400024b0 f   MSVCRTD:thread_locale.obj
 0001:000014c0       ?__scrt_initialize_type_info@@YAXXZ 00000001400024c0 f   MSVCRTD:tncleanup.obj
 0001:000014e0       ?__scrt_uninitialize_type_info@@YAXXZ 00000001400024e0 f   MSVCRTD:tncleanup.obj
 0001:00001500       _should_initialize_environment 0000000140002500 f   MSVCRTD:env_mode.obj
 0001:00001510       _initialize_invalid_parameter_handler 0000000140002510 f   MSVCRTD:invalid_parameter_handler.obj
 0001:00001520       _initialize_denormal_control 0000000140002520 f   MSVCRTD:denormal_control.obj
 0001:00001530       __local_stdio_printf_options 0000000140002530 f i MSVCRTD:default_local_stdio_options.obj
 0001:00001540       __local_stdio_scanf_options 0000000140002540 f i MSVCRTD:default_local_stdio_options.obj
 0001:00001550       __scrt_initialize_default_local_stdio_options 0000000140002550 f   MSVCRTD:default_local_stdio_options.obj
 0001:000015b0       __scrt_is_user_matherr_present 00000001400025b0 f   MSVCRTD:matherr_detection.obj
 0001:000015e0       __scrt_get_dyn_tls_init_callback 00000001400025e0 f   MSVCRTD:dyn_tls_init.obj
 0001:000015f0       __scrt_get_dyn_tls_dtor_callback 00000001400025f0 f   MSVCRTD:dyn_tls_dtor.obj
 0001:00001600       __crt_debugger_hook        0000000140002600 f   MSVCRTD:utility_desktop.obj
 0001:00001620       __scrt_fastfail            0000000140002620 f   MSVCRTD:utility_desktop.obj
 0001:00001820       __scrt_get_show_window_mode 0000000140002820 f   MSVCRTD:utility_desktop.obj
 0001:00001890       __scrt_initialize_mta      0000000140002890 f   MSVCRTD:utility_desktop.obj
 0001:000018b0       __scrt_initialize_winrt    00000001400028b0 f   MSVCRTD:utility_desktop.obj
 0001:000018c0       __scrt_is_managed_app      00000001400028c0 f   MSVCRTD:utility_desktop.obj
 0001:00001990       __scrt_set_unhandled_exception_filter 0000000140002990 f   MSVCRTD:utility_desktop.obj
 0001:000019b0       __scrt_exe_initialize_mta  00000001400029b0 f   MSVCRTD:utility_desktop.obj
 0001:000019b0       __scrt_stub_for_initialize_mta 00000001400029b0 f   MSVCRTD:utility_desktop.obj
 0001:000019c0       __scrt_unhandled_exception_filter 00000001400029c0 f   MSVCRTD:utility_desktop.obj
 0001:00001a80       _RTC_Initialize            0000000140002a80 f   MSVCRTD:initsect.obj
 0001:00001ae0       _RTC_Terminate             0000000140002ae0 f   MSVCRTD:initsect.obj
 0001:00001b40       _guard_check_icall_nop     0000000140002b40 f i MSVCRTD:guard_support.obj
 0001:00001b50       ReadNoFence64              0000000140002b50 f i MSVCRTD:guard_support.obj
 0001:00001b80       ReadPointerNoFence         0000000140002b80 f i MSVCRTD:guard_support.obj
 0001:00001ba0       __castguard_check_failure_debugbreak 0000000140002ba0 f i MSVCRTD:guard_support.obj
 0001:00001bd0       __castguard_check_failure_fastfail 0000000140002bd0 f i MSVCRTD:guard_support.obj
 0001:00001c00       __castguard_check_failure_nop 0000000140002c00 f i MSVCRTD:guard_support.obj
 0001:00001c10       __castguard_check_failure_os_handled 0000000140002c10 f i MSVCRTD:guard_support.obj
 0001:00001d10       __castguard_slow_path_check_debugbreak 0000000140002d10 f i MSVCRTD:guard_support.obj
 0001:00001d60       __castguard_slow_path_check_fastfail 0000000140002d60 f i MSVCRTD:guard_support.obj
 0001:00001dc0       __castguard_slow_path_check_nop 0000000140002dc0 f i MSVCRTD:guard_support.obj
 0001:00001de0       __castguard_slow_path_check_os_handled 0000000140002de0 f i MSVCRTD:guard_support.obj
 0001:00001ed0       _guard_icall_checks_enforced 0000000140002ed0 f i MSVCRTD:guard_support.obj
 0001:00001f20       _guard_rf_checks_enforced  0000000140002f20 f i MSVCRTD:guard_support.obj
 0001:00001fe0       ?_RTC_AllocaFailure@@YAXPEAXPEAU_RTC_ALLOCA_NODE@@H@Z 0000000140002fe0 f   MSVCRTD:error.obj
 0001:00002190       ?_RTC_Failure@@YAXPEAXH@Z  0000000140003190 f   MSVCRTD:error.obj
 0001:00002200       ?_RTC_StackFailure@@YAXPEAXPEBD@Z 0000000140003200 f   MSVCRTD:error.obj
 0001:00002740       _RTC_UninitUse             0000000140003740 f   MSVCRTD:error.obj
 0001:00002840       _vsprintf_s_l              0000000140003840 f i MSVCRTD:error.obj
 0001:000028c0       sprintf_s                  00000001400038c0 f i MSVCRTD:error.obj
 0001:000028f0       __isa_available_init       00000001400038f0 f   MSVCRTD:cpu_disp.obj
 0001:00002d80       __scrt_is_ucrt_dll_in_use  0000000140003d80 f   MSVCRTD:ucrt_detection.obj
 0001:00003420       ?_RTC_GetSrcLine@@YAHPEAEPEA_WKPEAH1K@Z 0000000140004420 f   MSVCRTD:pdblkup.obj
 0001:000038e0       __GSHandlerCheck           00000001400048e0 f   MSVCRTD:gshandler.obj
 0001:00003930       __GSHandlerCheckCommon     0000000140004930 f   MSVCRTD:gshandler.obj
 0001:00003a80       __security_check_cookie    0000000140004a80 f   MSVCRTD:amdsecgs.obj
 0001:00003ab0       __raise_securityfailure    0000000140004ab0 f   MSVCRTD:gs_report.obj
 0001:00003b00       __report_gsfailure         0000000140004b00 f   MSVCRTD:gs_report.obj
 0001:00003c10       __report_rangecheckfailure 0000000140004c10 f   MSVCRTD:gs_report.obj
 0001:00003c30       __report_securityfailure   0000000140004c30 f   MSVCRTD:gs_report.obj
 0001:00003d00       __report_securityfailureEx 0000000140004d00 f   MSVCRTD:gs_report.obj
 0001:00003ffe       __C_specific_handler       0000000140004ffe f   vcruntimed:VCRUNTIME140D.dll
 0001:00004004       __std_type_info_destroy_list 0000000140005004 f   vcruntimed:VCRUNTIME140D.dll
 0001:0000400a       __current_exception        000000014000500a f   vcruntimed:VCRUNTIME140D.dll
 0001:00004010       __current_exception_context 0000000140005010 f   vcruntimed:VCRUNTIME140D.dll
 0001:00004016       __C_specific_handler_noexcept 0000000140005016 f   vcruntimed:VCRUNTIME140D.dll
 0001:0000401c       __vcrt_GetModuleFileNameW  000000014000501c f   vcruntimed:VCRUNTIME140D.dll
 0001:00004022       __vcrt_GetModuleHandleW    0000000140005022 f   vcruntimed:VCRUNTIME140D.dll
 0001:00004028       __vcrt_LoadLibraryExW      0000000140005028 f   vcruntimed:VCRUNTIME140D.dll
 0001:0000402e       _CrtDbgReport              000000014000502e f   ucrtd:ucrtbased.dll
 0001:00004034       _CrtDbgReportW             0000000140005034 f   ucrtd:ucrtbased.dll
 0001:0000403a       _seh_filter_exe            000000014000503a f   ucrtd:ucrtbased.dll
 0001:00004040       _set_app_type              0000000140005040 f   ucrtd:ucrtbased.dll
 0001:00004046       __setusermatherr           0000000140005046 f   ucrtd:ucrtbased.dll
 0001:0000404c       _configure_narrow_argv     000000014000504c f   ucrtd:ucrtbased.dll
 0001:00004052       _initialize_narrow_environment 0000000140005052 f   ucrtd:ucrtbased.dll
 0001:00004058       _get_initial_narrow_environment 0000000140005058 f   ucrtd:ucrtbased.dll
 0001:0000405e       _initterm                  000000014000505e f   ucrtd:ucrtbased.dll
 0001:00004064       _initterm_e                0000000140005064 f   ucrtd:ucrtbased.dll
 0001:0000406a       exit                       000000014000506a f   ucrtd:ucrtbased.dll
 0001:00004070       _exit                      0000000140005070 f   ucrtd:ucrtbased.dll
 0001:00004076       _set_fmode                 0000000140005076 f   ucrtd:ucrtbased.dll
 0001:0000407c       __p___argc                 000000014000507c f   ucrtd:ucrtbased.dll
 0001:00004082       __p___argv                 0000000140005082 f   ucrtd:ucrtbased.dll
 0001:00004088       _cexit                     0000000140005088 f   ucrtd:ucrtbased.dll
 0001:0000408e       _c_exit                    000000014000508e f   ucrtd:ucrtbased.dll
 0001:00004094       _register_thread_local_exe_atexit_callback 0000000140005094 f   ucrtd:ucrtbased.dll
 0001:0000409a       _configthreadlocale        000000014000509a f   ucrtd:ucrtbased.dll
 0001:000040a0       _set_new_mode              00000001400050a0 f   ucrtd:ucrtbased.dll
 0001:000040a6       __p__commode               00000001400050a6 f   ucrtd:ucrtbased.dll
 0001:000040ac       _seh_filter_dll            00000001400050ac f   ucrtd:ucrtbased.dll
 0001:000040b2       _initialize_onexit_table   00000001400050b2 f   ucrtd:ucrtbased.dll
 0001:000040b8       _register_onexit_function  00000001400050b8 f   ucrtd:ucrtbased.dll
 0001:000040be       _execute_onexit_table      00000001400050be f   ucrtd:ucrtbased.dll
 0001:000040c4       _crt_atexit                00000001400050c4 f   ucrtd:ucrtbased.dll
 0001:000040ca       _crt_at_quick_exit         00000001400050ca f   ucrtd:ucrtbased.dll
 0001:000040d0       terminate                  00000001400050d0 f   ucrtd:ucrtbased.dll
 0001:000040d6       strcpy_s                   00000001400050d6 f   ucrtd:ucrtbased.dll
 0001:000040dc       strcat_s                   00000001400050dc f   ucrtd:ucrtbased.dll
 0001:000040e2       __stdio_common_vsprintf_s  00000001400050e2 f   ucrtd:ucrtbased.dll
 0001:000040e8       _wmakepath_s               00000001400050e8 f   ucrtd:ucrtbased.dll
 0001:000040ee       _wsplitpath_s              00000001400050ee f   ucrtd:ucrtbased.dll
 0001:000040f4       wcscpy_s                   00000001400050f4 f   ucrtd:ucrtbased.dll
 0001:000040fa       QueryPerformanceCounter    00000001400050fa f   kernel32:KERNEL32.dll
 0001:00004100       GetCurrentProcessId        0000000140005100 f   kernel32:KERNEL32.dll
 0001:00004106       GetCurrentThreadId         0000000140005106 f   kernel32:KERNEL32.dll
 0001:0000410c       GetSystemTimeAsFileTime    000000014000510c f   kernel32:KERNEL32.dll
 0001:00004112       InitializeSListHead        0000000140005112 f   kernel32:KERNEL32.dll
 0001:00004118       RtlCaptureContext          0000000140005118 f   kernel32:KERNEL32.dll
 0001:0000411e       RtlLookupFunctionEntry     000000014000511e f   kernel32:KERNEL32.dll
 0001:00004124       RtlVirtualUnwind           0000000140005124 f   kernel32:KERNEL32.dll
 0001:0000412a       IsDebuggerPresent          000000014000512a f   kernel32:KERNEL32.dll
 0001:00004130       UnhandledExceptionFilter   0000000140005130 f   kernel32:KERNEL32.dll
 0001:00004136       SetUnhandledExceptionFilter 0000000140005136 f   kernel32:KERNEL32.dll
 0001:0000413c       GetStartupInfoW            000000014000513c f   kernel32:KERNEL32.dll
 0001:00004142       IsProcessorFeaturePresent  0000000140005142 f   kernel32:KERNEL32.dll
 0001:00004148       GetModuleHandleW           0000000140005148 f   kernel32:KERNEL32.dll
 0001:0000414e       RaiseException             000000014000514e f   kernel32:KERNEL32.dll
 0001:00004154       MultiByteToWideChar        0000000140005154 f   kernel32:KERNEL32.dll
 0001:0000415a       WideCharToMultiByte        000000014000515a f   kernel32:KERNEL32.dll
 0001:00004160       GetLastError               0000000140005160 f   kernel32:KERNEL32.dll
 0001:00004166       HeapAlloc                  0000000140005166 f   kernel32:KERNEL32.dll
 0001:0000416c       HeapFree                   000000014000516c f   kernel32:KERNEL32.dll
 0001:00004172       GetProcessHeap             0000000140005172 f   kernel32:KERNEL32.dll
 0001:00004178       VirtualQuery               0000000140005178 f   kernel32:KERNEL32.dll
 0001:0000417e       FreeLibrary                000000014000517e f   kernel32:KERNEL32.dll
 0001:00004184       GetProcAddress             0000000140005184 f   kernel32:KERNEL32.dll
 0001:0000418a       GetCurrentProcess          000000014000518a f   kernel32:KERNEL32.dll
 0001:00004190       TerminateProcess           0000000140005190 f   kernel32:KERNEL32.dll
 0001:000041a0       __acrt_initialize          00000001400051a0 f   MSVCRTD:ucrt_stubs.obj
 0001:000041a0       __scrt_stub_for_acrt_initialize 00000001400051a0 f   MSVCRTD:ucrt_stubs.obj
 0001:000041a0       __vcrt_initialize          00000001400051a0 f   MSVCRTD:ucrt_stubs.obj
 0001:000041b0       __acrt_thread_attach       00000001400051b0 f   MSVCRTD:ucrt_stubs.obj
 0001:000041b0       __scrt_stub_for_acrt_thread_attach 00000001400051b0 f   MSVCRTD:ucrt_stubs.obj
 0001:000041b0       __vcrt_thread_attach       00000001400051b0 f   MSVCRTD:ucrt_stubs.obj
 0001:000041c0       __acrt_thread_detach       00000001400051c0 f   MSVCRTD:ucrt_stubs.obj
 0001:000041c0       __scrt_stub_for_acrt_thread_detach 00000001400051c0 f   MSVCRTD:ucrt_stubs.obj
 0001:000041c0       __vcrt_thread_detach       00000001400051c0 f   MSVCRTD:ucrt_stubs.obj
 0001:000041d0       __acrt_uninitialize        00000001400051d0 f   MSVCRTD:ucrt_stubs.obj
 0001:000041d0       __scrt_stub_for_acrt_uninitialize 00000001400051d0 f   MSVCRTD:ucrt_stubs.obj
 0001:000041d0       __vcrt_uninitialize        00000001400051d0 f   MSVCRTD:ucrt_stubs.obj
 0001:000041e0       __acrt_uninitialize_critical 00000001400051e0 f   MSVCRTD:ucrt_stubs.obj
 0001:000041e0       __scrt_stub_for_acrt_uninitialize_critical 00000001400051e0 f   MSVCRTD:ucrt_stubs.obj
 0001:000041e0       __vcrt_uninitialize_critical 00000001400051e0 f   MSVCRTD:ucrt_stubs.obj
 0001:000041f0       __scrt_stub_for_is_c_termination_complete 00000001400051f0 f   MSVCRTD:ucrt_stubs.obj
 0001:000041f0       _is_c_termination_complete 00000001400051f0 f   MSVCRTD:ucrt_stubs.obj
 0001:000041f3       memcpy                     00000001400051f3 f   vcruntimed:VCRUNTIME140D.dll
 0001:000054d0       _guard_dispatch_icall_nop  00000001400064d0 f   MSVCRTD:guard_dispatch.obj
 0001:000054f0       _guard_xfg_dispatch_icall_nop 00000001400064f0 f   MSVCRTD:guard_xfg_dispatch.obj
 0002:00000000       __xc_a                     0000000140009000     MSVCRTD:initializers.obj
 0002:00000220       __xc_z                     0000000140009220     MSVCRTD:initializers.obj
 0002:00000330       __xi_a                     0000000140009330     MSVCRTD:initializers.obj
 0002:00000660       __xi_z                     0000000140009660     MSVCRTD:initializers.obj
 0002:00000770       __xp_a                     0000000140009770     MSVCRTD:initializers.obj
 0002:00000880       __xp_z                     0000000140009880     MSVCRTD:initializers.obj
 0002:00000990       __xt_a                     0000000140009990     MSVCRTD:initializers.obj
 0002:00000aa0       __xt_z                     0000000140009aa0     MSVCRTD:initializers.obj
 0002:00000be0       ??_C@_0BJ@HEGAHDFO@Stack?5pointer?5corruption@ 0000000140009be0     MSVCRTD:userapi.obj
 0002:00000c00       ??_C@_0CK@FEGOIOPB@Cast?5to?5smaller?5type?5causing?5lo@ 0000000140009c00     MSVCRTD:userapi.obj
 0002:00000c38       ??_C@_0BI@CIGMDCBH@Stack?5memory?5corruption@ 0000000140009c38     MSVCRTD:userapi.obj
 0002:00000c58       ??_C@_0CK@CNLNOEPB@Local?5variable?5used?5before?5init@ 0000000140009c58     MSVCRTD:userapi.obj
 0002:00000c90       ??_C@_0BP@OGBCLIBO@Stack?5around?5_alloca?5corrupted@ 0000000140009c90     MSVCRTD:userapi.obj
 0002:00000da0       ??_C@_0NN@JMPELKLB@The?5value?5of?5ESP?5was?5not?5proper@ 0000000140009da0     MSVCRTD:error.obj
 0002:00000eb0       ??_C@_0BBN@ELNNILBE@A?5cast?5to?5a?5smaller?5data?5type?5h@ 0000000140009eb0     MSVCRTD:error.obj
 0002:00001008       ??_C@_0BN@BPOGFMJL@Stack?5memory?5was?5corrupted?$AN?6@ 000000014000a008     MSVCRTD:error.obj
 0002:00001030       ??_C@_0DG@DAJCDLPN@A?5local?5variable?5was?5used?5befor@ 000000014000a030     MSVCRTD:error.obj
 0002:00001070       ??_C@_0CM@JMIDGKLA@Stack?5memory?5around?5_alloca?5was@ 000000014000a070     MSVCRTD:error.obj
 0002:000010a8       ??_C@_0BO@CHIONIOI@Unknown?5Runtime?5Check?5Error?$AN?6@ 000000014000a0a8     MSVCRTD:error.obj
 0002:000010d0       ??_C@_1GM@CNOOJIHC@?$AAR?$AAu?$AAn?$AAt?$AAi?$AAm?$AAe?$AA?5?$AAC?$AAh?$AAe?$AAc?$AAk?$AA?5?$AAE@ 000000014000a0d0     MSVCRTD:error.obj
 0002:00001160       ??_C@_1EA@NFKNIFJP@?$AAR?$AAu?$AAn?$AA?9?$AAT?$AAi?$AAm?$AAe?$AA?5?$AAC?$AAh?$AAe?$AAc?$AAk?$AA?5@ 000000014000a160     MSVCRTD:error.obj
 0002:000011b0       ??_C@_0BB@PFFGGCJP@Unknown?5Filename@ 000000014000a1b0     MSVCRTD:error.obj
 0002:000011c8       ??_C@_0BE@GNBOBNCK@Unknown?5Module?5Name@ 000000014000a1c8     MSVCRTD:error.obj
 0002:000011e0       ??_C@_0CA@IODNCDPG@Run?9Time?5Check?5Failure?5?$CD?$CFd?5?9?5?$CFs@ 000000014000a1e0     MSVCRTD:error.obj
 0002:00001208       ??_C@_0CG@IAFNJNEE@Stack?5corrupted?5near?5unknown?5va@ 000000014000a208     MSVCRTD:error.obj
 0002:00001238       ??_C@_05MKKEDADM@?$CF?42X?5@ 000000014000a238     MSVCRTD:error.obj
 0002:00001240       ??_C@_0EJ@LJKNEOLN@Stack?5area?5around?5_alloca?5memor@ 000000014000a240     MSVCRTD:error.obj
 0002:00001298       ??_C@_01EEMJAFIK@?6@       000000014000a298     MSVCRTD:error.obj
 0002:0000129c       ??_C@_02LLMPMKNF@?$DO?5@   000000014000a29c     MSVCRTD:error.obj
 0002:000012a0       ??_C@_08OMAHNMHJ@?6Data?3?5?$DM@ 000000014000a2a0     MSVCRTD:error.obj
 0002:000012b0       ??_C@_0CK@DKGBICFE@?6Allocation?5number?5within?5this?5@ 000000014000a2b0     MSVCRTD:error.obj
 0002:000012e8       ??_C@_07DFDJCKFN@?6Size?3?5@ 000000014000a2e8     MSVCRTD:error.obj
 0002:000012f8       ??_C@_0N@MHFFIMFG@?6Address?3?50x@ 000000014000a2f8     MSVCRTD:error.obj
 0002:00001310       ??_C@_0EI@CLEPFNGI@Stack?5area?5around?5_alloca?5memor@ 000000014000a310     MSVCRTD:error.obj
 0002:00001368       ??_C@_0BK@ODNDAGKB@?$CFs?$CFs?$CFp?$CFs?$CFzd?$CFs?$CFd?$CFs?$CFs?$CFs?$CFs?$CFs@ 000000014000a368     MSVCRTD:error.obj
 0002:00001388       ??_C@_0DE@OHJBPMBP@A?5variable?5is?5being?5used?5withou@ 000000014000a388     MSVCRTD:error.obj
 0002:00001430       ??_C@_1EI@MLPKHBGE@?$AAa?$AAp?$AAi?$AA?9?$AAm?$AAs?$AA?9?$AAw?$AAi?$AAn?$AA?9?$AAc?$AAo?$AAr?$AAe@ 000000014000a430     MSVCRTD:pdblkup.obj
 0002:00001488       ??_C@_1BK@JHLNAEJL@?$AAa?$AAd?$AAv?$AAa?$AAp?$AAi?$AA3?$AA2?$AA?4?$AAd?$AAl?$AAl@ 000000014000a488     MSVCRTD:pdblkup.obj
 0002:000014a8       ??_C@_0O@COHOBMLB@RegOpenKeyExW@ 000000014000a4a8     MSVCRTD:pdblkup.obj
 0002:000014b8       ??_C@_0BB@GLNAEDBD@RegQueryValueExW@ 000000014000a4b8     MSVCRTD:pdblkup.obj
 0002:000014d0       ??_C@_0M@HLOHPNFA@RegCloseKey@ 000000014000a4d0     MSVCRTD:pdblkup.obj
 0002:000014e0       ??_C@_1HE@EBEAGLFB@?$AAS?$AAO?$AAF?$AAT?$AAW?$AAA?$AAR?$AAE?$AA?2?$AAW?$AAo?$AAw?$AA6?$AA4?$AA3@ 000000014000a4e0     MSVCRTD:pdblkup.obj
 0002:00001570       ??_C@_1BG@EABPBLLF@?$AAP?$AAr?$AAo?$AAd?$AAu?$AAc?$AAt?$AAD?$AAi?$AAr@ 000000014000a570     MSVCRTD:pdblkup.obj
 0002:000015b8       ??_C@_1BC@JINFINNJ@?$AAM?$AAS?$AAP?$AAD?$AAB?$AA1?$AA4?$AA0@ 000000014000a5b8     MSVCRTD:pdblkup.obj
 0002:000015d0       ??_C@_0BB@KCIACLNC@PDBOpenValidate5@ 000000014000a5d0     MSVCRTD:pdblkup.obj
 0002:000015e4       ??_C@_01KDCPPGHE@r@        000000014000a5e4     MSVCRTD:pdblkup.obj
 0002:00001600       _load_config_used          000000014000a600     MSVCRTD:loadcfg.obj
 0002:00001900       __CastGuardVftablesStart   000000014000a900     MSVCRTD:guard_support.obj
 0002:00001b00       __CastGuardVftablesEnd     000000014000ab00     MSVCRTD:guard_support.obj
 0002:00001df8       __rtc_iaa                  000000014000adf8     MSVCRTD:initsect.obj
 0002:00002028       __rtc_izz                  000000014000b028     MSVCRTD:initsect.obj
 0002:00002138       __rtc_taa                  000000014000b138     MSVCRTD:initsect.obj
 0002:00002368       __rtc_tzz                  000000014000b368     MSVCRTD:initsect.obj
 0003:00000000       __scrt_native_dllmain_reason 000000014000c000     MSVCRTD:utility.obj
 0003:00000004       __scrt_default_matherr     000000014000c004     MSVCRTD:matherr.obj
 0003:00000008       ?_RTC_ErrorLevels@@3PAHA   000000014000c008     MSVCRTD:error.obj
 0003:00000020       __isa_available            000000014000c020     MSVCRTD:cpu_disp.obj
 0003:00000024       __isa_enabled              000000014000c024     MSVCRTD:cpu_disp.obj
 0003:00000028       __memset_fast_string_threshold 000000014000c028     MSVCRTD:cpu_disp.obj
 0003:00000030       __memset_nt_threshold      000000014000c030     MSVCRTD:cpu_disp.obj
 0003:00000040       __security_cookie_complement 000000014000c040     MSVCRTD:gs_cookie.obj
 0003:00000048       __security_cookie          000000014000c048     MSVCRTD:gs_cookie.obj
 0003:00000060       __scrt_ucrt_dll_is_in_use  000000014000c060     MSVCRTD:ucrt_stubs.obj
 0003:00000190       __scrt_current_native_startup_state 000000014000c190     MSVCRTD:utility.obj
 0003:00000198       __scrt_native_startup_lock 000000014000c198     MSVCRTD:utility.obj
 0003:000001f0       ?__type_info_root_node@@3U__type_info_node@@A 000000014000c1f0     MSVCRTD:tncleanup.obj
 0003:00000208       ?_OptionsStorage@?1??__local_stdio_printf_options@@9@4_KA 000000014000c208     MSVCRTD:default_local_stdio_options.obj
 0003:00000218       ?_OptionsStorage@?1??__local_stdio_scanf_options@@9@4_KA 000000014000c218     MSVCRTD:default_local_stdio_options.obj
 0003:00000224       __scrt_debugger_hook_flag  000000014000c224     MSVCRTD:utility_desktop.obj
 0003:00000228       __favor                    000000014000c228     MSVCRTD:cpu_disp.obj
 0003:000008c8       __@@_PchSym_@00@UPPurcgfivPyfrowPPUxnzpvurovhUkxszkkOwriUxnzpvPkxsOxOlyq@4B2008FD98C1DD4 000000014000c8c8     <common>
 0003:000008d8       __dyn_tls_dtor_callback    000000014000c8d8     <common>
 0003:000008f0       __dyn_tls_init_callback    000000014000c8f0     <common>
 0005:00000000       __imp_GetLastError         000000014000e000     kernel32:KERNEL32.dll
 0005:00000008       __imp_GetCurrentProcessId  000000014000e008     kernel32:KERNEL32.dll
 0005:00000010       __imp_GetCurrentThreadId   000000014000e010     kernel32:KERNEL32.dll
 0005:00000018       __imp_GetSystemTimeAsFileTime 000000014000e018     kernel32:KERNEL32.dll
 0005:00000020       __imp_InitializeSListHead  000000014000e020     kernel32:KERNEL32.dll
 0005:00000028       __imp_RtlCaptureContext    000000014000e028     kernel32:KERNEL32.dll
 0005:00000030       __imp_RtlLookupFunctionEntry 000000014000e030     kernel32:KERNEL32.dll
 0005:00000038       __imp_RtlVirtualUnwind     000000014000e038     kernel32:KERNEL32.dll
 0005:00000040       __imp_IsDebuggerPresent    000000014000e040     kernel32:KERNEL32.dll
 0005:00000048       __imp_TerminateProcess     000000014000e048     kernel32:KERNEL32.dll
 0005:00000050       __imp_GetCurrentProcess    000000014000e050     kernel32:KERNEL32.dll
 0005:00000058       __imp_GetProcAddress       000000014000e058     kernel32:KERNEL32.dll
 0005:00000060       __imp_FreeLibrary          000000014000e060     kernel32:KERNEL32.dll
 0005:00000068       __imp_VirtualQuery         000000014000e068     kernel32:KERNEL32.dll
 0005:00000070       __imp_GetProcessHeap       000000014000e070     kernel32:KERNEL32.dll
 0005:00000078       __imp_HeapFree             000000014000e078     kernel32:KERNEL32.dll
 0005:00000080       __imp_HeapAlloc            000000014000e080     kernel32:KERNEL32.dll
 0005:00000088       __imp_QueryPerformanceCounter 000000014000e088     kernel32:KERNEL32.dll
 0005:00000090       __imp_WideCharToMultiByte  000000014000e090     kernel32:KERNEL32.dll
 0005:00000098       __imp_MultiByteToWideChar  000000014000e098     kernel32:KERNEL32.dll
 0005:000000a0       __imp_RaiseException       000000014000e0a0     kernel32:KERNEL32.dll
 0005:000000a8       __imp_GetModuleHandleW     000000014000e0a8     kernel32:KERNEL32.dll
 0005:000000b0       __imp_IsProcessorFeaturePresent 000000014000e0b0     kernel32:KERNEL32.dll
 0005:000000b8       __imp_GetStartupInfoW      000000014000e0b8     kernel32:KERNEL32.dll
 0005:000000c0       __imp_SetUnhandledExceptionFilter 000000014000e0c0     kernel32:KERNEL32.dll
 0005:000000c8       __imp_UnhandledExceptionFilter 000000014000e0c8     kernel32:KERNEL32.dll
 0005:000000d0       \177KERNEL32_NULL_THUNK_DATA 000000014000e0d0     kernel32:KERNEL32.dll
 0005:00000150       __imp___vcrt_LoadLibraryExW 000000014000e150     vcruntimed:VCRUNTIME140D.dll
 0005:00000158       __imp___vcrt_GetModuleHandleW 000000014000e158     vcruntimed:VCRUNTIME140D.dll
 0005:00000160       __imp___vcrt_GetModuleFileNameW 000000014000e160     vcruntimed:VCRUNTIME140D.dll
 0005:00000168       __imp___C_specific_handler_noexcept 000000014000e168     vcruntimed:VCRUNTIME140D.dll
 0005:00000170       __imp___current_exception_context 000000014000e170     vcruntimed:VCRUNTIME140D.dll
 0005:00000178       __imp___current_exception  000000014000e178     vcruntimed:VCRUNTIME140D.dll
 0005:00000180       __imp___std_type_info_destroy_list 000000014000e180     vcruntimed:VCRUNTIME140D.dll
 0005:00000188       __imp___C_specific_handler 000000014000e188     vcruntimed:VCRUNTIME140D.dll
 0005:00000190       __imp_memcpy               000000014000e190     vcruntimed:VCRUNTIME140D.dll
 0005:00000198       \177VCRUNTIME140D_NULL_THUNK_DATA 000000014000e198     vcruntimed:VCRUNTIME140D.dll
 0005:000001f8       __imp_strcat_s             000000014000e1f8     ucrtd:ucrtbased.dll
 0005:00000200       __imp___stdio_common_vsprintf_s 000000014000e200     ucrtd:ucrtbased.dll
 0005:00000208       __imp__wmakepath_s         000000014000e208     ucrtd:ucrtbased.dll
 0005:00000210       __imp__wsplitpath_s        000000014000e210     ucrtd:ucrtbased.dll
 0005:00000218       __imp_wcscpy_s             000000014000e218     ucrtd:ucrtbased.dll
 0005:00000220       __imp_strcpy_s             000000014000e220     ucrtd:ucrtbased.dll
 0005:00000228       __imp__crt_at_quick_exit   000000014000e228     ucrtd:ucrtbased.dll
 0005:00000230       __imp__crt_atexit          000000014000e230     ucrtd:ucrtbased.dll
 0005:00000238       __imp__execute_onexit_table 000000014000e238     ucrtd:ucrtbased.dll
 0005:00000240       __imp__register_onexit_function 000000014000e240     ucrtd:ucrtbased.dll
 0005:00000248       __imp__initialize_onexit_table 000000014000e248     ucrtd:ucrtbased.dll
 0005:00000250       __imp__seh_filter_dll      000000014000e250     ucrtd:ucrtbased.dll
 0005:00000258       __imp___p__commode         000000014000e258     ucrtd:ucrtbased.dll
 0005:00000260       __imp__set_new_mode        000000014000e260     ucrtd:ucrtbased.dll
 0005:00000268       __imp__configthreadlocale  000000014000e268     ucrtd:ucrtbased.dll
 0005:00000270       __imp__register_thread_local_exe_atexit_callback 000000014000e270     ucrtd:ucrtbased.dll
 0005:00000278       __imp__c_exit              000000014000e278     ucrtd:ucrtbased.dll
 0005:00000280       __imp__cexit               000000014000e280     ucrtd:ucrtbased.dll
 0005:00000288       __imp___p___argv           000000014000e288     ucrtd:ucrtbased.dll
 0005:00000290       __imp___p___argc           000000014000e290     ucrtd:ucrtbased.dll
 0005:00000298       __imp__set_fmode           000000014000e298     ucrtd:ucrtbased.dll
 0005:000002a0       __imp__exit                000000014000e2a0     ucrtd:ucrtbased.dll
 0005:000002a8       __imp_exit                 000000014000e2a8     ucrtd:ucrtbased.dll
 0005:000002b0       __imp__initterm_e          000000014000e2b0     ucrtd:ucrtbased.dll
 0005:000002b8       __imp__initterm            000000014000e2b8     ucrtd:ucrtbased.dll
 0005:000002c0       __imp__get_initial_narrow_environment 000000014000e2c0     ucrtd:ucrtbased.dll
 0005:000002c8       __imp__initialize_narrow_environment 000000014000e2c8     ucrtd:ucrtbased.dll
 0005:000002d0       __imp__configure_narrow_argv 000000014000e2d0     ucrtd:ucrtbased.dll
 0005:000002d8       __imp___setusermatherr     000000014000e2d8     ucrtd:ucrtbased.dll
 0005:000002e0       __imp__set_app_type        000000014000e2e0     ucrtd:ucrtbased.dll
 0005:000002e8       __imp__seh_filter_exe      000000014000e2e8     ucrtd:ucrtbased.dll
 0005:000002f0       __imp__CrtDbgReportW       000000014000e2f0     ucrtd:ucrtbased.dll
 0005:000002f8       __imp__CrtDbgReport        000000014000e2f8     ucrtd:ucrtbased.dll
 0005:00000300       __imp_terminate            000000014000e300     ucrtd:ucrtbased.dll
 0005:00000308       \177ucrtbased_NULL_THUNK_DATA 000000014000e308     ucrtd:ucrtbased.dll
 0005:00000390       __IMPORT_DESCRIPTOR_VCRUNTIME140D 000000014000e390     vcruntimed:VCRUNTIME140D.dll
 0005:000003a4       __IMPORT_DESCRIPTOR_ucrtbased 000000014000e3a4     ucrtd:ucrtbased.dll
 0005:000003b8       __IMPORT_DESCRIPTOR_KERNEL32 000000014000e3b8     kernel32:KERNEL32.dll
 0005:000003cc       __NULL_IMPORT_DESCRIPTOR   000000014000e3cc     vcruntimed:VCRUNTIME140D.dll
 0006:00000000       __guard_check_icall_fptr   000000014000f000     MSVCRTD:guard_support.obj
 0006:00000010       __guard_xfg_check_icall_fptr 000000014000f010     MSVCRTD:guard_support.obj
 0006:00000020       __guard_dispatch_icall_fptr 000000014000f020     MSVCRTD:guard_support.obj
 0006:00000030       __guard_xfg_dispatch_icall_fptr 000000014000f030     MSVCRTD:guard_support.obj
 0006:00000040       __guard_xfg_table_dispatch_icall_fptr 000000014000f040     MSVCRTD:guard_support.obj
 0006:00000050       __castguard_check_failure_os_handled_fptr 000000014000f050     MSVCRTD:guard_support.obj
 0006:00000060       __guard_memcpy_fptr        000000014000f060     vcruntimed:softmemtag.obj

 entry point at        0001:00000172

 Static symbols

 0000:00000000       _volmd                     0000000140000000     MSVCRTD:cpu_disp.obj
 0000:ffff1000       __guard_ehcont_?notify_debugger@@YAXAEBUtagEXCEPTION_VISUALCPP_DEBUG_INFO@@@Z 0000000140000000     MSVCRTD:error.obj
 0000:ffff1000       __guard_ehcont_?__scrt_common_main_seh@@YAHXZ 0000000140000000     MSVCRTD:exe_main.obj
 0000:ffff1000       __guard_fids_?pre_c_initialization@@YAHXZ 0000000140000000     MSVCRTD:exe_main.obj
 0000:ffff1000       __guard_fids__             0000000140000000     MSVCRTD:exe_main.obj
 0000:00000000       _volmd                     0000000140000000     MSVCRTD:gs_report.obj
 0000:00000000       _volmd                     0000000140000000     MSVCRTD:gs_report.obj
 0000:00000000       _volmd                     0000000140000000     MSVCRTD:gs_report.obj
 0000:ffff1000       __guard_fids__             0000000140000000     MSVCRTD:guard_support.obj
 0000:ffff1000       __guard_fids__             0000000140000000     MSVCRTD:guard_support.obj
 0000:ffff1000       __guard_fids__guard_icall_checks_enforced 0000000140000000     MSVCRTD:guard_support.obj
 0000:00000000       _volmd                     0000000140000000     MSVCRTD:guard_support.obj
 0000:00000000       _volmd                     0000000140000000     MSVCRTD:guard_support.obj
 0000:ffff1000       __guard_fids__CRT_RTC_INIT 0000000140000000     MSVCRTD:init.obj
 0000:ffff1000       __guard_fids__CRT_RTC_INITW 0000000140000000     MSVCRTD:init.obj
 0002:ffff7000       $unwind$?configure_argv@__scrt_narrow_argv_policy@@SAHXZ 0000000140000000     MSVCRTD:utility.obj
 0002:ffff7000       $unwind$?initialize_environment@__scrt_narrow_environment_policy@@SAHXZ 0000000140000000     MSVCRTD:utility.obj
 0000:ffff1000       __guard_ehcont___scrt_is_nonwritable_in_current_image 0000000140000000     MSVCRTD:utility.obj
 0000:00000000       _volmd                     0000000140000000     MSVCRTD:utility.obj
 0000:00000000       _volmd                     0000000140000000     MSVCRTD:utility.obj
 0000:00000000       _volmd                     0000000140000000     MSVCRTD:utility.obj
 0000:ffff1000       __guard_fids___scrt_set_unhandled_exception_filter 0000000140000000     MSVCRTD:utility_desktop.obj
 0000:00000000       _volmd                     0000000140000000     MSVCRTD:utility_desktop.obj
 0000:ffff1000       __guard_fids__             0000000140000000     vcruntimed:softmemtag.obj
 0000:fffee000       .debug$S                   0000000140000000     vcruntimed:VCRUNTIME140D.dll
 0000:fffee000       .debug$S                   0000000140000000     vcruntimed:VCRUNTIME140D.dll
 0000:fffee000       .debug$S                   0000000140000000     vcruntimed:VCRUNTIME140D.dll
 0000:fffee000       .debug$S                   0000000140000000     vcruntimed:VCRUNTIME140D.dll
 0000:fffee000       .debug$S                   0000000140000000     vcruntimed:VCRUNTIME140D.dll
 0000:fffee000       .debug$S                   0000000140000000     vcruntimed:VCRUNTIME140D.dll
 0000:fffee000       .debug$S                   0000000140000000     vcruntimed:VCRUNTIME140D.dll
 0000:fffee000       .debug$S                   0000000140000000     vcruntimed:VCRUNTIME140D.dll
 0000:fffee000       .debug$S                   0000000140000000     vcruntimed:VCRUNTIME140D.dll
 0000:fffee000       .debug$S                   0000000140000000     kernel32:KERNEL32.dll
 0000:fffee000       .debug$S                   0000000140000000     kernel32:KERNEL32.dll
 0000:fffee000       .debug$S                   0000000140000000     kernel32:KERNEL32.dll
 0000:fffee000       .debug$S                   0000000140000000     kernel32:KERNEL32.dll
 0000:fffee000       .debug$S                   0000000140000000     kernel32:KERNEL32.dll
 0000:fffee000       .debug$S                   0000000140000000     kernel32:KERNEL32.dll
 0000:fffee000       .debug$S                   0000000140000000     kernel32:KERNEL32.dll
 0000:fffee000       .debug$S                   0000000140000000     kernel32:KERNEL32.dll
 0000:fffee000       .debug$S                   0000000140000000     kernel32:KERNEL32.dll
 0000:fffee000       .debug$S                   0000000140000000     kernel32:KERNEL32.dll
 0000:fffee000       .debug$S                   0000000140000000     kernel32:KERNEL32.dll
 0000:fffee000       .debug$S                   0000000140000000     kernel32:KERNEL32.dll
 0000:fffee000       .debug$S                   0000000140000000     kernel32:KERNEL32.dll
 0000:fffee000       .debug$S                   0000000140000000     kernel32:KERNEL32.dll
 0000:fffee000       .debug$S                   0000000140000000     kernel32:KERNEL32.dll
 0000:fffee000       .debug$S                   0000000140000000     kernel32:KERNEL32.dll
 0000:fffee000       .debug$S                   0000000140000000     kernel32:KERNEL32.dll
 0000:fffee000       .debug$S                   0000000140000000     kernel32:KERNEL32.dll
 0000:fffee000       .debug$S                   0000000140000000     kernel32:KERNEL32.dll
 0000:fffee000       .debug$S                   0000000140000000     kernel32:KERNEL32.dll
 0000:fffee000       .debug$S                   0000000140000000     kernel32:KERNEL32.dll
 0000:fffee000       .debug$S                   0000000140000000     kernel32:KERNEL32.dll
 0000:fffee000       .debug$S                   0000000140000000     kernel32:KERNEL32.dll
 0000:fffee000       .debug$S                   0000000140000000     kernel32:KERNEL32.dll
 0000:fffee000       .debug$S                   0000000140000000     kernel32:KERNEL32.dll
 0000:fffee000       .debug$S                   0000000140000000     kernel32:KERNEL32.dll
 0000:fffee000       .debug$S                   0000000140000000     ucrtd:ucrtbased.dll
 0000:fffee000       .debug$S                   0000000140000000     ucrtd:ucrtbased.dll
 0000:fffee000       .debug$S                   0000000140000000     ucrtd:ucrtbased.dll
 0000:fffee000       .debug$S                   0000000140000000     ucrtd:ucrtbased.dll
 0000:fffee000       .debug$S                   0000000140000000     ucrtd:ucrtbased.dll
 0000:fffee000       .debug$S                   0000000140000000     ucrtd:ucrtbased.dll
 0000:fffee000       .debug$S                   0000000140000000     ucrtd:ucrtbased.dll
 0000:fffee000       .debug$S                   0000000140000000     ucrtd:ucrtbased.dll
 0000:fffee000       .debug$S                   0000000140000000     ucrtd:ucrtbased.dll
 0000:fffee000       .debug$S                   0000000140000000     ucrtd:ucrtbased.dll
 0000:fffee000       .debug$S                   0000000140000000     ucrtd:ucrtbased.dll
 0000:fffee000       .debug$S                   0000000140000000     ucrtd:ucrtbased.dll
 0000:fffee000       .debug$S                   0000000140000000     ucrtd:ucrtbased.dll
 0000:fffee000       .debug$S                   0000000140000000     ucrtd:ucrtbased.dll
 0000:fffee000       .debug$S                   0000000140000000     ucrtd:ucrtbased.dll
 0000:fffee000       .debug$S                   0000000140000000     ucrtd:ucrtbased.dll
 0000:fffee000       .debug$S                   0000000140000000     ucrtd:ucrtbased.dll
 0000:fffee000       .debug$S                   0000000140000000     ucrtd:ucrtbased.dll
 0000:fffee000       .debug$S                   0000000140000000     ucrtd:ucrtbased.dll
 0000:fffee000       .debug$S                   0000000140000000     ucrtd:ucrtbased.dll
 0000:fffee000       .debug$S                   0000000140000000     ucrtd:ucrtbased.dll
 0000:fffee000       .debug$S                   0000000140000000     ucrtd:ucrtbased.dll
 0000:fffee000       .debug$S                   0000000140000000     ucrtd:ucrtbased.dll
 0000:fffee000       .debug$S                   0000000140000000     ucrtd:ucrtbased.dll
 0000:fffee000       .debug$S                   0000000140000000     ucrtd:ucrtbased.dll
 0000:fffee000       .debug$S                   0000000140000000     ucrtd:ucrtbased.dll
 0000:fffee000       .debug$S                   0000000140000000     ucrtd:ucrtbased.dll
 0000:fffee000       .debug$S                   0000000140000000     ucrtd:ucrtbased.dll
 0000:fffee000       .debug$S                   0000000140000000     ucrtd:ucrtbased.dll
 0000:fffee000       .debug$S                   0000000140000000     ucrtd:ucrtbased.dll
 0000:fffee000       .debug$S                   0000000140000000     ucrtd:ucrtbased.dll
 0000:fffee000       .debug$S                   0000000140000000     ucrtd:ucrtbased.dll
 0000:fffee000       .debug$S                   0000000140000000     ucrtd:ucrtbased.dll
 0000:fffee000       .debug$S                   0000000140000000     ucrtd:ucrtbased.dll
 0000:ffff1004       __guard_fids__             0000000140000004     MSVCRTD:exe_main.obj
 0000:ffff1008       __guard_fids__             0000000140000008     MSVCRTD:exe_main.obj
 0001:000004b0       pch_only_constant          00000001400014b0 f   helper.c.obj
 0001:00000580       ?pre_c_initialization@@YAHXZ 0000000140001580 f   MSVCRTD:exe_main.obj
 0001:00000660       ?post_pgo_initialization@@YAHXZ 0000000140001660 f   MSVCRTD:exe_main.obj
 0001:00000680       ?pre_cpp_initialization@@YAXXZ 0000000140001680 f   MSVCRTD:exe_main.obj
 0001:000006a0       ?__scrt_common_main@@YAHXZ 00000001400016a0 f   MSVCRTD:exe_main.obj
 0001:000006c0       ?__scrt_common_main_seh@@YAHXZ 00000001400016c0 f   MSVCRTD:exe_main.obj
 0001:00000910       ?invoke_main@@YAHXZ        0000000140001910 f   MSVCRTD:exe_main.obj
 0001:00000ab0       ?find_pe_section@@YAPEAU_IMAGE_SECTION_HEADER@@QEAE_K@Z 0000000140001ab0 f   MSVCRTD:utility.obj
 0001:00000bb0       ?is_potentially_valid_image_base@@YA_NQEAX@Z 0000000140001bb0 f   MSVCRTD:utility.obj
 0001:000012d0       __get_entropy              00000001400022d0 f   MSVCRTD:gs_support.obj
 0001:00001c40       __castguard_check_failure_os_handled_wrapper 0000000140002c40 f   MSVCRTD:guard_support.obj
 0001:00001c80       __castguard_compat_check   0000000140002c80 f   MSVCRTD:guard_support.obj
 0001:00001e40       __castguard_slow_path_compat_check 0000000140002e40 f   MSVCRTD:guard_support.obj
 0001:00001f30       ?DebuggerProbe@@YA_NK@Z    0000000140002f30 f   MSVCRTD:error.obj
 0001:00001f80       ?DebuggerRuntime@@YA_NKHPEAXPEB_W@Z 0000000140002f80 f   MSVCRTD:error.obj
 0001:00002310       ?_getMemBlockDataString@@YAXPEAD0PEBD_K@Z 0000000140003310 f   MSVCRTD:error.obj
 0001:000023f0       ?_strlen_priv@@YA_KPEBD@Z  00000001400033f0 f   MSVCRTD:error.obj
 0001:00002410       ?failwithmessage@@YAXPEAXHHPEBD@Z 0000000140003410 f   MSVCRTD:error.obj
 0001:00002710       ?notify_debugger@@YAXAEBUtagEXCEPTION_VISUALCPP_DEBUG_INFO@@@Z 0000000140003710 f   MSVCRTD:error.obj
 0001:00002db0       ?GetPdbDll@@YAPEAUHINSTANCE__@@XZ 0000000140003db0 f   MSVCRTD:pdblkup.obj
 0001:00002f70       ?GetPdbDllFromInstallPath@@YAPEAUHINSTANCE__@@XZ 0000000140003f70 f   MSVCRTD:pdblkup.obj
 0001:000032d0       ?GetPdbDllPathFromFilePath@@YAHPEB_WPEA_W_K@Z 00000001400042d0 f   MSVCRTD:pdblkup.obj
 0001:00003a70       $$000000                   0000000140004a70     MSVCRTD:amdsecgs.obj
 0001:00003e60       capture_current_context    0000000140004e60 f   MSVCRTD:gs_report.obj
 0001:00003f20       capture_previous_context   0000000140004f20 f   MSVCRTD:gs_report.obj
 0001:000054c0       $$000000                   00000001400064c0     MSVCRTD:guard_dispatch.obj
 0001:000054e0       $$000000                   00000001400064e0     MSVCRTD:guard_xfg_dispatch.obj
 0001:00006500       ?filt$0@?0??__scrt_common_main_seh@@YAHXZ@4HA 0000000140007500 f   MSVCRTD:exe_main.obj
 0001:00006540       __scrt_is_nonwritable_in_current_image$filt$0 0000000140007540 f   MSVCRTD:utility.obj
 0001:00006590       ?filt$0@?0??notify_debugger@@YAXAEBUtagEXCEPTION_VISUALCPP_DEBUG_INFO@@@Z@4HA 0000000140007590 f   MSVCRTD:error.obj
 0002:00000110       ?pre_cpp_initializer@@3P6AXXZEA 0000000140009110     MSVCRTD:exe_main.obj
 0002:00000440       ?pre_c_initializer@@3P6AHXZEA 0000000140009440     MSVCRTD:exe_main.obj
 0002:00000550       ?post_pgo_initializer@@3P6AHXZEA 0000000140009550     MSVCRTD:exe_main.obj
 0002:00000bb0       ?_RTC_errlist@@3QBQEBDB    0000000140009bb0     MSVCRTD:userapi.obj
 0002:00000cb8       ?_RTC_ErrorMessages@@3QBQEBDB 0000000140009cb8     MSVCRTD:error.obj
 0002:00000ce8       ?_RTC_NoFalsePositives@@3QBHB 0000000140009ce8     MSVCRTD:error.obj
 0002:00000d00       ?stack_premsg@@3QBDB       0000000140009d00     MSVCRTD:error.obj
 0002:00000d20       ?stack_postmsg@@3QBDB      0000000140009d20     MSVCRTD:error.obj
 0002:00000d38       ?uninit_premsg@@3QBDB      0000000140009d38     MSVCRTD:error.obj
 0002:00000d48       ?uninit_postmsg@@3QBDB     0000000140009d48     MSVCRTD:error.obj
 0002:000013c8       ?mspdbName@@3QB_WB         000000014000a3c8     MSVCRTD:pdblkup.obj
 0002:000013f8       ?debugCrtFileName@@3QB_WB  000000014000a3f8     MSVCRTD:pdblkup.obj
 0002:00001590       ?dllExt@?1??GetPdbDllPathFromFilePath@@YAHPEB_WPEA_W_K@Z@4QB_WB 000000014000a590     MSVCRTD:pdblkup.obj
 0002:000015a0       ?mspdbFilename@?1??GetPdbDllPathFromFilePath@@YAHPEB_WPEA_W_K@Z@4QB_WB 000000014000a5a0     MSVCRTD:pdblkup.obj
 0002:000015e8       GS_ExceptionPointers       000000014000a5e8     MSVCRTD:gs_report.obj
 0002:00001f08       _RTC_InitBase.rtc$IMZ      000000014000af08     main.c.obj
 0002:00001f18       _RTC_InitBase.rtc$IMZ      000000014000af18     helper.c.obj
 0002:00002248       _RTC_Shutdown.rtc$TMZ      000000014000b248     main.c.obj
 0002:00002258       _RTC_Shutdown.rtc$TMZ      000000014000b258     helper.c.obj
 0002:00002478       $unwind$main               000000014000b478     main.c.obj
 0002:00002480       $unwind$pch_only_constant  000000014000b480     helper.c.obj
 0002:00002488       $unwind$helper_value       000000014000b488     helper.c.obj
 0002:00002494       $unwind$_RTC_Shutdown      000000014000b494     MSVCRTD:init.obj
 0002:0000249c       $unwind$_RTC_InitBase      000000014000b49c     MSVCRTD:init.obj
 0002:000024a4       $unwind$?configure_argv@__scrt_narrow_argv_policy@@SAHXZ 000000014000b4a4     MSVCRTD:exe_main.obj
 0002:000024ac       $unwind$?initialize_environment@__scrt_narrow_environment_policy@@SAHXZ 000000014000b4ac     MSVCRTD:exe_main.obj
 0002:000024b4       $unwind$?set_app_type@__scrt_main_policy@@SAXXZ 000000014000b4b4     MSVCRTD:exe_main.obj
 0002:000024bc       $unwind$?set_fmode@__scrt_file_policy@@SAXXZ 000000014000b4bc     MSVCRTD:exe_main.obj
 0002:000024c4       $unwind$?set_commode@__scrt_file_policy@@SAXXZ 000000014000b4c4     MSVCRTD:exe_main.obj
 0002:000024cc       $unwind$?invoke_main@@YAHXZ 000000014000b4cc     MSVCRTD:exe_main.obj
 0002:000024d4       $unwind$?pre_c_initialization@@YAHXZ 000000014000b4d4     MSVCRTD:exe_main.obj
 0002:000024dc       $unwind$?post_pgo_initialization@@YAHXZ 000000014000b4dc     MSVCRTD:exe_main.obj
 0002:000024e4       $unwind$?pre_cpp_initialization@@YAXXZ 000000014000b4e4     MSVCRTD:exe_main.obj
 0002:000024ec       $unwind$?__scrt_common_main_seh@@YAHXZ 000000014000b4ec     MSVCRTD:exe_main.obj
 0002:00002510       $unwind$?filt$0@?0??__scrt_common_main_seh@@YAHXZ@4HA 000000014000b510     MSVCRTD:exe_main.obj
 0002:00002518       $unwind$?__scrt_common_main@@YAHXZ 000000014000b518     MSVCRTD:exe_main.obj
 0002:00002520       $unwind$mainCRTStartup     000000014000b520     MSVCRTD:exe_main.obj
 0002:00002528       $unwind$atexit             000000014000b528     MSVCRTD:utility.obj
 0002:00002530       $unwind$_onexit            000000014000b530     MSVCRTD:utility.obj
 0002:00002538       $unwind$at_quick_exit      000000014000b538     MSVCRTD:utility.obj
 0002:00002540       $unwind$__scrt_is_nonwritable_in_current_image 000000014000b540     MSVCRTD:utility.obj
 0002:00002564       $unwind$__scrt_is_nonwritable_in_current_image$filt$0 000000014000b564     MSVCRTD:utility.obj
 0002:0000256c       $unwind$__scrt_acquire_startup_lock 000000014000b56c     MSVCRTD:utility.obj
 0002:00002574       $unwind$__scrt_release_startup_lock 000000014000b574     MSVCRTD:utility.obj
 0002:0000257c       $unwind$__scrt_initialize_crt 000000014000b57c     MSVCRTD:utility.obj
 0002:00002584       $unwind$__scrt_uninitialize_crt 000000014000b584     MSVCRTD:utility.obj
 0002:0000258c       $unwind$__scrt_initialize_onexit_tables 000000014000b58c     MSVCRTD:utility.obj
 0002:0000259c       $unwind$__scrt_dllmain_exception_filter 000000014000b59c     MSVCRTD:utility.obj
 0002:000025a4       $unwind$__scrt_dllmain_before_initialize_c 000000014000b5a4     MSVCRTD:utility.obj
 0002:000025ac       $unwind$__scrt_dllmain_after_initialize_c 000000014000b5ac     MSVCRTD:utility.obj
 0002:000025b4       $unwind$__scrt_dllmain_uninitialize_c 000000014000b5b4     MSVCRTD:utility.obj
 0002:000025bc       $unwind$__scrt_dllmain_uninitialize_critical 000000014000b5bc     MSVCRTD:utility.obj
 0002:000025c4       $unwind$__scrt_dllmain_crt_thread_attach 000000014000b5c4     MSVCRTD:utility.obj
 0002:000025cc       $unwind$__scrt_dllmain_crt_thread_detach 000000014000b5cc     MSVCRTD:utility.obj
 0002:000025d4       $unwind$?is_potentially_valid_image_base@@YA_NQEAX@Z 000000014000b5d4     MSVCRTD:utility.obj
 0002:000025dc       $unwind$?find_pe_section@@YAPEAU_IMAGE_SECTION_HEADER@@QEAE_K@Z 000000014000b5dc     MSVCRTD:utility.obj
 0002:000025e4       $unwind$__security_init_cookie 000000014000b5e4     MSVCRTD:gs_support.obj
 0002:000025ec       $unwind$__get_entropy      000000014000b5ec     MSVCRTD:gs_support.obj
 0002:000025f4       $unwind$?__scrt_initialize_type_info@@YAXXZ 000000014000b5f4     MSVCRTD:tncleanup.obj
 0002:000025fc       $unwind$?__scrt_uninitialize_type_info@@YAXXZ 000000014000b5fc     MSVCRTD:tncleanup.obj
 0002:00002604       $unwind$__scrt_initialize_default_local_stdio_options 000000014000b604     MSVCRTD:default_local_stdio_options.obj
 0002:0000260c       $unwind$__scrt_is_user_matherr_present 000000014000b60c     MSVCRTD:matherr_detection.obj
 0002:00002614       $unwind$__scrt_get_show_window_mode 000000014000b614     MSVCRTD:utility_desktop.obj
 0002:00002624       $unwind$__scrt_is_managed_app 000000014000b624     MSVCRTD:utility_desktop.obj
 0002:0000262c       $unwind$__scrt_initialize_mta 000000014000b62c     MSVCRTD:utility_desktop.obj
 0002:00002634       $unwind$__scrt_set_unhandled_exception_filter 000000014000b634     MSVCRTD:utility_desktop.obj
 0002:0000263c       $unwind$__scrt_fastfail    000000014000b63c     MSVCRTD:utility_desktop.obj
 0002:0000264c       $unwind$__scrt_unhandled_exception_filter 000000014000b64c     MSVCRTD:utility_desktop.obj
 0002:00002654       $unwind$_RTC_Initialize    000000014000b654     MSVCRTD:initsect.obj
 0002:00002664       $unwind$_RTC_Terminate     000000014000b664     MSVCRTD:initsect.obj
 0002:00002674       $unwind$ReadNoFence64      000000014000b674     MSVCRTD:guard_support.obj
 0002:0000267c       $unwind$ReadPointerNoFence 000000014000b67c     MSVCRTD:guard_support.obj
 0002:00002684       $unwind$_guard_icall_checks_enforced 000000014000b684     MSVCRTD:guard_support.obj
 0002:0000268c       $unwind$__castguard_compat_check 000000014000b68c     MSVCRTD:guard_support.obj
 0002:00002694       $unwind$__castguard_check_failure_os_handled_wrapper 000000014000b694     MSVCRTD:guard_support.obj
 0002:0000269c       $unwind$__castguard_check_failure_debugbreak 000000014000b69c     MSVCRTD:guard_support.obj
 0002:000026a4       $unwind$__castguard_check_failure_fastfail 000000014000b6a4     MSVCRTD:guard_support.obj
 0002:000026ac       $unwind$__castguard_check_failure_os_handled 000000014000b6ac     MSVCRTD:guard_support.obj
 0002:000026b4       $unwind$__castguard_slow_path_compat_check 000000014000b6b4     MSVCRTD:guard_support.obj
 0002:000026bc       $unwind$__castguard_slow_path_check_debugbreak 000000014000b6bc     MSVCRTD:guard_support.obj
 0002:000026c4       $unwind$__castguard_slow_path_check_fastfail 000000014000b6c4     MSVCRTD:guard_support.obj
 0002:000026cc       $unwind$__castguard_slow_path_check_os_handled 000000014000b6cc     MSVCRTD:guard_support.obj
 0002:000026d4       $unwind$_RTC_UninitUse     000000014000b6d4     MSVCRTD:error.obj
 0002:000026f0       $unwind$?_RTC_StackFailure@@YAXPEAXPEBD@Z 000000014000b6f0     MSVCRTD:error.obj
 0002:00002710       $unwind$?_RTC_AllocaFailure@@YAXPEAXPEAU_RTC_ALLOCA_NODE@@H@Z 000000014000b710     MSVCRTD:error.obj
 0002:0000272c       $chain$0$?_RTC_AllocaFailure@@YAXPEAXPEAU_RTC_ALLOCA_NODE@@H@Z 000000014000b72c     MSVCRTD:error.obj
 0002:00002744       $chain$1$?_RTC_AllocaFailure@@YAXPEAXPEAU_RTC_ALLOCA_NODE@@H@Z 000000014000b744     MSVCRTD:error.obj
 0002:00002758       $unwind$_vsprintf_s_l      000000014000b758     MSVCRTD:error.obj
 0002:00002770       $unwind$sprintf_s          000000014000b770     MSVCRTD:error.obj
 0002:00002778       $unwind$?notify_debugger@@YAXAEBUtagEXCEPTION_VISUALCPP_DEBUG_INFO@@@Z 000000014000b778     MSVCRTD:error.obj
 0002:0000279c       $unwind$?filt$0@?0??notify_debugger@@YAXAEBUtagEXCEPTION_VISUALCPP_DEBUG_INFO@@@Z@4HA 000000014000b79c     MSVCRTD:error.obj
 0002:000027a4       $unwind$?DebuggerProbe@@YA_NK@Z 000000014000b7a4     MSVCRTD:error.obj
 0002:000027ac       $unwind$?DebuggerRuntime@@YA_NKHPEAXPEB_W@Z 000000014000b7ac     MSVCRTD:error.obj
 0002:000027b4       $unwind$?failwithmessage@@YAXPEAXHHPEBD@Z 000000014000b7b4     MSVCRTD:error.obj
 0002:000027dc       $unwind$?_getMemBlockDataString@@YAXPEAD0PEBD_K@Z 000000014000b7dc     MSVCRTD:error.obj
 0002:000027f0       $chain$3$?_getMemBlockDataString@@YAXPEAD0PEBD_K@Z 000000014000b7f0     MSVCRTD:error.obj
 0002:00002814       $chain$4$?_getMemBlockDataString@@YAXPEAD0PEBD_K@Z 000000014000b814     MSVCRTD:error.obj
 0002:00002828       $unwind$__isa_available_init 000000014000b828     MSVCRTD:cpu_disp.obj
 0002:0000283c       $unwind$__scrt_is_ucrt_dll_in_use 000000014000b83c     MSVCRTD:ucrt_detection.obj
 0002:00002848       $xdatasym                  000000014000b848     MSVCRTD:guard_dispatch.obj
 0002:00002850       $xdatasym                  000000014000b850     MSVCRTD:guard_xfg_dispatch.obj
 0002:00002854       $unwind$?_RTC_GetSrcLine@@YAHPEAEPEA_WKPEAH1K@Z 000000014000b854     MSVCRTD:pdblkup.obj
 0002:00002870       $unwind$?GetPdbDllFromInstallPath@@YAPEAUHINSTANCE__@@XZ 000000014000b870     MSVCRTD:pdblkup.obj
 0002:00002898       $unwind$?GetPdbDllPathFromFilePath@@YAHPEB_WPEA_W_K@Z 000000014000b898     MSVCRTD:pdblkup.obj
 0002:000028b4       $unwind$?GetPdbDll@@YAPEAUHINSTANCE__@@XZ 000000014000b8b4     MSVCRTD:pdblkup.obj
 0002:000028c8       $unwind$__GSHandlerCheckCommon 000000014000b8c8     MSVCRTD:gshandler.obj
 0002:000028d0       $unwind$__GSHandlerCheck   000000014000b8d0     MSVCRTD:gshandler.obj
 0002:000028d8       $xdatasym                  000000014000b8d8     MSVCRTD:amdsecgs.obj
 0002:000028dc       $unwind$__report_securityfailure 000000014000b8dc     MSVCRTD:gs_report.obj
 0002:000028e4       $unwind$__report_securityfailureEx 000000014000b8e4     MSVCRTD:gs_report.obj
 0002:000028ec       $unwind$__report_rangecheckfailure 000000014000b8ec     MSVCRTD:gs_report.obj
 0002:000028f4       $unwind$__report_gsfailure 000000014000b8f4     MSVCRTD:gs_report.obj
 0002:000028fc       $unwind$capture_current_context 000000014000b8fc     MSVCRTD:gs_report.obj
 0002:00002904       $unwind$capture_previous_context 000000014000b904     MSVCRTD:gs_report.obj
 0002:0000290c       $unwind$__raise_securityfailure 000000014000b90c     MSVCRTD:gs_report.obj
 0003:00000170       ?init@?1??_RTC_InitBase@@9@4_NA 000000014000c170     MSVCRTD:init.obj
 0003:00000178       ?_RTC_ErrorReportFunc@@3P6AHHPEBDH00ZZEA 000000014000c178     MSVCRTD:userapi.obj
 0003:00000180       ?_RTC_ErrorReportFuncW@@3P6AHHPEB_WH00ZZEA 000000014000c180     MSVCRTD:userapi.obj
 0003:000001a0       ?is_initialized_as_dll@@3_NA 000000014000c1a0     MSVCRTD:utility.obj
 0003:000001a1       ?module_local_atexit_table_initialized@@3_NA 000000014000c1a1     MSVCRTD:utility.obj
 0003:000001a8       ?module_local_atexit_table@@3U_onexit_table_t@@A 000000014000c1a8     MSVCRTD:utility.obj
 0003:000001c0       ?module_local_at_quick_exit_table@@3U_onexit_table_t@@A 000000014000c1c0     MSVCRTD:utility.obj
 0003:00000230       ?mspdb@@3PEAUHINSTANCE__@@EA 000000014000c230     MSVCRTD:pdblkup.obj
 0003:00000239       ?alreadyTried@?1??GetPdbDll@@YAPEAUHINSTANCE__@@XZ@4_NA 000000014000c239     MSVCRTD:pdblkup.obj
 0003:0000023a       ?PDBOK@?1??_RTC_GetSrcLine@@YAHPEAEPEA_WKPEAH1K@Z@4_NA 000000014000c23a     MSVCRTD:pdblkup.obj
 0003:00000240       GS_ExceptionRecord         000000014000c240     MSVCRTD:gs_report.obj
 0003:000002e0       GS_ContextRecord           000000014000c2e0     MSVCRTD:gs_report.obj
 0005:0000084a       .idata$6                   000000014000e84a     vcruntimed:VCRUNTIME140D.dll
 0005:00000ad0       .idata$6                   000000014000ead0     ucrtd:ucrtbased.dll
 0005:00000cf6       .idata$6                   000000014000ecf6     kernel32:KERNEL32.dll
 0007:00000170       $R000000                   0000000140010170     manifest.res
